o3-mini runs: 44
o3-mini input tokens: 132896
o3-mini output tokens: 94535
# of functions: 6
HLS runs: 46
Compile runs: 75
Time for c2hlsc:  1885846
Time for agent:  313842
Agent sequence:  ["python: '''", "python: '''", 'synthesis: AddRoundKey_hls 4, SubBytes_hls 2, ShiftRows_hls 1, xtime 0, MixColumns_hls 0, Cipher_hls 0', 'synthesis: AddRoundKey_hls 3, SubBytes_hls 2, ShiftRows_hls 1, xtime 0, MixColumns_hls 2, Cipher_hls 3', 'synthesis: AddRoundKey_hls 4, SubBytes_hls 0, ShiftRows_hls 1, xtime 0, MixColumns_hls 0, Cipher_hls 0', 'solution: AddRoundKey_hls 4, SubBytes_hls 0, ShiftRows_hls 1, xtime 0, MixColumns_hls 0, Cipher_hls 0']
Agent synthesis calls:  3
Agent python calls:  2
Agent profile calls:  0
Agent inspect calls:  0
Agent solution calls:  1
Seconds lost due to API down:  0
  Process          Real Operation(s) count Latency Throughput Reset Length II Comments 

  ---------------- ----------------------- ------- ---------- ------------ -- --------

  /Cipher_hls/core                     287     194        196            2  0          

  Design Total:                        287     194        196            2  0          

                    Post-Scheduling   Post-DP & FSM Post-Assignment 

  ----------------- --------------- --------------- ---------------

  Total Area Score:  10466.7          7454.9          4869.2        

  Total Reg:          3370.8  (32%)   2805.3  (38%)   2805.3  (58%) 

