o3-mini runs: 20
o3-mini input tokens: 24555
o3-mini output tokens: 50948
# of functions: 3
HLS runs: 21
Compile runs: 30
Time for c2hlsc:  1000040
Time for agent:  129516
Agent sequence:  ['synthesis: odd_factorial 0, even_sum 1, compute2 0', 'synthesis: odd_factorial 1, even_sum 1, compute2 0', 'inspect: odd_factorial 1, even_sum 1, compute2 0', "python: ''' ", 'solution: odd_factorial 4, even_sum 1, compute2 0']
Agent synthesis calls:  2
Agent python calls:  1
Agent profile calls:  0
Agent inspect calls:  1
Agent solution calls:  1
  Process        Real Operation(s) count Latency Throughput Reset Length II Comments 

  -------------- ----------------------- ------- ---------- ------------ -- --------

  /compute2/core                      17       3          4            0  0          

  Design Total:                       17       3          4            0  0          

                    Post-Scheduling   Post-DP & FSM Post-Assignment 

  ----------------- --------------- --------------- ---------------

  Total Area Score:   4448.8          7031.1          4137.1        

  Total Reg:          1008.7  (23%)    838.2  (12%)    838.2  (20%) 

