o3-mini runs: 29
o3-mini input tokens: 41560
o3-mini output tokens: 71680
# of functions: 4
HLS runs: 32
Compile runs: 40
Time for c2hlsc:  1572573
Time for agent:  598405
Agent sequence:  ['synthesis: fibonacci 0, odd_sum 1, even_sum 1, compute5 0', 'synthesis: fibonacci 0, odd_sum 0, even_sum 0, compute5 3', 'synthesis: fibonacci 0, odd_sum 0, even_sum 0, compute5 2', 'synthesis: fibonacci 0, odd_sum 2, even_sum 0, compute5 0', 'synthesis: fibonacci 0, odd_sum 0, even_sum 0, compute5 0', 'synthesis: fibonacci 0, odd_sum 1, even_sum 1, compute5 2', 'synthesis: fibonacci 0, odd_sum 0, even_sum 1, compute5 0', 'synthesis: fibonacci 0, odd_sum 1, even_sum 0, compute5 3', 'solution: fibonacci 0, odd_sum 1, even_sum 0, compute5 3']
Agent synthesis calls:  8
Agent python calls:  0
Agent profile calls:  0
Agent inspect calls:  0
Agent solution calls:  1
Seconds lost due to API down:  0
  Process        Real Operation(s) count Latency Throughput Reset Length II Comments 

  -------------- ----------------------- ------- ---------- ------------ -- --------

  /compute5/core                      60      38         42            0  0        ? 

  Design Total:                       60      38         42            0  0          

                    Post-Scheduling   Post-DP & FSM Post-Assignment 

  ----------------- --------------- --------------- ---------------

  Total Area Score:   7963.6          8229.2          6807.4        

  Total Reg:          3926.2  (49%)   2536.4  (31%)   2536.4  (37%) 

