o3-mini runs: 25
o3-mini input tokens: 33122
o3-mini output tokens: 67524
# of functions: 4
HLS runs: 27
Compile runs: 42
Time for c2hlsc:  1141666
Time for agent:  104264
Agent sequence:  ['synthesis: odd_factorial 0, fibonacci 0, even_sum 1, compute4 0', 'synthesis: odd_factorial 0, fibonacci 0, even_sum 1, compute4 0', 'inspect: odd_factorial 0, fibonacci 0, even_sum 1, compute4 0', 'solution: odd_factorial 0, fibonacci 0, even_sum 1, compute4 2']
Agent synthesis calls:  2
Agent python calls:  0
Agent profile calls:  0
Agent inspect calls:  1
Agent solution calls:  1
  Process        Real Operation(s) count Latency Throughput Reset Length II Comments 

  -------------- ----------------------- ------- ---------- ------------ -- --------

  /compute4/core                      41       6          7            0  0        ? 

  Design Total:                       41       6          7            0  0          

                    Post-Scheduling    Post-DP & FSM Post-Assignment 

  ----------------- --------------- ---------------- ---------------

  Total Area Score:   9684.5          12795.9          5401.9        

  Total Reg:          2445.1  (25%)    1264.1  (10%)   1264.1  (23%) 

