o3-mini runs: 59
o3-mini input tokens: 95674
o3-mini output tokens: 143288
# of functions: 6
HLS runs: 59
Compile runs: 102
Time for c2hlsc:  2004060
Time for agent:  1174606
Agent sequence:  ['synthesis: copyKey_hls 3, copyBlock_hls 3, generateRoundKeys80_hls 0, addRoundKey_hls 1, pLayer_hls 1, present80_encryptBlock_hls 1', 'synthesis: copyKey_hls 0, copyBlock_hls 0, generateRoundKeys80_hls 2, addRoundKey_hls 0, pLayer_hls 0, present80_encryptBlock_hls 1', 'synthesis: copyKey_hls 3, copyBlock_hls 3, generateRoundKeys80_hls 2, addRoundKey_hls 1, pLayer_hls 1, present80_encryptBlock_hls 1', "python: '''import itertools", 'synthesis: copyKey_hls 3, copyBlock_hls 3, generateRoundKeys80_hls 0, addRoundKey_hls 1, pLayer_hls 1, present80_encryptBlock_hls 2', 'solution: copyKey_hls 3, copyBlock_hls 3, generateRoundKeys80_hls 0, addRoundKey_hls 1, pLayer_hls 1, present80_encryptBlock_hls 1']
Agent synthesis calls:  4
Agent python calls:  1
Agent profile calls:  0
Agent inspect calls:  0
Agent solution calls:  1
Seconds lost due to API down:  0
  Process                          Real Operation(s) count Latency Throughput Reset Length II Comments 

  -------------------------------- ----------------------- ------- ---------- ------------ -- --------

  /present80_encryptBlock_hls/core                    3851    4514       4518            0  0          

  Design Total:                                       3851    4514       4518            0  0          

                     Post-Scheduling    Post-DP & FSM  Post-Assignment 

  ----------------- ---------------- ---------------- ----------------

  Total Area Score:   33559.1          38032.2          29583.9        

  Total Reg:           8701.4  (26%)   13338.7  (35%)   13338.7  (45%) 

