-- Catapult Ultra Synthesis: Report                                              
-- ------------------------- ---------------------------------------------------
-- Version:                  2023.1_2/1049935 Production Release                 
-- Build Date:               Sat Jun 10 10:53:51 PDT 2023                        
                                                                                 
-- Generated by:             ajh9498@hansolo.poly.edu                            
-- Generated date:           Fri Feb 28 18:44:46 EST 2025                        

Solution Settings: filter.v1
  Current state: schedule
  Project: Catapult_56

Design Input Files Specified
  $PROJECT_HOME/tmp_filter/filter_o3-mini_agent_13.c
    $PROJECT_HOME/include/ac_float.h
      $PROJECT_HOME/include/ac_fixed.h
        $PROJECT_HOME/include/ac_int.h

Processes/Blocks in Design
  Process       Real Operation(s) count Latency Throughput Reset Length II Comments 
  ------------- ----------------------- ------- ---------- ------------ -- --------
  /filter/core                       37      11         12            0  0          
  Design Total:                      37      11         12            0  0          
  
Clock Information
  Clock Signal Edge   Period Sharing Alloc (%) Uncertainty Used by Processes/Blocks 
  ------------ ------ ------ ----------------- ----------- ------------------------
  clk          rising 20.000             20.00    0.000000 /filter/core             
  
I/O Data Ranges
  Port                 Mode DeclType DeclWidth DeclRange ActType ActWidth ActRange 
  -------------------- ---- -------- --------- --------- ------- -------- --------
  clk                  IN   Unsigned         1                                     
  rst_n                IN   Unsigned         1                                     
  input:rsc.dat        IN   Unsigned        32                                     
  input.triosy.lz      OUT  Unsigned         1                                     
  fir_output:rsc.dat   OUT  Unsigned        32                                     
  fir_output.triosy.lz OUT  Unsigned         1                                     
  iir_output:rsc.dat   OUT  Unsigned        32                                     
  iir_output.triosy.lz OUT  Unsigned         1                                     
  
Memory Resources
  Resource Name: /filter/input:rsc
    Memory Component: ccs_in                       Size:         1 x 32
    External:         true                         Packing Mode: sidebyside
    Memory Map:
    Variable      Indices Phys Memory Address     
    ------------- ------- -----------------------
    /filter/input    0:31 00000000-00000000 (0-0) 
    
  Resource Name: /filter/fir_output:rsc
    Memory Component: ccs_out                      Size:         1 x 32
    External:         true                         Packing Mode: sidebyside
    Memory Map:
    Variable           Indices Phys Memory Address     
    ------------------ ------- -----------------------
    /filter/fir_output    0:31 00000000-00000000 (0-0) 
    
  Resource Name: /filter/iir_output:rsc
    Memory Component: ccs_out                      Size:         1 x 32
    External:         true                         Packing Mode: sidebyside
    Memory Map:
    Variable           Indices Phys Memory Address     
    ------------------ ------- -----------------------
    /filter/iir_output    0:31 00000000-00000000 (0-0) 
    
C++ to Interface Mappings
  C++ Field Interface Range Range Expression Expression Limits 
  --------- --------------- ---------------- -----------------
  
Multi-Cycle (Combinational) Component Usage
  Instance Component Name Cycles 
  -------- -------------- ------
  
Loops
  Process      Loop             Iterations C-Steps Total Cycles   Duration  Unroll Init Comments 
  ------------ ---------------- ---------- ------- ------------- ---------- ------ ---- --------
  /filter/core core:rlp           Infinite       0           12  240.00 ns                       
  /filter/core  main              Infinite       3           12  240.00 ns                       
  /filter/core   fir:for                 4       1            4   80.00 ns                       
  /filter/core   fir:for#1               5       1            5  100.00 ns                       
  
Loop Execution Profile
  Process      Loop             Total Cycles % of Overall Design Cycles Throughput Cycles Comments 
  ------------ ---------------- ------------ -------------------------- ----------------- --------
  /filter/core core:rlp                   0                        0.00               12           
  /filter/core  main                      3                       25.00               12           
  /filter/core   fir:for                  4                       33.33                4           
  /filter/core   fir:for#1                5                       41.67                5           
  
End of Report
