-- Catapult Ultra Synthesis: Report                                              
-- ------------------------- ---------------------------------------------------
-- Version:                  2023.1_2/1049935 Production Release                 
-- Build Date:               Sat Jun 10 10:53:51 PDT 2023                        
                                                                                 
-- Generated by:             ajh9498@hansolo.poly.edu                            
-- Generated date:           Fri Feb 28 18:44:51 EST 2025                        

Solution Settings: filter.v1
  Current state: extract
  Project: Catapult_56

Design Input Files Specified
  $PROJECT_HOME/tmp_filter/filter_o3-mini_agent_13.c
    $PROJECT_HOME/include/ac_float.h
      $PROJECT_HOME/include/ac_fixed.h
        $PROJECT_HOME/include/ac_int.h

Processes/Blocks in Design
  Process       Real Operation(s) count Latency Throughput Reset Length II Comments 
  ------------- ----------------------- ------- ---------- ------------ -- --------
  /filter/core                       37      11         12            0  0          
  Design Total:                      37      11         12            0  0          
  
Bill Of Materials (Datapath)
  Component Name                 Area Score Area(Combinational)  AreaSeq Delay Post Alloc Post Assign 
  ------------------------------ ---------- ------------------- -------- ----- ---------- -----------
  [Lib: VIRTUAL]                                                                                      
  mgc_rom_0(2,8)                      6.118               0.000    0.000 0.186          1           1 
  [Lib: ccs_ioport]                                                                                   
  ccs_in(1,32)                        0.000               0.000    0.000 0.000          1           1 
  ccs_out(2,32)                       0.000               0.000    0.000 0.000          1           1 
  ccs_out(3,32)                       0.000               0.000    0.000 0.000          1           1 
  [Lib: mgc_ioport]                                                                                   
  mgc_io_sync(0)                      0.000               0.000    0.000 0.000          3           3 
  [Lib: nangate-45nm_beh]                                                                             
  mgc_add(2,0,1,1,2,6)               10.110               0.000    0.000 0.064          1           1 
  mgc_add(3,0,1,0,3,7)                9.576               0.000    0.000 0.218          0           1 
  mgc_add(3,0,2,1,3,7)               14.963               0.000    0.000 0.308          1           0 
  mgc_add(31,0,31,0,31,7)           131.936              90.175    0.000 2.271          0           1 
  mgc_add(32,0,32,0,32,7)           136.192              95.813    0.000 2.343          7           6 
  mgc_add_msb(3,0,1,0,3,4)            4.522               0.000    0.000 0.074          0           1 
  mgc_add_msb(3,0,2,1,3,6)            7.778               0.000    0.000 0.177          1           0 
  mgc_add_msb(4,0,3,0,4,5)            7.847               0.000    0.000 0.157          1           1 
  mgc_and(1,2,4)                      1.064               0.000    0.000 0.077          0           3 
  mgc_and(1,3,4)                      1.330               0.000    0.000 0.084          0           1 
  mgc_and(2,2,4)                      2.128               0.012    0.000 0.077          0           1 
  mgc_and(3,2,4)                      3.192               1.314    0.000 0.077          0           1 
  mgc_and(32,2,4)                    34.048              49.912    0.000 0.077          0           1 
  mgc_mul(2,0,32,0,32,7)            207.260             200.259    0.000 2.577          1           1 
  mgc_mux(32,1,2,5)                  59.584              76.931    0.000 0.156          4           2 
  mgc_mux(32,2,4,5)                 125.366             155.326    0.000 0.411          1           1 
  mgc_mux(32,3,8,5)                 243.333             311.001    0.000 0.366          1           1 
  mgc_mux1hot(32,3,4)                85.651             128.485    0.000 0.125          0           1 
  mgc_nor(1,3,4)                      1.064               0.000    0.000 0.132          0           3 
  mgc_not(1,1)                        0.532               0.532    0.000 0.039          0          14 
  mgc_not(2,1)                        1.064               0.709    0.000 0.039          0           1 
  mgc_not(32,1)                      17.024              61.003    0.000 0.039          0           1 
  mgc_or(1,2,2)                       1.064               0.616    0.000 0.078          0           2 
  mgc_or(1,4,4)                       1.596               0.000    0.000 0.118          0           1 
  mgc_reg_pos(1,0,0,1,0,0,0,1)        6.384               1.862    4.522 0.106          0           2 
  mgc_reg_pos(2,0,0,1,0,0,0,1)       12.768               3.724    9.044 0.106          0           1 
  mgc_reg_pos(3,0,0,1,0,0,0,1)       19.152               5.586   13.566 0.106          0           1 
  mgc_reg_pos(32,0,0,1,0,1,1,1)     204.288              59.584  144.704 0.106          0          15 
  mgc_xnor(1,2,4)                     1.596               0.000    0.000 0.000          0           1 
                                                                                                      
  TOTAL AREA (After Assignment):   4954.986            2642.000 2202.000                              
  
Area Scores
                    Post-Scheduling   Post-DP & FSM Post-Assignment 
  ----------------- --------------- --------------- ---------------
  Total Area Score:   5523.6          5370.3          4984.5        
  Total Reg:          3709.1  (67%)   3135.0  (58%)   3135.0  (63%) 
                                                                    
  DataPath:           5523.6 (100%)   5341.3  (99%)   4955.0  (99%) 
    MUX:               607.0  (11%)    815.0  (15%)    573.5  (12%) 
    FUNC:             1207.4  (22%)   1333.2  (25%)   1188.4  (24%) 
    LOGIC:               0.0            77.9   (1%)     77.9   (2%) 
    BUFFER:              0.0             0.0             0.0        
    MEM:                 0.0             0.0             0.0        
    ROM:                 0.0             6.1   (0%)      6.1   (0%) 
    REG:              3709.1  (67%)   3109.0  (58%)   3109.0  (63%) 
                                                                    
  
  FSM:                   0.0            29.0   (1%)     29.5   (1%) 
    FSM-REG:             0.0            26.0  (90%)     26.0  (88%) 
    FSM-COMB:            0.0             3.0  (10%)      3.5  (12%) 
                                                                    
  
  
  (MUX = multiplexers; FUNC = datapath logic (e.g. add/mult); LOGIC = control logic)

Register-to-Variable Mappings
  Register                          Size(bits) Gated Register CG Opt Done Variables                                             
  --------------------------------- ---------- -------------- ----------- -----------------------------------------------------
  fir:acc.sva                               32         Y           Y      fir:acc.sva                                           
                                                                          iir:feedforward:asn#1.itm                             
                                                                          fir:delay_lane(0).sva                                 
  fir:delay_lane(1).lpi#2                   32         Y           Y      fir:delay_lane(1).lpi#2                               
                                                                          fir:delay_lane(1).sva                                 
                                                                          fir:delay_lane(1).sva#1                               
  fir:delay_lane(2).lpi#2                   32         Y           Y      fir:delay_lane(2).lpi#2                               
                                                                          fir:delay_lane(2).sva                                 
                                                                          fir:delay_lane(2).sva#1                               
  fir:delay_lane(3).lpi#2                   32         Y           Y      fir:delay_lane(3).lpi#2                               
                                                                          fir:delay_lane(3).sva                                 
                                                                          fir:delay_lane(3).sva#1                               
  fir:delay_lane(4).lpi#2                   32         Y           Y      fir:delay_lane(4).lpi#2                               
                                                                          fir:delay_lane(4).sva#1                               
  fir_output:rsci.idat                      32         Y           Y      fir_output:rsci.idat                                  
  iir:in_d0.sva                             32         Y           Y      iir:in_d0.sva                                         
  iir:in_d1.sva                             32         Y           Y      iir:in_d1.sva                                         
  iir:in_d2.sva                             32         Y           Y      iir:in_d2.sva                                         
  iir:in_d3.sva                             32         Y           Y      iir:in_d3.sva                                         
  iir:out_d0.sva                            32         Y           Y      iir:out_d0.sva                                        
                                                                          out_d2:asn.itm                                        
  iir:out_d1.sva                            32         Y           Y      iir:out_d1.sva                                        
  iir:out_d2.sva                            32         Y           Y      iir:out_d2.sva                                        
  iir_output:rsci.idat                      32         Y           Y      iir_output:rsci.idat                                  
  input.sva                                 32         Y           Y      input.sva                                             
  fir:for#1:j(2:0).sva                       3                            fir:for#1:j(2:0).sva                                  
  fir:for:i(1:0).sva                         2                            fir:for:i(1:0).sva                                    
  iir_output.triosy:obj.ld                   1                            iir_output.triosy:obj.ld                              
  reg(fir_output.triosy:obj.ld).cse          1                            reg(fir_output.triosy:obj.ld).cse                     
                                                                                                                                
  Total:                                   487            480         480 (Total Gating Ratio: 0.99, CG Opt Gating Ratio: 0.99) 
  
Timing Report
  Critical Path
    Max Delay:  10.391055000000001
    Slack:      9.608944999999999
    
    Path                                       Startpoint                         Endpoint                              Delay   Slack   
    ------------------------------------------ ---------------------------------- ------------------------------------- ------- -------
    1                                          filter:core/reg(input)             filter:core/reg(iir:out_d0)           10.3911 9.6089  
                                                                                                                                        
      Instance                                 Component                                                                Delta   Delay   
      --------                                 ---------                                                                -----   -----   
      filter:core/reg(input)                   mgc_reg_pos_32_0_0_1_0_1_1_1                                             0.1060  0.1060  
      filter:core/input.sva                                                                                             0.0000  0.1060  
      filter:core/fir:for#1:mux                mgc_mux_32_3_8_5                                                         0.3662  0.4722  
      filter:core/fir:for#1:mux.itm                                                                                     0.0000  0.4722  
      filter:core/fir:for#1:mul                mgc_mul_2_0_32_0_32_7                                                    2.5773  3.0496  
      filter:core/fir:for#1:mul.itm                                                                                     0.0000  3.0496  
      filter:core/iir:feedforward:mux          mgc_mux_32_1_2_5                                                         0.1564  3.2060  
      filter:core/iir:feedforward:mux.itm                                                                               0.0000  3.2060  
      filter:core/fir:for#1:acc#1:rg           mgc_addc_32_0_32_0_32_7                                                  2.3429  5.5489  
      filter:core/z.out                                                                                                 0.0000  5.5489  
      filter:core/iir:feedforward:acc#8        mgc_addc_32_0_32_0_32_7                                                  2.3429  7.8918  
      filter:core/iir:feedforward:acc#8.itm                                                                             0.0000  7.8918  
      filter:core/iir:iir:acc#1                mgc_addc_32_0_32_0_32_7                                                  2.3429  10.2346 
      filter:core/iir:iir:acc#1.ncse.sva:mx0w0                                                                          0.0000  10.2346 
      filter:core/out_d2:out_d2:mux            mgc_mux_32_1_2_5                                                         0.1564  10.3911 
      filter:core/out_d2:out_d2:mux.itm                                                                                 0.0000  10.3911 
      filter:core/reg(iir:out_d0)              mgc_reg_pos_32_0_0_1_0_1_1_1                                             0.0000  10.3911 
                                                                                                                                        
    2                                          filter:core/reg(fir:delay_lane(1)) filter:core/reg(iir:out_d0)           10.3911 9.6089  
                                                                                                                                        
      Instance                                 Component                                                                Delta   Delay   
      --------                                 ---------                                                                -----   -----   
      filter:core/reg(fir:delay_lane(1))       mgc_reg_pos_32_0_0_1_0_1_1_1                                             0.1060  0.1060  
      filter:core/fir:delay_lane(1).lpi#2                                                                               0.0000  0.1060  
      filter:core/fir:for#1:mux                mgc_mux_32_3_8_5                                                         0.3662  0.4722  
      filter:core/fir:for#1:mux.itm                                                                                     0.0000  0.4722  
      filter:core/fir:for#1:mul                mgc_mul_2_0_32_0_32_7                                                    2.5773  3.0496  
      filter:core/fir:for#1:mul.itm                                                                                     0.0000  3.0496  
      filter:core/iir:feedforward:mux          mgc_mux_32_1_2_5                                                         0.1564  3.2060  
      filter:core/iir:feedforward:mux.itm                                                                               0.0000  3.2060  
      filter:core/fir:for#1:acc#1:rg           mgc_addc_32_0_32_0_32_7                                                  2.3429  5.5489  
      filter:core/z.out                                                                                                 0.0000  5.5489  
      filter:core/iir:feedforward:acc#8        mgc_addc_32_0_32_0_32_7                                                  2.3429  7.8918  
      filter:core/iir:feedforward:acc#8.itm                                                                             0.0000  7.8918  
      filter:core/iir:iir:acc#1                mgc_addc_32_0_32_0_32_7                                                  2.3429  10.2346 
      filter:core/iir:iir:acc#1.ncse.sva:mx0w0                                                                          0.0000  10.2346 
      filter:core/out_d2:out_d2:mux            mgc_mux_32_1_2_5                                                         0.1564  10.3911 
      filter:core/out_d2:out_d2:mux.itm                                                                                 0.0000  10.3911 
      filter:core/reg(iir:out_d0)              mgc_reg_pos_32_0_0_1_0_1_1_1                                             0.0000  10.3911 
                                                                                                                                        
    3                                          filter:core/reg(fir:delay_lane(2)) filter:core/reg(iir:out_d0)           10.3911 9.6089  
                                                                                                                                        
      Instance                                 Component                                                                Delta   Delay   
      --------                                 ---------                                                                -----   -----   
      filter:core/reg(fir:delay_lane(2))       mgc_reg_pos_32_0_0_1_0_1_1_1                                             0.1060  0.1060  
      filter:core/fir:delay_lane(2).lpi#2                                                                               0.0000  0.1060  
      filter:core/fir:for#1:mux                mgc_mux_32_3_8_5                                                         0.3662  0.4722  
      filter:core/fir:for#1:mux.itm                                                                                     0.0000  0.4722  
      filter:core/fir:for#1:mul                mgc_mul_2_0_32_0_32_7                                                    2.5773  3.0496  
      filter:core/fir:for#1:mul.itm                                                                                     0.0000  3.0496  
      filter:core/iir:feedforward:mux          mgc_mux_32_1_2_5                                                         0.1564  3.2060  
      filter:core/iir:feedforward:mux.itm                                                                               0.0000  3.2060  
      filter:core/fir:for#1:acc#1:rg           mgc_addc_32_0_32_0_32_7                                                  2.3429  5.5489  
      filter:core/z.out                                                                                                 0.0000  5.5489  
      filter:core/iir:feedforward:acc#8        mgc_addc_32_0_32_0_32_7                                                  2.3429  7.8918  
      filter:core/iir:feedforward:acc#8.itm                                                                             0.0000  7.8918  
      filter:core/iir:iir:acc#1                mgc_addc_32_0_32_0_32_7                                                  2.3429  10.2346 
      filter:core/iir:iir:acc#1.ncse.sva:mx0w0                                                                          0.0000  10.2346 
      filter:core/out_d2:out_d2:mux            mgc_mux_32_1_2_5                                                         0.1564  10.3911 
      filter:core/out_d2:out_d2:mux.itm                                                                                 0.0000  10.3911 
      filter:core/reg(iir:out_d0)              mgc_reg_pos_32_0_0_1_0_1_1_1                                             0.0000  10.3911 
                                                                                                                                        
    4                                          filter:core/reg(fir:delay_lane(3)) filter:core/reg(iir:out_d0)           10.3911 9.6089  
                                                                                                                                        
      Instance                                 Component                                                                Delta   Delay   
      --------                                 ---------                                                                -----   -----   
      filter:core/reg(fir:delay_lane(3))       mgc_reg_pos_32_0_0_1_0_1_1_1                                             0.1060  0.1060  
      filter:core/fir:delay_lane(3).lpi#2                                                                               0.0000  0.1060  
      filter:core/fir:for#1:mux                mgc_mux_32_3_8_5                                                         0.3662  0.4722  
      filter:core/fir:for#1:mux.itm                                                                                     0.0000  0.4722  
      filter:core/fir:for#1:mul                mgc_mul_2_0_32_0_32_7                                                    2.5773  3.0496  
      filter:core/fir:for#1:mul.itm                                                                                     0.0000  3.0496  
      filter:core/iir:feedforward:mux          mgc_mux_32_1_2_5                                                         0.1564  3.2060  
      filter:core/iir:feedforward:mux.itm                                                                               0.0000  3.2060  
      filter:core/fir:for#1:acc#1:rg           mgc_addc_32_0_32_0_32_7                                                  2.3429  5.5489  
      filter:core/z.out                                                                                                 0.0000  5.5489  
      filter:core/iir:feedforward:acc#8        mgc_addc_32_0_32_0_32_7                                                  2.3429  7.8918  
      filter:core/iir:feedforward:acc#8.itm                                                                             0.0000  7.8918  
      filter:core/iir:iir:acc#1                mgc_addc_32_0_32_0_32_7                                                  2.3429  10.2346 
      filter:core/iir:iir:acc#1.ncse.sva:mx0w0                                                                          0.0000  10.2346 
      filter:core/out_d2:out_d2:mux            mgc_mux_32_1_2_5                                                         0.1564  10.3911 
      filter:core/out_d2:out_d2:mux.itm                                                                                 0.0000  10.3911 
      filter:core/reg(iir:out_d0)              mgc_reg_pos_32_0_0_1_0_1_1_1                                             0.0000  10.3911 
                                                                                                                                        
    5                                          filter:core/reg(fir:for#1:j(2:0))  filter:core/reg(iir:out_d0)           10.3911 9.6089  
                                                                                                                                        
      Instance                                 Component                                                                Delta   Delay   
      --------                                 ---------                                                                -----   -----   
      filter:core/reg(fir:for#1:j(2:0))        mgc_reg_pos_3_0_0_1_0_0_0_1                                              0.1060  0.1060  
      filter:core/fir:for#1:j(2:0).sva                                                                                  0.0000  0.1060  
      filter:core/fir:for#1:mux                mgc_mux_32_3_8_5                                                         0.3662  0.4722  
      filter:core/fir:for#1:mux.itm                                                                                     0.0000  0.4722  
      filter:core/fir:for#1:mul                mgc_mul_2_0_32_0_32_7                                                    2.5773  3.0496  
      filter:core/fir:for#1:mul.itm                                                                                     0.0000  3.0496  
      filter:core/iir:feedforward:mux          mgc_mux_32_1_2_5                                                         0.1564  3.2060  
      filter:core/iir:feedforward:mux.itm                                                                               0.0000  3.2060  
      filter:core/fir:for#1:acc#1:rg           mgc_addc_32_0_32_0_32_7                                                  2.3429  5.5489  
      filter:core/z.out                                                                                                 0.0000  5.5489  
      filter:core/iir:feedforward:acc#8        mgc_addc_32_0_32_0_32_7                                                  2.3429  7.8918  
      filter:core/iir:feedforward:acc#8.itm                                                                             0.0000  7.8918  
      filter:core/iir:iir:acc#1                mgc_addc_32_0_32_0_32_7                                                  2.3429  10.2346 
      filter:core/iir:iir:acc#1.ncse.sva:mx0w0                                                                          0.0000  10.2346 
      filter:core/out_d2:out_d2:mux            mgc_mux_32_1_2_5                                                         0.1564  10.3911 
      filter:core/out_d2:out_d2:mux.itm                                                                                 0.0000  10.3911 
      filter:core/reg(iir:out_d0)              mgc_reg_pos_32_0_0_1_0_1_1_1                                             0.0000  10.3911 
                                                                                                                                        
    6                                          filter:core/reg(fir:delay_lane(4)) filter:core/reg(iir:out_d0)           10.3911 9.6089  
                                                                                                                                        
      Instance                                 Component                                                                Delta   Delay   
      --------                                 ---------                                                                -----   -----   
      filter:core/reg(fir:delay_lane(4))       mgc_reg_pos_32_0_0_1_0_1_1_1                                             0.1060  0.1060  
      filter:core/fir:delay_lane(4).lpi#2                                                                               0.0000  0.1060  
      filter:core/fir:for#1:mux                mgc_mux_32_3_8_5                                                         0.3662  0.4722  
      filter:core/fir:for#1:mux.itm                                                                                     0.0000  0.4722  
      filter:core/fir:for#1:mul                mgc_mul_2_0_32_0_32_7                                                    2.5773  3.0496  
      filter:core/fir:for#1:mul.itm                                                                                     0.0000  3.0496  
      filter:core/iir:feedforward:mux          mgc_mux_32_1_2_5                                                         0.1564  3.2060  
      filter:core/iir:feedforward:mux.itm                                                                               0.0000  3.2060  
      filter:core/fir:for#1:acc#1:rg           mgc_addc_32_0_32_0_32_7                                                  2.3429  5.5489  
      filter:core/z.out                                                                                                 0.0000  5.5489  
      filter:core/iir:feedforward:acc#8        mgc_addc_32_0_32_0_32_7                                                  2.3429  7.8918  
      filter:core/iir:feedforward:acc#8.itm                                                                             0.0000  7.8918  
      filter:core/iir:iir:acc#1                mgc_addc_32_0_32_0_32_7                                                  2.3429  10.2346 
      filter:core/iir:iir:acc#1.ncse.sva:mx0w0                                                                          0.0000  10.2346 
      filter:core/out_d2:out_d2:mux            mgc_mux_32_1_2_5                                                         0.1564  10.3911 
      filter:core/out_d2:out_d2:mux.itm                                                                                 0.0000  10.3911 
      filter:core/reg(iir:out_d0)              mgc_reg_pos_32_0_0_1_0_1_1_1                                             0.0000  10.3911 
                                                                                                                                        
    7                                          filter:core/reg(input)             filter:core/reg(iir_output:rsci.idat) 10.2346 9.7654  
                                                                                                                                        
      Instance                                 Component                                                                Delta   Delay   
      --------                                 ---------                                                                -----   -----   
      filter:core/reg(input)                   mgc_reg_pos_32_0_0_1_0_1_1_1                                             0.1060  0.1060  
      filter:core/input.sva                                                                                             0.0000  0.1060  
      filter:core/fir:for#1:mux                mgc_mux_32_3_8_5                                                         0.3662  0.4722  
      filter:core/fir:for#1:mux.itm                                                                                     0.0000  0.4722  
      filter:core/fir:for#1:mul                mgc_mul_2_0_32_0_32_7                                                    2.5773  3.0496  
      filter:core/fir:for#1:mul.itm                                                                                     0.0000  3.0496  
      filter:core/iir:feedforward:mux          mgc_mux_32_1_2_5                                                         0.1564  3.2060  
      filter:core/iir:feedforward:mux.itm                                                                               0.0000  3.2060  
      filter:core/fir:for#1:acc#1:rg           mgc_addc_32_0_32_0_32_7                                                  2.3429  5.5489  
      filter:core/z.out                                                                                                 0.0000  5.5489  
      filter:core/iir:feedforward:acc#8        mgc_addc_32_0_32_0_32_7                                                  2.3429  7.8918  
      filter:core/iir:feedforward:acc#8.itm                                                                             0.0000  7.8918  
      filter:core/iir:iir:acc#1                mgc_addc_32_0_32_0_32_7                                                  2.3429  10.2346 
      filter:core/iir:iir:acc#1.ncse.sva:mx0w0                                                                          0.0000  10.2346 
      filter:core/reg(iir_output:rsci.idat)    mgc_reg_pos_32_0_0_1_0_1_1_1                                             0.0000  10.2346 
                                                                                                                                        
    8                                          filter:core/reg(fir:delay_lane(1)) filter:core/reg(iir_output:rsci.idat) 10.2346 9.7654  
                                                                                                                                        
      Instance                                 Component                                                                Delta   Delay   
      --------                                 ---------                                                                -----   -----   
      filter:core/reg(fir:delay_lane(1))       mgc_reg_pos_32_0_0_1_0_1_1_1                                             0.1060  0.1060  
      filter:core/fir:delay_lane(1).lpi#2                                                                               0.0000  0.1060  
      filter:core/fir:for#1:mux                mgc_mux_32_3_8_5                                                         0.3662  0.4722  
      filter:core/fir:for#1:mux.itm                                                                                     0.0000  0.4722  
      filter:core/fir:for#1:mul                mgc_mul_2_0_32_0_32_7                                                    2.5773  3.0496  
      filter:core/fir:for#1:mul.itm                                                                                     0.0000  3.0496  
      filter:core/iir:feedforward:mux          mgc_mux_32_1_2_5                                                         0.1564  3.2060  
      filter:core/iir:feedforward:mux.itm                                                                               0.0000  3.2060  
      filter:core/fir:for#1:acc#1:rg           mgc_addc_32_0_32_0_32_7                                                  2.3429  5.5489  
      filter:core/z.out                                                                                                 0.0000  5.5489  
      filter:core/iir:feedforward:acc#8        mgc_addc_32_0_32_0_32_7                                                  2.3429  7.8918  
      filter:core/iir:feedforward:acc#8.itm                                                                             0.0000  7.8918  
      filter:core/iir:iir:acc#1                mgc_addc_32_0_32_0_32_7                                                  2.3429  10.2346 
      filter:core/iir:iir:acc#1.ncse.sva:mx0w0                                                                          0.0000  10.2346 
      filter:core/reg(iir_output:rsci.idat)    mgc_reg_pos_32_0_0_1_0_1_1_1                                             0.0000  10.2346 
                                                                                                                                        
    9                                          filter:core/reg(fir:delay_lane(2)) filter:core/reg(iir_output:rsci.idat) 10.2346 9.7654  
                                                                                                                                        
      Instance                                 Component                                                                Delta   Delay   
      --------                                 ---------                                                                -----   -----   
      filter:core/reg(fir:delay_lane(2))       mgc_reg_pos_32_0_0_1_0_1_1_1                                             0.1060  0.1060  
      filter:core/fir:delay_lane(2).lpi#2                                                                               0.0000  0.1060  
      filter:core/fir:for#1:mux                mgc_mux_32_3_8_5                                                         0.3662  0.4722  
      filter:core/fir:for#1:mux.itm                                                                                     0.0000  0.4722  
      filter:core/fir:for#1:mul                mgc_mul_2_0_32_0_32_7                                                    2.5773  3.0496  
      filter:core/fir:for#1:mul.itm                                                                                     0.0000  3.0496  
      filter:core/iir:feedforward:mux          mgc_mux_32_1_2_5                                                         0.1564  3.2060  
      filter:core/iir:feedforward:mux.itm                                                                               0.0000  3.2060  
      filter:core/fir:for#1:acc#1:rg           mgc_addc_32_0_32_0_32_7                                                  2.3429  5.5489  
      filter:core/z.out                                                                                                 0.0000  5.5489  
      filter:core/iir:feedforward:acc#8        mgc_addc_32_0_32_0_32_7                                                  2.3429  7.8918  
      filter:core/iir:feedforward:acc#8.itm                                                                             0.0000  7.8918  
      filter:core/iir:iir:acc#1                mgc_addc_32_0_32_0_32_7                                                  2.3429  10.2346 
      filter:core/iir:iir:acc#1.ncse.sva:mx0w0                                                                          0.0000  10.2346 
      filter:core/reg(iir_output:rsci.idat)    mgc_reg_pos_32_0_0_1_0_1_1_1                                             0.0000  10.2346 
                                                                                                                                        
    10                                         filter:core/reg(fir:delay_lane(3)) filter:core/reg(iir_output:rsci.idat) 10.2346 9.7654  
                                                                                                                                        
      Instance                                 Component                                                                Delta   Delay   
      --------                                 ---------                                                                -----   -----   
      filter:core/reg(fir:delay_lane(3))       mgc_reg_pos_32_0_0_1_0_1_1_1                                             0.1060  0.1060  
      filter:core/fir:delay_lane(3).lpi#2                                                                               0.0000  0.1060  
      filter:core/fir:for#1:mux                mgc_mux_32_3_8_5                                                         0.3662  0.4722  
      filter:core/fir:for#1:mux.itm                                                                                     0.0000  0.4722  
      filter:core/fir:for#1:mul                mgc_mul_2_0_32_0_32_7                                                    2.5773  3.0496  
      filter:core/fir:for#1:mul.itm                                                                                     0.0000  3.0496  
      filter:core/iir:feedforward:mux          mgc_mux_32_1_2_5                                                         0.1564  3.2060  
      filter:core/iir:feedforward:mux.itm                                                                               0.0000  3.2060  
      filter:core/fir:for#1:acc#1:rg           mgc_addc_32_0_32_0_32_7                                                  2.3429  5.5489  
      filter:core/z.out                                                                                                 0.0000  5.5489  
      filter:core/iir:feedforward:acc#8        mgc_addc_32_0_32_0_32_7                                                  2.3429  7.8918  
      filter:core/iir:feedforward:acc#8.itm                                                                             0.0000  7.8918  
      filter:core/iir:iir:acc#1                mgc_addc_32_0_32_0_32_7                                                  2.3429  10.2346 
      filter:core/iir:iir:acc#1.ncse.sva:mx0w0                                                                          0.0000  10.2346 
      filter:core/reg(iir_output:rsci.idat)    mgc_reg_pos_32_0_0_1_0_1_1_1                                             0.0000  10.2346 
                                                                                                                                        
    
  Register Input and Register-to-Output Slack
    Clock period or pin-to-reg delay constraint (clk): 20.0
    Clock uncertainty constraint (clk)               : 0.0
    
    Instance                                  Port                                                         Slack (Delay) Messages 
    ----------------------------------------- ---------------------------------------------------------- ------- ------- --------
    filter:core/reg(input)                    input:rsci.idat                                            20.0000  0.0000          
    filter:core/reg(iir:in_d1)                iir:in_d0.sva                                              12.7089  7.2911          
    filter:core/reg(iir:in_d0)                input.sva                                                   9.6089 10.3911          
    filter:core/reg(iir_output:rsci.idat)     iir:iir:acc#1.ncse.sva:mx0w0                                9.6089 10.3911          
    filter:core/reg(iir:out_d2)               iir:out_d1.sva                                             19.8940  0.1060          
    filter:core/reg(iir:out_d1)               iir:out_d0.sva                                             12.6699  7.3301          
    filter:core/reg(iir:in_d3)                iir:in_d2.sva                                              19.8940  0.1060          
    filter:core/reg(iir:in_d2)                iir:in_d1.sva                                              12.7089  7.2911          
    filter:core/reg(fir_output:rsci.idat)     z.out                                                       9.6089 10.3911          
    filter:core/reg(fir:for:i(1:0))           fir:for:i:fir:for:i:and.itm                                19.7525  0.2475          
    filter:core/reg(fir:delay_lane(4))        fir:for:fir:for:slc(fir:delay_lane,*32)(31-0)#1.ctmp.sva#1 19.4831  0.5169          
    filter:core/reg(fir:delay_lane(3))        fir:for:fir:for:slc(fir:delay_lane,*32)(31-0)#1.ctmp.sva#1 19.4831  0.5169          
    filter:core/reg(fir:delay_lane(1))        fir:for:fir:for:slc(fir:delay_lane,*32)(31-0)#1.ctmp.sva#1 19.4831  0.5169          
    filter:core/reg(fir:delay_lane(2))        fir:for:fir:for:slc(fir:delay_lane,*32)(31-0)#1.ctmp.sva#1 19.4831  0.5169          
    filter:core/reg(iir_output.triosy:obj.ld) slc(fsm_output)(3)#7.itm                                   20.0000  0.0000          
    filter:core/reg(fir_output.triosy:obj.ld) or.tmp#16                                                  19.2001  0.7999          
    filter:core/reg(iir:out_d0)               out_d2:out_d2:mux.itm                                       9.6089 10.3911          
    filter:core/reg(fir:acc)                  in_d0:and.itm                                              14.2486  5.7514          
    filter:core/reg(fir:for#1:j(2:0))         fir:for#1:j:fir:for#1:j:and.itm                            19.5986  0.4014          
    filter                                    input.triosy.lz                                            19.8940  0.1060          
    filter                                    fir_output:rsc.dat                                         19.8940  0.1060          
    filter                                    fir_output.triosy.lz                                       19.8940  0.1060          
    filter                                    iir_output:rsc.dat                                         19.8940  0.1060          
    filter                                    iir_output.triosy.lz                                       19.8940  0.1060          
    
Operator Bitwidth Summary
  Operation  Size (bits) Count 
  ---------- ----------- -----
  add                          
  -                    4     1 
  -                   32     6 
  -                   31     1 
  -                    3     2 
  -                    2     1 
  and                          
  -                   32     1 
  -                    3     1 
  -                    2     1 
  -                    1     4 
  mul                          
  -                   32     1 
  mux                          
  -                   32     4 
  mux1h                        
  -                   32     1 
  nor                          
  -                    1     3 
  not                          
  -                   32     1 
  -                    2     1 
  -                    1    14 
  or                           
  -                    1     3 
  read_port                    
  -                   32     1 
  read_sync                    
  -                    0     3 
  reg                          
  -                   32    15 
  -                    3     1 
  -                    2     1 
  -                    1     2 
  write_port                   
  -                    0     2 
  xnor                         
  -                    1     1 
  
End of Report
