o3-mini runs: 26
o3-mini input tokens: 48218
o3-mini output tokens: 74431
# of functions: 4
HLS runs: 29
Compile runs: 42
Time for c2hlsc:  1898356
Time for agent:  602573
Agent sequence:  ['synthesis: fill_matrix 3, reverse_string 0, traceback 3, needwun 0', 'synthesis: fill_matrix 3, reverse_string 1, traceback 3, needwun 0', 'synthesis: fill_matrix 0, reverse_string 0, traceback 3, needwun 0', 'synthesis: fill_matrix 0, reverse_string 1, traceback 3, needwun 0', 'solution: fill_matrix 3, reverse_string 1, traceback 3, needwun 0']
Agent synthesis calls:  4
Agent python calls:  0
Agent profile calls:  0
Agent inspect calls:  0
Agent solution calls:  1
Seconds lost due to API down:  0
  Process       Real Operation(s) count Latency Throughput Reset Length II Comments 

  ------------- ----------------------- ------- ---------- ------------ -- --------

  /needwun/core                    1261     268        341            0  0        ? 

  Design Total:                    1261     268        341            0  0          

                     Post-Scheduling   Post-DP & FSM Post-Assignment 

  ----------------- ---------------- --------------- ---------------

  Total Area Score:   72203.0         11342.9         10806.5        

  Total Reg:           7462.9  (10%)   4385.9  (39%)   4385.9  (41%) 

