o3-mini runs: 18
o3-mini input tokens: 25213
o3-mini output tokens: 47057
# of functions: 3
HLS runs: 20
Compile runs: 30
Time for c2hlsc:  1097799
Time for agent:  154202
Agent sequence:  ['synthesis: CPF 1, kmp_process 3, kmp 0', 'synthesis: CPF 0, kmp_process 3, kmp 0', 'solution: CPF 1, kmp_process 3, kmp 0']
Agent synthesis calls:  2
Agent python calls:  0
Agent profile calls:  0
Agent inspect calls:  0
Agent solution calls:  1
Seconds lost due to API down:  0
  Process       Real Operation(s) count Latency Throughput Reset Length II Comments 

  ------------- ----------------------- ------- ---------- ------------ -- --------

  /kmp/core                          69     619        620            1  0        ? 

  Design Total:                      69     619        620            1  0          

                    Post-Scheduling   Post-DP & FSM Post-Assignment 

  ----------------- --------------- --------------- ---------------

  Total Area Score:  10590.7          3931.6          3102.4        

  Total Reg:          1691.8  (16%)   1372.7  (35%)   1372.7  (44%) 

