-- Catapult Ultra Synthesis: Report                                              
-- ------------------------- ---------------------------------------------------
-- Version:                  2023.1_2/1049935 Production Release                 
-- Build Date:               Sat Jun 10 10:53:51 PDT 2023                        
                                                                                 
-- Generated by:             ajh9498@hansolo.poly.edu                            
-- Generated date:           Fri Feb 28 22:24:10 EST 2025                        

Solution Settings: filter.v1
  Current state: extract
  Project: Catapult_35

Design Input Files Specified
  $PROJECT_HOME/tmp_filter/filter_deepseek-chat_agent_1.c
    $PROJECT_HOME/include/ac_float.h
      $PROJECT_HOME/include/ac_fixed.h
        $PROJECT_HOME/include/ac_int.h

Processes/Blocks in Design
  Process       Real Operation(s) count Latency Throughput Reset Length II Comments 
  ------------- ----------------------- ------- ---------- ------------ -- --------
  /filter/core                       35       8          9            0  0          
  Design Total:                      35       8          9            0  0          
  
Bill Of Materials (Datapath)
  Component Name                 Area Score Area(Combinational)  AreaSeq Delay Post Alloc Post Assign 
  ------------------------------ ---------- ------------------- -------- ----- ---------- -----------
  [Lib: VIRTUAL]                                                                                      
  mgc_rom_0(2,8)                      6.118               0.000    0.000 0.186          1           1 
  [Lib: ccs_ioport]                                                                                   
  ccs_in(1,32)                        0.000               0.000    0.000 0.000          1           1 
  ccs_out(2,32)                       0.000               0.000    0.000 0.000          1           1 
  ccs_out(3,32)                       0.000               0.000    0.000 0.000          1           1 
  [Lib: mgc_ioport]                                                                                   
  mgc_io_sync(0)                      0.000               0.000    0.000 0.000          3           3 
  [Lib: nangate-45nm_beh]                                                                             
  mgc_add(3,0,1,0,3,7)                9.576               0.000    0.000 0.218          0           2 
  mgc_add(3,0,2,1,3,7)               14.963               0.000    0.000 0.308          2           0 
  mgc_add(30,0,30,0,30,7)           127.680              84.509    0.000 2.199          0           1 
  mgc_add(32,0,32,0,32,7)           136.192              95.813    0.000 2.343          6           4 
  mgc_add_msb(4,0,3,0,4,5)            7.847               0.000    0.000 0.157          2           2 
  mgc_and(1,2,4)                      1.064               0.000    0.000 0.077          0           4 
  mgc_and(1,3,4)                      1.330               0.000    0.000 0.084          0           1 
  mgc_and(2,2,4)                      2.128               0.012    0.000 0.077          1           0 
  mgc_and(3,2,4)                      3.192               1.314    0.000 0.077          0           2 
  mgc_and(32,2,4)                    34.048              49.912    0.000 0.077          0           2 
  mgc_mul(2,0,32,0,32,7)            207.260             200.259    0.000 2.577          1           1 
  mgc_mul(2,1,32,0,32,7)            207.260             200.259    0.000 2.577          1           1 
  mgc_mux(1,1,2,5)                    1.862               0.000    0.000 0.085          0           1 
  mgc_mux(32,1,2,5)                  59.584              76.931    0.000 0.156          0           4 
  mgc_mux(32,3,8,5)                 243.333             311.001    0.000 0.366          2           2 
  mgc_mux1hot(1,3,4)                  2.851               0.000    0.000 0.125          0           1 
  mgc_mux1hot(30,3,4)                80.310             117.088    0.000 0.125          0           1 
  mgc_nand(1,2,4)                     0.798               0.000    0.000 0.061          0           1 
  mgc_nor(1,2,2)                      0.798               0.000    0.000 0.097          0           3 
  mgc_nor(1,3,4)                      1.064               0.000    0.000 0.132          0           2 
  mgc_not(1,1)                        0.532               0.532    0.000 0.039          0          10 
  mgc_not(32,1)                      17.024              61.003    0.000 0.039          0           1 
  mgc_or(1,2,2)                       1.064               0.616    0.000 0.078          0           3 
  mgc_or(2,2,2)                       2.128               1.918    0.000 0.078          1           0 
  mgc_reg_pos(1,0,0,1,0,0,0,1)        6.384               1.862    4.522 0.106          0           2 
  mgc_reg_pos(3,0,0,1,0,0,0,1)       19.152               5.586   13.566 0.106          0           2 
  mgc_reg_pos(32,0,0,1,0,0,0,1)     204.288              59.584  144.704 0.106          0           2 
  mgc_reg_pos(32,0,0,1,0,1,1,1)     204.288              59.584  144.704 0.106          0          11 
                                                                                                      
  TOTAL AREA (After Assignment):   4755.696            2875.000 1917.000                              
  
Area Scores
                    Post-Scheduling   Post-DP & FSM Post-Assignment 
  ----------------- --------------- --------------- ---------------
  Total Area Score:   5515.4          5249.4          4784.2        
  Total Reg:          3741.0  (68%)   2937.1  (56%)   2732.8  (57%) 
                                                                    
  DataPath:           5515.4 (100%)   5221.4  (99%)   4755.7  (99%) 
    MUX:               486.7   (9%)    649.1  (12%)    810.0  (17%) 
    FUNC:             1283.4  (23%)   1541.2  (30%)   1121.8  (24%) 
    LOGIC:               4.3   (0%)    113.8   (2%)    110.9   (2%) 
    BUFFER:              0.0             0.0             0.0        
    MEM:                 0.0             0.0             0.0        
    ROM:                 0.0             6.1   (0%)      6.1   (0%) 
    REG:              3741.0  (68%)   2911.1  (56%)   2706.8  (57%) 
                                                                    
  
  FSM:                   0.0            28.0   (1%)     28.5   (1%) 
    FSM-REG:             0.0            26.0  (93%)     26.0  (91%) 
    FSM-COMB:            0.0             2.0   (7%)      2.5   (9%) 
                                                                    
  
  
  (MUX = multiplexers; FUNC = datapath logic (e.g. add/mult); LOGIC = control logic)

Register-to-Variable Mappings
  Register                          Size(bits) Gated Register CG Opt Done Variables                                             
  --------------------------------- ---------- -------------- ----------- -----------------------------------------------------
  fir:delay_lane(3).sva                     32         Y           Y      fir:delay_lane(3).sva                                 
                                                                          input.sva                                             
  fir_output:rsci.idat                      32         Y           Y      fir_output:rsci.idat                                  
  iir:feedback.sva                          32                            iir:feedback.sva                                      
                                                                          iir:feedback.sva#1                                    
  iir:feedforward.sva                       32                            iir:feedforward.sva                                   
                                                                          iir:feedforward.sva#1                                 
  iir:input_delay_lane(0).sva               32         Y           Y      iir:input_delay_lane(0).sva                           
  iir:input_delay_lane(1).sva               32         Y           Y      iir:input_delay_lane(1).sva                           
  iir:input_delay_lane(2).sva               32         Y           Y      iir:input_delay_lane(2).sva                           
  iir:input_delay_lane(3).sva               32         Y           Y      iir:input_delay_lane(3).sva                           
  iir:output_delay_lane(1).sva              32         Y           Y      iir:output_delay_lane(1).sva                          
  iir:output_delay_lane(2).sva              32         Y           Y      iir:output_delay_lane(2).sva                          
  iir:output_delay_lane(3).sva              32         Y           Y      iir:output_delay_lane(3).sva                          
  iir:output_delay_lane(4).sva              32         Y           Y      iir:output_delay_lane(4).sva                          
  reg(iir_output:rsci.idat).cse             32         Y           Y      reg(iir_output:rsci.idat).cse                         
  iir:for#1:i(2:0).sva                       3                            iir:for#1:i(2:0).sva                                  
  iir:for#2:i(2:0).sva                       3                            iir:for#2:i(2:0).sva                                  
  iir_output.triosy:obj.ld                   1                            iir_output.triosy:obj.ld                              
  reg(fir_output.triosy:obj.ld).cse          1                            reg(fir_output.triosy:obj.ld).cse                     
                                                                                                                                
  Total:                                   424            352         352 (Total Gating Ratio: 0.83, CG Opt Gating Ratio: 0.83) 
  
Timing Report
  Critical Path
    Max Delay:  8.132166
    Slack:      11.867834
    
    Path                                                     Startpoint                               Endpoint                      Delay  Slack   
    -------------------------------------------------------- ---------------------------------------- ----------------------------- ------ -------
    1                                                        filter:core/reg(fir:delay_lane(3))       filter:core/reg(iir:feedback) 8.1322 11.8678 
                                                                                                                                                   
      Instance                                               Component                                                              Delta  Delay   
      --------                                               ---------                                                              -----  -----   
      filter:core/reg(fir:delay_lane(3))                     mgc_reg_pos_32_0_0_1_0_1_1_1                                           0.1060 0.1060  
      filter:core/fir:delay_lane(3).sva                                                                                             0.0000 0.1060  
      filter:core/iir:for#1:mux                              mgc_mux_32_3_8_5                                                       0.3662 0.4722  
      filter:core/iir:for#1:mux.itm                                                                                                 0.0000 0.4722  
      filter:core/iir:for#1:mul                              mgc_mul_2_0_32_0_32_7                                                  2.5773 3.0496  
      filter:core/iir:for#1:mul.itm                                                                                                 0.0000 3.0496  
      filter:core/fir:for#1:slc(iir:for#1:mul.itm)(0)                                                                               0.0000 3.0496  
      filter:core/fir:for#1:slc(iir:for#1:mul.itm)(0).itm                                                                           0.0000 3.0496  
      filter:core/fir:for#1:mux#3                            mgc_mux_1_1_2_5                                                        0.0854 3.1350  
      filter:core/fir:for#1:mux#3.itm                                                                                               0.0000 3.1350  
      filter:core/fir:for#1:fir:for#1:and                    mgc_and_1_2_4                                                          0.0775 3.2125  
      filter:core/fir:for#1:fir:for#1:and.itm                                                                                       0.0000 3.2125  
      filter:core/fir:for#1:conc#8                                                                                                  0.0000 3.2125  
      filter:core/fir:for#1:conc#8.itm                                                                                              0.0000 3.2125  
      filter:core/fir:for#1:acc:rg                           mgc_addc_32_0_32_0_32_7                                                2.3429 5.5554  
      filter:core/z.out                                                                                                             0.0000 5.5554  
      filter:core/fir:for#1:mux#1                            mgc_mux_32_1_2_5                                                       0.1564 5.7118  
      filter:core/fir:for#1:mux#1.itm                                                                                               0.0000 5.7118  
      filter:core/fir:for#1-5:acc#1:rg                       mgc_addc_32_0_32_0_32_7                                                2.3429 8.0547  
      filter:core/z.out#1                                                                                                           0.0000 8.0547  
      filter:core/iir:iir:and                                mgc_and_32_2_4                                                         0.0775 8.1322  
      filter:core/iir:iir:and.itm                                                                                                   0.0000 8.1322  
      filter:core/reg(iir:feedback)                          mgc_reg_pos_32_0_0_1_0_0_0_1                                           0.0000 8.1322  
                                                                                                                                                   
    2                                                        filter:core/reg(iir:input_delay_lane(2)) filter:core/reg(iir:feedback) 8.1322 11.8678 
                                                                                                                                                   
      Instance                                               Component                                                              Delta  Delay   
      --------                                               ---------                                                              -----  -----   
      filter:core/reg(iir:input_delay_lane(2))               mgc_reg_pos_32_0_0_1_0_1_1_1                                           0.1060 0.1060  
      filter:core/iir:input_delay_lane(2).sva                                                                                       0.0000 0.1060  
      filter:core/iir:for#1:mux                              mgc_mux_32_3_8_5                                                       0.3662 0.4722  
      filter:core/iir:for#1:mux.itm                                                                                                 0.0000 0.4722  
      filter:core/iir:for#1:mul                              mgc_mul_2_0_32_0_32_7                                                  2.5773 3.0496  
      filter:core/iir:for#1:mul.itm                                                                                                 0.0000 3.0496  
      filter:core/fir:for#1:slc(iir:for#1:mul.itm)(0)                                                                               0.0000 3.0496  
      filter:core/fir:for#1:slc(iir:for#1:mul.itm)(0).itm                                                                           0.0000 3.0496  
      filter:core/fir:for#1:mux#3                            mgc_mux_1_1_2_5                                                        0.0854 3.1350  
      filter:core/fir:for#1:mux#3.itm                                                                                               0.0000 3.1350  
      filter:core/fir:for#1:fir:for#1:and                    mgc_and_1_2_4                                                          0.0775 3.2125  
      filter:core/fir:for#1:fir:for#1:and.itm                                                                                       0.0000 3.2125  
      filter:core/fir:for#1:conc#8                                                                                                  0.0000 3.2125  
      filter:core/fir:for#1:conc#8.itm                                                                                              0.0000 3.2125  
      filter:core/fir:for#1:acc:rg                           mgc_addc_32_0_32_0_32_7                                                2.3429 5.5554  
      filter:core/z.out                                                                                                             0.0000 5.5554  
      filter:core/fir:for#1:mux#1                            mgc_mux_32_1_2_5                                                       0.1564 5.7118  
      filter:core/fir:for#1:mux#1.itm                                                                                               0.0000 5.7118  
      filter:core/fir:for#1-5:acc#1:rg                       mgc_addc_32_0_32_0_32_7                                                2.3429 8.0547  
      filter:core/z.out#1                                                                                                           0.0000 8.0547  
      filter:core/iir:iir:and                                mgc_and_32_2_4                                                         0.0775 8.1322  
      filter:core/iir:iir:and.itm                                                                                                   0.0000 8.1322  
      filter:core/reg(iir:feedback)                          mgc_reg_pos_32_0_0_1_0_0_0_1                                           0.0000 8.1322  
                                                                                                                                                   
    3                                                        filter:core/reg(iir:input_delay_lane(0)) filter:core/reg(iir:feedback) 8.1322 11.8678 
                                                                                                                                                   
      Instance                                               Component                                                              Delta  Delay   
      --------                                               ---------                                                              -----  -----   
      filter:core/reg(iir:input_delay_lane(0))               mgc_reg_pos_32_0_0_1_0_1_1_1                                           0.1060 0.1060  
      filter:core/iir:input_delay_lane(0).sva                                                                                       0.0000 0.1060  
      filter:core/iir:for#1:mux                              mgc_mux_32_3_8_5                                                       0.3662 0.4722  
      filter:core/iir:for#1:mux.itm                                                                                                 0.0000 0.4722  
      filter:core/iir:for#1:mul                              mgc_mul_2_0_32_0_32_7                                                  2.5773 3.0496  
      filter:core/iir:for#1:mul.itm                                                                                                 0.0000 3.0496  
      filter:core/fir:for#1:slc(iir:for#1:mul.itm)(0)                                                                               0.0000 3.0496  
      filter:core/fir:for#1:slc(iir:for#1:mul.itm)(0).itm                                                                           0.0000 3.0496  
      filter:core/fir:for#1:mux#3                            mgc_mux_1_1_2_5                                                        0.0854 3.1350  
      filter:core/fir:for#1:mux#3.itm                                                                                               0.0000 3.1350  
      filter:core/fir:for#1:fir:for#1:and                    mgc_and_1_2_4                                                          0.0775 3.2125  
      filter:core/fir:for#1:fir:for#1:and.itm                                                                                       0.0000 3.2125  
      filter:core/fir:for#1:conc#8                                                                                                  0.0000 3.2125  
      filter:core/fir:for#1:conc#8.itm                                                                                              0.0000 3.2125  
      filter:core/fir:for#1:acc:rg                           mgc_addc_32_0_32_0_32_7                                                2.3429 5.5554  
      filter:core/z.out                                                                                                             0.0000 5.5554  
      filter:core/fir:for#1:mux#1                            mgc_mux_32_1_2_5                                                       0.1564 5.7118  
      filter:core/fir:for#1:mux#1.itm                                                                                               0.0000 5.7118  
      filter:core/fir:for#1-5:acc#1:rg                       mgc_addc_32_0_32_0_32_7                                                2.3429 8.0547  
      filter:core/z.out#1                                                                                                           0.0000 8.0547  
      filter:core/iir:iir:and                                mgc_and_32_2_4                                                         0.0775 8.1322  
      filter:core/iir:iir:and.itm                                                                                                   0.0000 8.1322  
      filter:core/reg(iir:feedback)                          mgc_reg_pos_32_0_0_1_0_0_0_1                                           0.0000 8.1322  
                                                                                                                                                   
    4                                                        filter:core/reg(iir:input_delay_lane(1)) filter:core/reg(iir:feedback) 8.1322 11.8678 
                                                                                                                                                   
      Instance                                               Component                                                              Delta  Delay   
      --------                                               ---------                                                              -----  -----   
      filter:core/reg(iir:input_delay_lane(1))               mgc_reg_pos_32_0_0_1_0_1_1_1                                           0.1060 0.1060  
      filter:core/iir:input_delay_lane(1).sva                                                                                       0.0000 0.1060  
      filter:core/iir:for#1:mux                              mgc_mux_32_3_8_5                                                       0.3662 0.4722  
      filter:core/iir:for#1:mux.itm                                                                                                 0.0000 0.4722  
      filter:core/iir:for#1:mul                              mgc_mul_2_0_32_0_32_7                                                  2.5773 3.0496  
      filter:core/iir:for#1:mul.itm                                                                                                 0.0000 3.0496  
      filter:core/fir:for#1:slc(iir:for#1:mul.itm)(0)                                                                               0.0000 3.0496  
      filter:core/fir:for#1:slc(iir:for#1:mul.itm)(0).itm                                                                           0.0000 3.0496  
      filter:core/fir:for#1:mux#3                            mgc_mux_1_1_2_5                                                        0.0854 3.1350  
      filter:core/fir:for#1:mux#3.itm                                                                                               0.0000 3.1350  
      filter:core/fir:for#1:fir:for#1:and                    mgc_and_1_2_4                                                          0.0775 3.2125  
      filter:core/fir:for#1:fir:for#1:and.itm                                                                                       0.0000 3.2125  
      filter:core/fir:for#1:conc#8                                                                                                  0.0000 3.2125  
      filter:core/fir:for#1:conc#8.itm                                                                                              0.0000 3.2125  
      filter:core/fir:for#1:acc:rg                           mgc_addc_32_0_32_0_32_7                                                2.3429 5.5554  
      filter:core/z.out                                                                                                             0.0000 5.5554  
      filter:core/fir:for#1:mux#1                            mgc_mux_32_1_2_5                                                       0.1564 5.7118  
      filter:core/fir:for#1:mux#1.itm                                                                                               0.0000 5.7118  
      filter:core/fir:for#1-5:acc#1:rg                       mgc_addc_32_0_32_0_32_7                                                2.3429 8.0547  
      filter:core/z.out#1                                                                                                           0.0000 8.0547  
      filter:core/iir:iir:and                                mgc_and_32_2_4                                                         0.0775 8.1322  
      filter:core/iir:iir:and.itm                                                                                                   0.0000 8.1322  
      filter:core/reg(iir:feedback)                          mgc_reg_pos_32_0_0_1_0_0_0_1                                           0.0000 8.1322  
                                                                                                                                                   
    5                                                        filter:core/reg(iir:for#1:i(2:0))        filter:core/reg(iir:feedback) 8.1322 11.8678 
                                                                                                                                                   
      Instance                                               Component                                                              Delta  Delay   
      --------                                               ---------                                                              -----  -----   
      filter:core/reg(iir:for#1:i(2:0))                      mgc_reg_pos_3_0_0_1_0_0_0_1                                            0.1060 0.1060  
      filter:core/iir:for#1:i(2:0).sva                                                                                              0.0000 0.1060  
      filter:core/iir:for#1:mux                              mgc_mux_32_3_8_5                                                       0.3662 0.4722  
      filter:core/iir:for#1:mux.itm                                                                                                 0.0000 0.4722  
      filter:core/iir:for#1:mul                              mgc_mul_2_0_32_0_32_7                                                  2.5773 3.0496  
      filter:core/iir:for#1:mul.itm                                                                                                 0.0000 3.0496  
      filter:core/fir:for#1:slc(iir:for#1:mul.itm)(0)                                                                               0.0000 3.0496  
      filter:core/fir:for#1:slc(iir:for#1:mul.itm)(0).itm                                                                           0.0000 3.0496  
      filter:core/fir:for#1:mux#3                            mgc_mux_1_1_2_5                                                        0.0854 3.1350  
      filter:core/fir:for#1:mux#3.itm                                                                                               0.0000 3.1350  
      filter:core/fir:for#1:fir:for#1:and                    mgc_and_1_2_4                                                          0.0775 3.2125  
      filter:core/fir:for#1:fir:for#1:and.itm                                                                                       0.0000 3.2125  
      filter:core/fir:for#1:conc#8                                                                                                  0.0000 3.2125  
      filter:core/fir:for#1:conc#8.itm                                                                                              0.0000 3.2125  
      filter:core/fir:for#1:acc:rg                           mgc_addc_32_0_32_0_32_7                                                2.3429 5.5554  
      filter:core/z.out                                                                                                             0.0000 5.5554  
      filter:core/fir:for#1:mux#1                            mgc_mux_32_1_2_5                                                       0.1564 5.7118  
      filter:core/fir:for#1:mux#1.itm                                                                                               0.0000 5.7118  
      filter:core/fir:for#1-5:acc#1:rg                       mgc_addc_32_0_32_0_32_7                                                2.3429 8.0547  
      filter:core/z.out#1                                                                                                           0.0000 8.0547  
      filter:core/iir:iir:and                                mgc_and_32_2_4                                                         0.0775 8.1322  
      filter:core/iir:iir:and.itm                                                                                                   0.0000 8.1322  
      filter:core/reg(iir:feedback)                          mgc_reg_pos_32_0_0_1_0_0_0_1                                           0.0000 8.1322  
                                                                                                                                                   
    6                                                        filter:core/reg(iir:input_delay_lane(3)) filter:core/reg(iir:feedback) 8.1322 11.8678 
                                                                                                                                                   
      Instance                                               Component                                                              Delta  Delay   
      --------                                               ---------                                                              -----  -----   
      filter:core/reg(iir:input_delay_lane(3))               mgc_reg_pos_32_0_0_1_0_1_1_1                                           0.1060 0.1060  
      filter:core/iir:input_delay_lane(3).sva                                                                                       0.0000 0.1060  
      filter:core/iir:for#1:mux                              mgc_mux_32_3_8_5                                                       0.3662 0.4722  
      filter:core/iir:for#1:mux.itm                                                                                                 0.0000 0.4722  
      filter:core/iir:for#1:mul                              mgc_mul_2_0_32_0_32_7                                                  2.5773 3.0496  
      filter:core/iir:for#1:mul.itm                                                                                                 0.0000 3.0496  
      filter:core/fir:for#1:slc(iir:for#1:mul.itm)(0)                                                                               0.0000 3.0496  
      filter:core/fir:for#1:slc(iir:for#1:mul.itm)(0).itm                                                                           0.0000 3.0496  
      filter:core/fir:for#1:mux#3                            mgc_mux_1_1_2_5                                                        0.0854 3.1350  
      filter:core/fir:for#1:mux#3.itm                                                                                               0.0000 3.1350  
      filter:core/fir:for#1:fir:for#1:and                    mgc_and_1_2_4                                                          0.0775 3.2125  
      filter:core/fir:for#1:fir:for#1:and.itm                                                                                       0.0000 3.2125  
      filter:core/fir:for#1:conc#8                                                                                                  0.0000 3.2125  
      filter:core/fir:for#1:conc#8.itm                                                                                              0.0000 3.2125  
      filter:core/fir:for#1:acc:rg                           mgc_addc_32_0_32_0_32_7                                                2.3429 5.5554  
      filter:core/z.out                                                                                                             0.0000 5.5554  
      filter:core/fir:for#1:mux#1                            mgc_mux_32_1_2_5                                                       0.1564 5.7118  
      filter:core/fir:for#1:mux#1.itm                                                                                               0.0000 5.7118  
      filter:core/fir:for#1-5:acc#1:rg                       mgc_addc_32_0_32_0_32_7                                                2.3429 8.0547  
      filter:core/z.out#1                                                                                                           0.0000 8.0547  
      filter:core/iir:iir:and                                mgc_and_32_2_4                                                         0.0775 8.1322  
      filter:core/iir:iir:and.itm                                                                                                   0.0000 8.1322  
      filter:core/reg(iir:feedback)                          mgc_reg_pos_32_0_0_1_0_0_0_1                                           0.0000 8.1322  
                                                                                                                                                   
    7                                                        filter:core/reg(fir:delay_lane(3))       filter:core/reg(iir:feedback) 8.0943 11.9057 
                                                                                                                                                   
      Instance                                               Component                                                              Delta  Delay   
      --------                                               ---------                                                              -----  -----   
      filter:core/reg(fir:delay_lane(3))                     mgc_reg_pos_32_0_0_1_0_1_1_1                                           0.1060 0.1060  
      filter:core/fir:delay_lane(3).sva                                                                                             0.0000 0.1060  
      filter:core/iir:for#1:mux                              mgc_mux_32_3_8_5                                                       0.3662 0.4722  
      filter:core/iir:for#1:mux.itm                                                                                                 0.0000 0.4722  
      filter:core/iir:for#1:mul                              mgc_mul_2_0_32_0_32_7                                                  2.5773 3.0496  
      filter:core/iir:for#1:mul.itm                                                                                                 0.0000 3.0496  
      filter:core/fir:for#1:slc(iir:for#1:mul.itm)(1)                                                                               0.0000 3.0496  
      filter:core/fir:for#1:slc(iir:for#1:mul.itm)(1).itm                                                                           0.0000 3.0496  
      filter:core/fir:for#1:mux1h#1                          mgc_mux1hot_1_3_4                                                      0.1250 3.1746  
      filter:core/fir:for#1:mux1h#1.itm                                                                                             0.0000 3.1746  
      filter:core/fir:for#1:conc#8                                                                                                  0.0000 3.1746  
      filter:core/fir:for#1:conc#8.itm                                                                                              0.0000 3.1746  
      filter:core/fir:for#1:acc:rg                           mgc_addc_32_0_32_0_32_7                                                2.3429 5.5175  
      filter:core/z.out                                                                                                             0.0000 5.5175  
      filter:core/fir:for#1:mux#1                            mgc_mux_32_1_2_5                                                       0.1564 5.6739  
      filter:core/fir:for#1:mux#1.itm                                                                                               0.0000 5.6739  
      filter:core/fir:for#1-5:acc#1:rg                       mgc_addc_32_0_32_0_32_7                                                2.3429 8.0168  
      filter:core/z.out#1                                                                                                           0.0000 8.0168  
      filter:core/iir:iir:and                                mgc_and_32_2_4                                                         0.0775 8.0943  
      filter:core/iir:iir:and.itm                                                                                                   0.0000 8.0943  
      filter:core/reg(iir:feedback)                          mgc_reg_pos_32_0_0_1_0_0_0_1                                           0.0000 8.0943  
                                                                                                                                                   
    8                                                        filter:core/reg(fir:delay_lane(3))       filter:core/reg(iir:feedback) 8.0943 11.9057 
                                                                                                                                                   
      Instance                                               Component                                                              Delta  Delay   
      --------                                               ---------                                                              -----  -----   
      filter:core/reg(fir:delay_lane(3))                     mgc_reg_pos_32_0_0_1_0_1_1_1                                           0.1060 0.1060  
      filter:core/fir:delay_lane(3).sva                                                                                             0.0000 0.1060  
      filter:core/iir:for#1:mux                              mgc_mux_32_3_8_5                                                       0.3662 0.4722  
      filter:core/iir:for#1:mux.itm                                                                                                 0.0000 0.4722  
      filter:core/iir:for#1:mul                              mgc_mul_2_0_32_0_32_7                                                  2.5773 3.0496  
      filter:core/iir:for#1:mul.itm                                                                                                 0.0000 3.0496  
      filter:core/fir:for#1:slc(iir:for#1:mul.itm)(31-2)                                                                            0.0000 3.0496  
      filter:core/fir:for#1:slc(iir:for#1:mul.itm)(31-2).itm                                                                        0.0000 3.0496  
      filter:core/fir:for#1:mux1h                            mgc_mux1hot_30_3_4                                                     0.1250 3.1746  
      filter:core/fir:for#1:mux1h.itm                                                                                               0.0000 3.1746  
      filter:core/fir:for#1:conc#8                                                                                                  0.0000 3.1746  
      filter:core/fir:for#1:conc#8.itm                                                                                              0.0000 3.1746  
      filter:core/fir:for#1:acc:rg                           mgc_addc_32_0_32_0_32_7                                                2.3429 5.5175  
      filter:core/z.out                                                                                                             0.0000 5.5175  
      filter:core/fir:for#1:mux#1                            mgc_mux_32_1_2_5                                                       0.1564 5.6739  
      filter:core/fir:for#1:mux#1.itm                                                                                               0.0000 5.6739  
      filter:core/fir:for#1-5:acc#1:rg                       mgc_addc_32_0_32_0_32_7                                                2.3429 8.0168  
      filter:core/z.out#1                                                                                                           0.0000 8.0168  
      filter:core/iir:iir:and                                mgc_and_32_2_4                                                         0.0775 8.0943  
      filter:core/iir:iir:and.itm                                                                                                   0.0000 8.0943  
      filter:core/reg(iir:feedback)                          mgc_reg_pos_32_0_0_1_0_0_0_1                                           0.0000 8.0943  
                                                                                                                                                   
    9                                                        filter:core/reg(iir:for#1:i(2:0))        filter:core/reg(iir:feedback) 8.0943 11.9057 
                                                                                                                                                   
      Instance                                               Component                                                              Delta  Delay   
      --------                                               ---------                                                              -----  -----   
      filter:core/reg(iir:for#1:i(2:0))                      mgc_reg_pos_3_0_0_1_0_0_0_1                                            0.1060 0.1060  
      filter:core/iir:for#1:i(2:0).sva                                                                                              0.0000 0.1060  
      filter:core/iir:for#1:mux                              mgc_mux_32_3_8_5                                                       0.3662 0.4722  
      filter:core/iir:for#1:mux.itm                                                                                                 0.0000 0.4722  
      filter:core/iir:for#1:mul                              mgc_mul_2_0_32_0_32_7                                                  2.5773 3.0496  
      filter:core/iir:for#1:mul.itm                                                                                                 0.0000 3.0496  
      filter:core/fir:for#1:slc(iir:for#1:mul.itm)(31-2)                                                                            0.0000 3.0496  
      filter:core/fir:for#1:slc(iir:for#1:mul.itm)(31-2).itm                                                                        0.0000 3.0496  
      filter:core/fir:for#1:mux1h                            mgc_mux1hot_30_3_4                                                     0.1250 3.1746  
      filter:core/fir:for#1:mux1h.itm                                                                                               0.0000 3.1746  
      filter:core/fir:for#1:conc#8                                                                                                  0.0000 3.1746  
      filter:core/fir:for#1:conc#8.itm                                                                                              0.0000 3.1746  
      filter:core/fir:for#1:acc:rg                           mgc_addc_32_0_32_0_32_7                                                2.3429 5.5175  
      filter:core/z.out                                                                                                             0.0000 5.5175  
      filter:core/fir:for#1:mux#1                            mgc_mux_32_1_2_5                                                       0.1564 5.6739  
      filter:core/fir:for#1:mux#1.itm                                                                                               0.0000 5.6739  
      filter:core/fir:for#1-5:acc#1:rg                       mgc_addc_32_0_32_0_32_7                                                2.3429 8.0168  
      filter:core/z.out#1                                                                                                           0.0000 8.0168  
      filter:core/iir:iir:and                                mgc_and_32_2_4                                                         0.0775 8.0943  
      filter:core/iir:iir:and.itm                                                                                                   0.0000 8.0943  
      filter:core/reg(iir:feedback)                          mgc_reg_pos_32_0_0_1_0_0_0_1                                           0.0000 8.0943  
                                                                                                                                                   
    10                                                       filter:core/reg(iir:input_delay_lane(3)) filter:core/reg(iir:feedback) 8.0943 11.9057 
                                                                                                                                                   
      Instance                                               Component                                                              Delta  Delay   
      --------                                               ---------                                                              -----  -----   
      filter:core/reg(iir:input_delay_lane(3))               mgc_reg_pos_32_0_0_1_0_1_1_1                                           0.1060 0.1060  
      filter:core/iir:input_delay_lane(3).sva                                                                                       0.0000 0.1060  
      filter:core/iir:for#1:mux                              mgc_mux_32_3_8_5                                                       0.3662 0.4722  
      filter:core/iir:for#1:mux.itm                                                                                                 0.0000 0.4722  
      filter:core/iir:for#1:mul                              mgc_mul_2_0_32_0_32_7                                                  2.5773 3.0496  
      filter:core/iir:for#1:mul.itm                                                                                                 0.0000 3.0496  
      filter:core/fir:for#1:slc(iir:for#1:mul.itm)(31-2)                                                                            0.0000 3.0496  
      filter:core/fir:for#1:slc(iir:for#1:mul.itm)(31-2).itm                                                                        0.0000 3.0496  
      filter:core/fir:for#1:mux1h                            mgc_mux1hot_30_3_4                                                     0.1250 3.1746  
      filter:core/fir:for#1:mux1h.itm                                                                                               0.0000 3.1746  
      filter:core/fir:for#1:conc#8                                                                                                  0.0000 3.1746  
      filter:core/fir:for#1:conc#8.itm                                                                                              0.0000 3.1746  
      filter:core/fir:for#1:acc:rg                           mgc_addc_32_0_32_0_32_7                                                2.3429 5.5175  
      filter:core/z.out                                                                                                             0.0000 5.5175  
      filter:core/fir:for#1:mux#1                            mgc_mux_32_1_2_5                                                       0.1564 5.6739  
      filter:core/fir:for#1:mux#1.itm                                                                                               0.0000 5.6739  
      filter:core/fir:for#1-5:acc#1:rg                       mgc_addc_32_0_32_0_32_7                                                2.3429 8.0168  
      filter:core/z.out#1                                                                                                           0.0000 8.0168  
      filter:core/iir:iir:and                                mgc_and_32_2_4                                                         0.0775 8.0943  
      filter:core/iir:iir:and.itm                                                                                                   0.0000 8.0943  
      filter:core/reg(iir:feedback)                          mgc_reg_pos_32_0_0_1_0_0_0_1                                           0.0000 8.0943  
                                                                                                                                                   
    
  Register Input and Register-to-Output Slack
    Clock period or pin-to-reg delay constraint (clk): 20.0
    Clock uncertainty constraint (clk)               : 0.0
    
    Instance                                  Port                                Slack (Delay) Messages 
    ----------------------------------------- --------------------------------- ------- ------- --------
    filter:core/reg(fir_output:rsci.idat)     z.out#1                           11.8678  8.1322          
    filter:core/reg(iir_output:rsci.idat)     z.out                             11.8678  8.1322          
    filter:core/reg(iir:output_delay_lane(1)) reg(iir_output:rsci.idat).cse     14.3736  5.6264          
    filter:core/reg(iir:output_delay_lane(2)) iir:output_delay_lane(1).sva      14.3736  5.6264          
    filter:core/reg(iir:output_delay_lane(3)) iir:output_delay_lane(2).sva      14.3736  5.6264          
    filter:core/reg(iir:output_delay_lane(4)) iir:output_delay_lane(3).sva      14.3736  5.6264          
    filter:core/reg(iir:input_delay_lane(0))  fir:delay_lane(3).sva             11.8678  8.1322          
    filter:core/reg(iir:input_delay_lane(1))  iir:input_delay_lane(0).sva       11.8678  8.1322          
    filter:core/reg(iir:input_delay_lane(2))  iir:input_delay_lane(1).sva       11.8678  8.1322          
    filter:core/reg(iir:input_delay_lane(3))  iir:input_delay_lane(2).sva       11.8678  8.1322          
    filter:core/reg(iir_output.triosy:obj.ld) slc(fsm_output)(3)#1.itm          20.0000  0.0000          
    filter:core/reg(fir_output.triosy:obj.ld) or.tmp#13                         19.1881  0.8119          
    filter:core/reg(fir:delay_lane(3))        input:input:mux.itm               19.1881  0.8119          
    filter:core/reg(iir:for#2:i(2:0))         iir:for#1:i:iir:for#1:i:and.itm   19.5986  0.4014          
    filter:core/reg(iir:feedback)             iir:iir:and.itm                   11.8678  8.1322          
    filter:core/reg(iir:for#1:i(2:0))         iir:for#1:i:iir:for#1:i:and#1.itm 19.5986  0.4014          
    filter:core/reg(iir:feedforward)          iir:iir:and#1.itm                 14.3671  5.6329          
    filter                                    input.triosy.lz                   19.8940  0.1060          
    filter                                    fir_output:rsc.dat                19.8940  0.1060          
    filter                                    fir_output.triosy.lz              19.8940  0.1060          
    filter                                    iir_output:rsc.dat                19.8940  0.1060          
    filter                                    iir_output.triosy.lz              19.8940  0.1060          
    
Operator Bitwidth Summary
  Operation  Size (bits) Count 
  ---------- ----------- -----
  add                          
  -                    4     2 
  -                   32     4 
  -                   30     1 
  -                    3     2 
  and                          
  -                   32     2 
  -                    3     2 
  -                    1     5 
  mul                          
  -                   32     2 
  mux                          
  -                   32     6 
  -                    1     1 
  mux1h                        
  -                   30     1 
  -                    1     1 
  nand                         
  -                    1     1 
  nor                          
  -                    1     5 
  not                          
  -                   32     1 
  -                    1    10 
  or                           
  -                    1     3 
  read_port                    
  -                   32     1 
  read_sync                    
  -                    0     3 
  reg                          
  -                   32    13 
  -                    3     2 
  -                    1     2 
  write_port                   
  -                    0     2 
  
End of Report
