o3-mini runs: 44
o3-mini input tokens: 129826
o3-mini output tokens: 86718
# of functions: 6
HLS runs: 46
Compile runs: 75
Time for c2hlsc:  1885846
Time for agent:  454265
Agent sequence:  ['synthesis: AddRoundKey_hls 3, SubBytes_hls 2, ShiftRows_hls 1, xtime 0, MixColumns_hls 2, Cipher_hls 1', "python: '''import sys", "python: '''import sys", 'synthesis: AddRoundKey_hls 4, SubBytes_hls 3, ShiftRows_hls 0, xtime 0, MixColumns_hls 2, Cipher_hls 2', 'synthesis: AddRoundKey_hls 4, SubBytes_hls 3, ShiftRows_hls 1, xtime 0, MixColumns_hls 2, Cipher_hls 2', 'solution: AddRoundKey_hls 4, SubBytes_hls 3, ShiftRows_hls 1, xtime 0, MixColumns_hls 2, Cipher_hls 2']
Agent synthesis calls:  3
Agent python calls:  2
Agent profile calls:  0
Agent inspect calls:  0
Agent solution calls:  1
Seconds lost due to API down:  0
  Process          Real Operation(s) count Latency Throughput Reset Length II Comments 

  ---------------- ----------------------- ------- ---------- ------------ -- --------

  /Cipher_hls/core                     365     392        394            2  0          

  Design Total:                        365     392        394            2  0          

                    Post-Scheduling   Post-DP & FSM Post-Assignment 

  ----------------- --------------- --------------- ---------------

  Total Area Score:  10600.2          8192.5          4356.8        

  Total Reg:          3243.1  (31%)   2058.6  (25%)   2058.6  (47%) 

