o3-mini runs: 19
o3-mini input tokens: 22429
o3-mini output tokens: 36201
# of functions: 3
HLS runs: 21
Compile runs: 30
Time for c2hlsc:  730014
Time for agent:  80818
Agent sequence:  ['synthesis: odd_factorial 0, even_sum 1, compute1 0', 'synthesis: odd_factorial 0, even_sum 1, compute1 0', 'inspect: odd_factorial 0, even_sum 1, compute1 0', 'solution: odd_factorial 0, even_sum 1, compute1 0']
Agent synthesis calls:  2
Agent python calls:  0
Agent profile calls:  0
Agent inspect calls:  1
Agent solution calls:  1
  Process        Real Operation(s) count Latency Throughput Reset Length II Comments 

  -------------- ----------------------- ------- ---------- ------------ -- --------

  /compute1/core                      17       3          4            0  0        ? 

  Design Total:                       17       3          4            0  0          

                    Post-Scheduling   Post-DP & FSM Post-Assignment 

  ----------------- --------------- --------------- ---------------

  Total Area Score:   6502.2          6886.3          3919.6        

  Total Reg:           804.4  (12%)    838.2  (12%)    838.2  (21%) 

