o3-mini runs: 43
o3-mini input tokens: 129976
o3-mini output tokens: 92284
# of functions: 6
HLS runs: 44
Compile runs: 75
Time for c2hlsc:  1885846
Time for agent:  164912
Agent sequence:  ["python: '''", "python: '''", "python: '''", 'synthesis: AddRoundKey_hls 4, SubBytes_hls 3, ShiftRows_hls 4, xtime 4, MixColumns_hls 4, Cipher_hls 2', 'solution: AddRoundKey_hls 4, SubBytes_hls 3, ShiftRows_hls 4, xtime 4, MixColumns_hls 4, Cipher_hls 2']
Agent synthesis calls:  1
Agent python calls:  3
Agent profile calls:  0
Agent inspect calls:  0
Agent solution calls:  1
Seconds lost due to API down:  0
  Process          Real Operation(s) count Latency Throughput Reset Length II Comments 

  ---------------- ----------------------- ------- ---------- ------------ -- --------

  /Cipher_hls/core                     239     194        196            2  0          

  Design Total:                        239     194        196            2  0          

                    Post-Scheduling   Post-DP & FSM Post-Assignment 

  ----------------- --------------- --------------- ---------------

  Total Area Score:  11794.6          7453.0          4939.1        

  Total Reg:          4392.2  (37%)   2754.2  (37%)   2754.2  (56%) 

