o3-mini runs: 51
o3-mini input tokens: 99461
o3-mini output tokens: 108418
# of functions: 6
HLS runs: 52
Compile runs: 87
Time for c2hlsc:  1644360
Time for agent:  288052
Agent sequence:  ['synthesis: copyKey_hls 1, copyBlock_hls 0, generateRoundKeys80_hls 2, addRoundKey_hls 0, pLayer_hls 4, present80_encryptBlock_hls 0', "python: '''from ortools.sat.python import cp_model", "python: '''from ortools.sat.python import cp_model", 'synthesis: copyKey_hls 2, copyBlock_hls 4, generateRoundKeys80_hls 4, addRoundKey_hls 3, pLayer_hls 4, present80_encryptBlock_hls 0', 'synthesis: copyKey_hls 1, copyBlock_hls 0, generateRoundKeys80_hls 2, addRoundKey_hls 0, pLayer_hls 4, present80_encryptBlock_hls 0', 'synthesis: copyKey_hls 1, copyBlock_hls 0, generateRoundKeys80_hls 2, addRoundKey_hls 0, pLayer_hls 4, present80_encryptBlock_hls 1', 'solution: copyKey_hls 1, copyBlock_hls 0, generateRoundKeys80_hls 2, addRoundKey_hls 0, pLayer_hls 4, present80_encryptBlock_hls 0']
Agent synthesis calls:  4
Agent python calls:  2
Agent profile calls:  0
Agent inspect calls:  0
Agent solution calls:  1
Seconds lost due to API down:  0
  Process                          Real Operation(s) count Latency Throughput Reset Length II Comments 

  -------------------------------- ----------------------- ------- ---------- ------------ -- --------

  /present80_encryptBlock_hls/core                     211    3697       3699            1  0          

  Design Total:                                        211    3697       3699            1  0          

                    Post-Scheduling   Post-DP & FSM Post-Assignment 

  ----------------- --------------- --------------- ---------------

  Total Area Score:  12699.2         13900.7         13235.1        

  Total Reg:          2585.5  (20%)   2451.2  (18%)   2451.2  (19%) 

