o3-mini runs: 24
o3-mini input tokens: 30291
o3-mini output tokens: 54464
# of functions: 3
HLS runs: 25
Compile runs: 30
Time for c2hlsc:  1000040
Time for agent:  210886
Agent sequence:  ['synthesis: odd_factorial 0, even_sum 1, compute2 0', 'synthesis: odd_factorial 0, even_sum 0, compute2 0', 'synthesis: even_sum 1, odd_factorial 0, compute2 0', 'inspect: odd_factorial 0, even_sum 0, compute2 0', 'synthesis: odd_factorial 0, even_sum 1, compute2 0', 'synthesis: odd_factorial 0, even_sum 0, compute2 0', 'synthesis: odd_factorial 0, even_sum 1, compute2 0', 'synthesis: odd_factorial 1, even_sum 0, compute2 0', 'solution: odd_factorial 0, even_sum 1, compute2 0']
Agent synthesis calls:  7
Agent python calls:  0
Agent profile calls:  0
Agent inspect calls:  1
Agent solution calls:  1
  Process        Real Operation(s) count Latency Throughput Reset Length II Comments 

  -------------- ----------------------- ------- ---------- ------------ -- --------

  /compute2/core                      17       3          4            0  0          

  Design Total:                       17       3          4            0  0          

                    Post-Scheduling   Post-DP & FSM Post-Assignment 

  ----------------- --------------- --------------- ---------------

  Total Area Score:   4448.8          7031.1          4137.1        

  Total Reg:          1008.7  (23%)    838.2  (12%)    838.2  (20%) 

