o3-mini runs: 27
o3-mini input tokens: 36348
o3-mini output tokens: 67323
# of functions: 4
HLS runs: 29
Compile runs: 42
Time for c2hlsc:  1141666
Time for agent:  111892
Agent sequence:  ['synthesis: odd_factorial 0, fibonacci 0, even_sum 1, compute4 2', 'synthesis: odd_factorial 0, fibonacci 0, even_sum 0, compute4 2', 'synthesis: odd_factorial 0, fibonacci 0, even_sum 0, compute4 0', 'synthesis: compute4 2, odd_factorial 0, fibonacci 0, even_sum 1', "python: '''import itertools", 'solution: odd_factorial 0, fibonacci 0, even_sum 0, compute4 2']
Agent synthesis calls:  4
Agent python calls:  1
Agent profile calls:  0
Agent inspect calls:  0
Agent solution calls:  1
  Process        Real Operation(s) count Latency Throughput Reset Length II Comments 

  -------------- ----------------------- ------- ---------- ------------ -- --------

  /compute4/core                      43      12         13            0  0        ? 

  Design Total:                       43      12         13            0  0          

                    Post-Scheduling   Post-DP & FSM Post-Assignment 

  ----------------- --------------- --------------- ---------------

  Total Area Score:   6822.6          7240.9          5278.3        

  Total Reg:          3026.0  (44%)   1273.7  (18%)   1273.7  (24%) 

