o3-mini runs: 32
o3-mini input tokens: 54732
o3-mini output tokens: 87074
# of functions: 4
HLS runs: 31
Compile runs: 42
Time for c2hlsc:  1237939
Time for agent:  466565
Agent sequence:  ['synthesis: odd_factorial 0, fibonacci 0, even_sum 1, compute4 0', 'synthesis: odd_factorial 0, fibonacci 3, even_sum 0, compute4 0', 'synthesis: odd_factorial 0, fibonacci 0, even_sum 0, compute4 0', 'synthesis: odd_factorial 0, fibonacci 0, even_sum 4, compute4 0', 'synthesis: odd_factorial 0, fibonacci 3, even_sum 4, compute4 0', 'synthesis: odd_factorial 0, fibonacci 3, even_sum 1, compute4 0', 'synthesis: odd_factorial 0, fibonacci 3, even_sum 0, compute4 0', "python: '''", "python: '''", 'solution: odd_factorial 0, fibonacci 3, even_sum 0, compute4 0']
Agent synthesis calls:  7
Agent python calls:  2
Agent profile calls:  0
Agent inspect calls:  0
Agent solution calls:  1
Seconds lost due to API down:  0
  Process        Real Operation(s) count Latency Throughput Reset Length II Comments 

  -------------- ----------------------- ------- ---------- ------------ -- --------

  /compute4/core                      42       8          9            0  0        ? 

  Design Total:                       42       8          9            0  0          

                    Post-Scheduling   Post-DP & FSM Post-Assignment 

  ----------------- --------------- --------------- ---------------

  Total Area Score:   5493.1          6370.2          5137.2        

  Total Reg:          1627.9  (30%)   1056.7  (17%)   1056.7  (21%) 

