-- Catapult Ultra Synthesis: Report                                              
-- ------------------------- ---------------------------------------------------
-- Version:                  2023.1_2/1049935 Production Release                 
-- Build Date:               Sat Jun 10 10:53:51 PDT 2023                        
                                                                                 
-- Generated by:             ajh9498@hansolo.poly.edu                            
-- Generated date:           Fri Feb 28 22:32:21 EST 2025                        

Solution Settings: filter.v1
  Current state: extract
  Project: Catapult_46

Design Input Files Specified
  $PROJECT_HOME/tmp_filter/filter_deepseek-chat_agent_8.c
    $PROJECT_HOME/include/ac_float.h
      $PROJECT_HOME/include/ac_fixed.h
        $PROJECT_HOME/include/ac_int.h

Processes/Blocks in Design
  Process       Real Operation(s) count Latency Throughput Reset Length II Comments 
  ------------- ----------------------- ------- ---------- ------------ -- --------
  /filter/core                       51      11         12            0  0          
  Design Total:                      51      11         12            0  0          
  
Bill Of Materials (Datapath)
  Component Name                 Area Score Area(Combinational)  AreaSeq Delay Post Alloc Post Assign 
  ------------------------------ ---------- ------------------- -------- ----- ---------- -----------
  [Lib: VIRTUAL]                                                                                      
  mgc_rom_0(2,8)                      6.118               0.000    0.000 0.186          2           2 
  [Lib: ccs_ioport]                                                                                   
  ccs_in(1,32)                        0.000               0.000    0.000 0.000          1           1 
  ccs_out(2,32)                       0.000               0.000    0.000 0.000          1           1 
  ccs_out(3,32)                       0.000               0.000    0.000 0.000          1           1 
  [Lib: mgc_ioport]                                                                                   
  mgc_io_sync(0)                      0.000               0.000    0.000 0.000          3           3 
  [Lib: nangate-45nm_beh]                                                                             
  mgc_add(2,0,1,1,2,6)               10.110               0.000    0.000 0.064          1           1 
  mgc_add(3,0,1,0,3,7)                9.576               0.000    0.000 0.218          0           3 
  mgc_add(3,0,2,1,3,7)               14.963               0.000    0.000 0.308          3           0 
  mgc_add(32,0,32,0,32,7)           136.192              95.813    0.000 2.343          3           3 
  mgc_add_msb(3,0,2,1,3,6)            7.778               0.000    0.000 0.177          1           0 
  mgc_add_msb(4,0,3,0,4,5)            7.847               0.000    0.000 0.157          3           3 
  mgc_and(1,2,4)                      1.064               0.000    0.000 0.077          0           5 
  mgc_and(1,3,4)                      1.330               0.000    0.000 0.084          0           2 
  mgc_and(2,2,4)                      2.128               0.012    0.000 0.077          1           1 
  mgc_and(3,2,4)                      3.192               1.314    0.000 0.077          0           3 
  mgc_and(32,2,4)                    34.048              49.912    0.000 0.077          0           3 
  mgc_mul(2,0,32,0,32,7)            207.260             200.259    0.000 2.577          2           2 
  mgc_mul(2,1,32,0,32,7)            207.260             200.259    0.000 2.577          1           1 
  mgc_mux(2,1,2,5)                    3.724               0.000    0.000 0.088          0           1 
  mgc_mux(32,1,2,5)                  59.584              76.931    0.000 0.156          4           2 
  mgc_mux(32,2,4,5)                 125.366             155.326    0.000 0.411          1           1 
  mgc_mux(32,3,8,5)                 243.333             311.001    0.000 0.366          3           3 
  mgc_nand(1,2,4)                     0.798               0.000    0.000 0.061          0           1 
  mgc_nor(1,2,2)                      0.798               0.000    0.000 0.097          0           3 
  mgc_nor(1,3,4)                      1.064               0.000    0.000 0.132          0           6 
  mgc_not(1,1)                        0.532               0.532    0.000 0.039          0          18 
  mgc_not(2,1)                        1.064               0.709    0.000 0.039          0           1 
  mgc_or(1,2,2)                       1.064               0.616    0.000 0.078          0           1 
  mgc_or(1,3,4)                       1.330               0.000    0.000 0.115          0           1 
  mgc_or(2,2,2)                       2.128               1.918    0.000 0.078          1           0 
  mgc_reg_pos(1,0,0,1,0,0,0,1)        6.384               1.862    4.522 0.106          0           2 
  mgc_reg_pos(2,0,0,1,0,0,0,1)       12.768               3.724    9.044 0.106          0           1 
  mgc_reg_pos(3,0,0,1,0,0,0,1)       19.152               5.586   13.566 0.106          0           3 
  mgc_reg_pos(32,0,0,1,0,0,0,1)     204.288              59.584  144.704 0.106          0           2 
  mgc_reg_pos(32,0,0,1,0,1,1,1)     204.288              59.584  144.704 0.106          0          16 
  mgc_xnor(1,2,4)                     1.596               0.000    0.000 0.000          0           1 
                                                                                                      
  TOTAL AREA (After Assignment):   5989.439            3392.000 2663.000                              
  
Area Scores
                    Post-Scheduling   Post-DP & FSM Post-Assignment 
  ----------------- --------------- --------------- ---------------
  Total Area Score:   7225.5          6820.6          6019.0        
  Total Reg:          4998.7  (69%)   3990.5  (59%)   3786.2  (63%) 
                                                                    
  DataPath:           7225.5 (100%)   6791.6 (100%)   5989.4 (100%) 
    MUX:              1093.7  (15%)   1484.9  (22%)    978.3  (16%) 
    FUNC:             1128.9  (16%)   1252.9  (18%)   1092.7  (18%) 
    LOGIC:               4.3   (0%)     77.1   (1%)    146.0   (2%) 
    BUFFER:              0.0             0.0             0.0        
    MEM:                 0.0             0.0             0.0        
    ROM:                 0.0            12.2   (0%)     12.2   (0%) 
    REG:              4998.7  (69%)   3964.5  (58%)   3760.2  (63%) 
                                                                    
  
  FSM:                   0.0            29.0   (0%)     29.5   (0%) 
    FSM-REG:             0.0            26.0  (90%)     26.0  (88%) 
    FSM-COMB:            0.0             3.0  (10%)      3.5  (12%) 
                                                                    
  
  
  (MUX = multiplexers; FUNC = datapath logic (e.g. add/mult); LOGIC = control logic)

Register-to-Variable Mappings
  Register                          Size(bits) Gated Register CG Opt Done Variables                                             
  --------------------------------- ---------- -------------- ----------- -----------------------------------------------------
  fir:acc.sva                               32         Y           Y      fir:acc.sva                                           
                                                                          fir:delay_lane(0).sva                                 
  fir:delay_lane(1).lpi#2                   32         Y           Y      fir:delay_lane(1).lpi#2                               
                                                                          fir:delay_lane(1).sva                                 
                                                                          fir:delay_lane(1).sva#1                               
  fir:delay_lane(2).lpi#2                   32         Y           Y      fir:delay_lane(2).lpi#2                               
                                                                          fir:delay_lane(2).sva                                 
                                                                          fir:delay_lane(2).sva#1                               
  fir:delay_lane(3).lpi#2                   32         Y           Y      fir:delay_lane(3).lpi#2                               
                                                                          fir:delay_lane(3).sva                                 
                                                                          fir:delay_lane(3).sva#1                               
  fir:delay_lane(4).lpi#2                   32         Y           Y      fir:delay_lane(4).lpi#2                               
                                                                          fir:delay_lane(4).sva#1                               
  fir_output:rsci.idat                      32         Y           Y      fir_output:rsci.idat                                  
  iir:feedback.sva                          32                            iir:feedback.sva                                      
                                                                          iir:feedback.sva#1                                    
  iir:feedforward.sva                       32                            iir:feedforward.sva                                   
                                                                          iir:feedforward.sva#1                                 
  iir:input_delay_lane(0).sva               32         Y           Y      iir:input_delay_lane(0).sva                           
  iir:input_delay_lane(1).sva               32         Y           Y      iir:input_delay_lane(1).sva                           
  iir:input_delay_lane(2).sva               32         Y           Y      iir:input_delay_lane(2).sva                           
  iir:input_delay_lane(3).sva               32         Y           Y      iir:input_delay_lane(3).sva                           
  iir:output_delay_lane(1).sva              32         Y           Y      iir:output_delay_lane(1).sva                          
  iir:output_delay_lane(2).sva              32         Y           Y      iir:output_delay_lane(2).sva                          
  iir:output_delay_lane(3).sva              32         Y           Y      iir:output_delay_lane(3).sva                          
  iir:output_delay_lane(4).sva              32         Y           Y      iir:output_delay_lane(4).sva                          
  input.sva                                 32         Y           Y      input.sva                                             
  reg(iir_output:rsci.idat).cse             32         Y           Y      reg(iir_output:rsci.idat).cse                         
  fir:for#1:i(2:0).sva                       3                            fir:for#1:i(2:0).sva                                  
  iir:for#1:i(2:0).sva                       3                            iir:for#1:i(2:0).sva                                  
  iir:for#2:i(2:0).sva                       3                            iir:for#2:i(2:0).sva                                  
  fir:for:i(1:0).sva                         2                            fir:for:i(1:0).sva                                    
  iir_output.triosy:obj.ld                   1                            iir_output.triosy:obj.ld                              
  reg(fir_output.triosy:obj.ld).cse          1                            reg(fir_output.triosy:obj.ld).cse                     
                                                                                                                                
  Total:                                   589            512         512 (Total Gating Ratio: 0.87, CG Opt Gating Ratio: 0.87) 
  
Timing Report
  Critical Path
    Max Delay:  5.626373999999999
    Slack:      14.373626000000002
    
    Path                                              Startpoint                               Endpoint                         Delay  Slack   
    ------------------------------------------------- ---------------------------------------- -------------------------------- ------ -------
    1                                                 filter:core/reg(input)                   filter:core/reg(fir:acc)         5.6264 14.3736 
                                                                                                                                               
      Instance                                        Component                                                                 Delta  Delay   
      --------                                        ---------                                                                 -----  -----   
      filter:core/reg(input)                          mgc_reg_pos_32_0_0_1_0_1_1_1                                              0.1060 0.1060  
      filter:core/input.sva                                                                                                     0.0000 0.1060  
      filter:core/fir:for#1:mux                       mgc_mux_32_3_8_5                                                          0.3662 0.4722  
      filter:core/fir:for#1:mux.itm                                                                                             0.0000 0.4722  
      filter:core/fir:for#1:mul                       mgc_mul_2_0_32_0_32_7                                                     2.5773 3.0496  
      filter:core/fir:for#1:mul.itm                                                                                             0.0000 3.0496  
      filter:core/fir:for#1:acc#1                     mgc_addc_32_0_32_0_32_7                                                   2.3429 5.3925  
      filter:core/fir:acc.sva#1:mx0w0                                                                                           0.0000 5.3925  
      filter:core/fir:mux                             mgc_mux_32_1_2_5                                                          0.1564 5.5489  
      filter:core/fir:mux.itm                                                                                                   0.0000 5.5489  
      filter:core/fir:fir:and                         mgc_and_32_2_4                                                            0.0775 5.6264  
      filter:core/fir:fir:and.itm                                                                                               0.0000 5.6264  
      filter:core/reg(fir:acc)                        mgc_reg_pos_32_0_0_1_0_1_1_1                                              0.0000 5.6264  
                                                                                                                                               
    2                                                 filter:core/reg(input)                   filter:core/reg(iir:feedforward) 5.6264 14.3736 
                                                                                                                                               
      Instance                                        Component                                                                 Delta  Delay   
      --------                                        ---------                                                                 -----  -----   
      filter:core/reg(input)                          mgc_reg_pos_32_0_0_1_0_1_1_1                                              0.1060 0.1060  
      filter:core/input.sva                                                                                                     0.0000 0.1060  
      filter:core/iir:for#1:mux                       mgc_mux_32_3_8_5                                                          0.3662 0.4722  
      filter:core/iir:for#1:mux.itm                                                                                             0.0000 0.4722  
      filter:core/iir:for#1:mul                       mgc_mul_2_0_32_0_32_7                                                     2.5773 3.0496  
      filter:core/iir:for#1:mul.itm                                                                                             0.0000 3.0496  
      filter:core/iir:for#1:mux#2                     mgc_mux_32_1_2_5                                                          0.1564 3.2060  
      filter:core/iir:for#1:mux#2.itm                                                                                           0.0000 3.2060  
      filter:core/iir:for#1:acc#1:rg                  mgc_addc_32_0_32_0_32_7                                                   2.3429 5.5489  
      filter:core/z.out                                                                                                         0.0000 5.5489  
      filter:core/iir:feedback:iir:feedback:and#1     mgc_and_32_2_4                                                            0.0775 5.6264  
      filter:core/iir:feedback:iir:feedback:and#1.itm                                                                           0.0000 5.6264  
      filter:core/reg(iir:feedforward)                mgc_reg_pos_32_0_0_1_0_0_0_1                                              0.0000 5.6264  
                                                                                                                                               
    3                                                 filter:core/reg(iir:input_delay_lane(2)) filter:core/reg(iir:feedforward) 5.6264 14.3736 
                                                                                                                                               
      Instance                                        Component                                                                 Delta  Delay   
      --------                                        ---------                                                                 -----  -----   
      filter:core/reg(iir:input_delay_lane(2))        mgc_reg_pos_32_0_0_1_0_1_1_1                                              0.1060 0.1060  
      filter:core/iir:input_delay_lane(2).sva                                                                                   0.0000 0.1060  
      filter:core/iir:for#1:mux                       mgc_mux_32_3_8_5                                                          0.3662 0.4722  
      filter:core/iir:for#1:mux.itm                                                                                             0.0000 0.4722  
      filter:core/iir:for#1:mul                       mgc_mul_2_0_32_0_32_7                                                     2.5773 3.0496  
      filter:core/iir:for#1:mul.itm                                                                                             0.0000 3.0496  
      filter:core/iir:for#1:mux#2                     mgc_mux_32_1_2_5                                                          0.1564 3.2060  
      filter:core/iir:for#1:mux#2.itm                                                                                           0.0000 3.2060  
      filter:core/iir:for#1:acc#1:rg                  mgc_addc_32_0_32_0_32_7                                                   2.3429 5.5489  
      filter:core/z.out                                                                                                         0.0000 5.5489  
      filter:core/iir:feedback:iir:feedback:and#1     mgc_and_32_2_4                                                            0.0775 5.6264  
      filter:core/iir:feedback:iir:feedback:and#1.itm                                                                           0.0000 5.6264  
      filter:core/reg(iir:feedforward)                mgc_reg_pos_32_0_0_1_0_0_0_1                                              0.0000 5.6264  
                                                                                                                                               
    4                                                 filter:core/reg(iir:input_delay_lane(0)) filter:core/reg(iir:feedforward) 5.6264 14.3736 
                                                                                                                                               
      Instance                                        Component                                                                 Delta  Delay   
      --------                                        ---------                                                                 -----  -----   
      filter:core/reg(iir:input_delay_lane(0))        mgc_reg_pos_32_0_0_1_0_1_1_1                                              0.1060 0.1060  
      filter:core/iir:input_delay_lane(0).sva                                                                                   0.0000 0.1060  
      filter:core/iir:for#1:mux                       mgc_mux_32_3_8_5                                                          0.3662 0.4722  
      filter:core/iir:for#1:mux.itm                                                                                             0.0000 0.4722  
      filter:core/iir:for#1:mul                       mgc_mul_2_0_32_0_32_7                                                     2.5773 3.0496  
      filter:core/iir:for#1:mul.itm                                                                                             0.0000 3.0496  
      filter:core/iir:for#1:mux#2                     mgc_mux_32_1_2_5                                                          0.1564 3.2060  
      filter:core/iir:for#1:mux#2.itm                                                                                           0.0000 3.2060  
      filter:core/iir:for#1:acc#1:rg                  mgc_addc_32_0_32_0_32_7                                                   2.3429 5.5489  
      filter:core/z.out                                                                                                         0.0000 5.5489  
      filter:core/iir:feedback:iir:feedback:and#1     mgc_and_32_2_4                                                            0.0775 5.6264  
      filter:core/iir:feedback:iir:feedback:and#1.itm                                                                           0.0000 5.6264  
      filter:core/reg(iir:feedforward)                mgc_reg_pos_32_0_0_1_0_0_0_1                                              0.0000 5.6264  
                                                                                                                                               
    5                                                 filter:core/reg(iir:for#1:i(2:0))        filter:core/reg(iir:feedforward) 5.6264 14.3736 
                                                                                                                                               
      Instance                                        Component                                                                 Delta  Delay   
      --------                                        ---------                                                                 -----  -----   
      filter:core/reg(iir:for#1:i(2:0))               mgc_reg_pos_3_0_0_1_0_0_0_1                                               0.1060 0.1060  
      filter:core/iir:for#1:i(2:0).sva                                                                                          0.0000 0.1060  
      filter:core/iir:for#1:mux                       mgc_mux_32_3_8_5                                                          0.3662 0.4722  
      filter:core/iir:for#1:mux.itm                                                                                             0.0000 0.4722  
      filter:core/iir:for#1:mul                       mgc_mul_2_0_32_0_32_7                                                     2.5773 3.0496  
      filter:core/iir:for#1:mul.itm                                                                                             0.0000 3.0496  
      filter:core/iir:for#1:mux#2                     mgc_mux_32_1_2_5                                                          0.1564 3.2060  
      filter:core/iir:for#1:mux#2.itm                                                                                           0.0000 3.2060  
      filter:core/iir:for#1:acc#1:rg                  mgc_addc_32_0_32_0_32_7                                                   2.3429 5.5489  
      filter:core/z.out                                                                                                         0.0000 5.5489  
      filter:core/iir:feedback:iir:feedback:and#1     mgc_and_32_2_4                                                            0.0775 5.6264  
      filter:core/iir:feedback:iir:feedback:and#1.itm                                                                           0.0000 5.6264  
      filter:core/reg(iir:feedforward)                mgc_reg_pos_32_0_0_1_0_0_0_1                                              0.0000 5.6264  
                                                                                                                                               
    6                                                 filter:core/reg(fir:for#1:i(2:0))        filter:core/reg(fir:acc)         5.6264 14.3736 
                                                                                                                                               
      Instance                                        Component                                                                 Delta  Delay   
      --------                                        ---------                                                                 -----  -----   
      filter:core/reg(fir:for#1:i(2:0))               mgc_reg_pos_3_0_0_1_0_0_0_1                                               0.1060 0.1060  
      filter:core/fir:for#1:i(2:0).sva                                                                                          0.0000 0.1060  
      filter:core/fir:for#1:mux                       mgc_mux_32_3_8_5                                                          0.3662 0.4722  
      filter:core/fir:for#1:mux.itm                                                                                             0.0000 0.4722  
      filter:core/fir:for#1:mul                       mgc_mul_2_0_32_0_32_7                                                     2.5773 3.0496  
      filter:core/fir:for#1:mul.itm                                                                                             0.0000 3.0496  
      filter:core/fir:for#1:acc#1                     mgc_addc_32_0_32_0_32_7                                                   2.3429 5.3925  
      filter:core/fir:acc.sva#1:mx0w0                                                                                           0.0000 5.3925  
      filter:core/fir:mux                             mgc_mux_32_1_2_5                                                          0.1564 5.5489  
      filter:core/fir:mux.itm                                                                                                   0.0000 5.5489  
      filter:core/fir:fir:and                         mgc_and_32_2_4                                                            0.0775 5.6264  
      filter:core/fir:fir:and.itm                                                                                               0.0000 5.6264  
      filter:core/reg(fir:acc)                        mgc_reg_pos_32_0_0_1_0_1_1_1                                              0.0000 5.6264  
                                                                                                                                               
    7                                                 filter:core/reg(fir:delay_lane(4))       filter:core/reg(fir:acc)         5.6264 14.3736 
                                                                                                                                               
      Instance                                        Component                                                                 Delta  Delay   
      --------                                        ---------                                                                 -----  -----   
      filter:core/reg(fir:delay_lane(4))              mgc_reg_pos_32_0_0_1_0_1_1_1                                              0.1060 0.1060  
      filter:core/fir:delay_lane(4).lpi#2                                                                                       0.0000 0.1060  
      filter:core/fir:for#1:mux                       mgc_mux_32_3_8_5                                                          0.3662 0.4722  
      filter:core/fir:for#1:mux.itm                                                                                             0.0000 0.4722  
      filter:core/fir:for#1:mul                       mgc_mul_2_0_32_0_32_7                                                     2.5773 3.0496  
      filter:core/fir:for#1:mul.itm                                                                                             0.0000 3.0496  
      filter:core/fir:for#1:acc#1                     mgc_addc_32_0_32_0_32_7                                                   2.3429 5.3925  
      filter:core/fir:acc.sva#1:mx0w0                                                                                           0.0000 5.3925  
      filter:core/fir:mux                             mgc_mux_32_1_2_5                                                          0.1564 5.5489  
      filter:core/fir:mux.itm                                                                                                   0.0000 5.5489  
      filter:core/fir:fir:and                         mgc_and_32_2_4                                                            0.0775 5.6264  
      filter:core/fir:fir:and.itm                                                                                               0.0000 5.6264  
      filter:core/reg(fir:acc)                        mgc_reg_pos_32_0_0_1_0_1_1_1                                              0.0000 5.6264  
                                                                                                                                               
    8                                                 filter:core/reg(fir:delay_lane(3))       filter:core/reg(fir:acc)         5.6264 14.3736 
                                                                                                                                               
      Instance                                        Component                                                                 Delta  Delay   
      --------                                        ---------                                                                 -----  -----   
      filter:core/reg(fir:delay_lane(3))              mgc_reg_pos_32_0_0_1_0_1_1_1                                              0.1060 0.1060  
      filter:core/fir:delay_lane(3).lpi#2                                                                                       0.0000 0.1060  
      filter:core/fir:for#1:mux                       mgc_mux_32_3_8_5                                                          0.3662 0.4722  
      filter:core/fir:for#1:mux.itm                                                                                             0.0000 0.4722  
      filter:core/fir:for#1:mul                       mgc_mul_2_0_32_0_32_7                                                     2.5773 3.0496  
      filter:core/fir:for#1:mul.itm                                                                                             0.0000 3.0496  
      filter:core/fir:for#1:acc#1                     mgc_addc_32_0_32_0_32_7                                                   2.3429 5.3925  
      filter:core/fir:acc.sva#1:mx0w0                                                                                           0.0000 5.3925  
      filter:core/fir:mux                             mgc_mux_32_1_2_5                                                          0.1564 5.5489  
      filter:core/fir:mux.itm                                                                                                   0.0000 5.5489  
      filter:core/fir:fir:and                         mgc_and_32_2_4                                                            0.0775 5.6264  
      filter:core/fir:fir:and.itm                                                                                               0.0000 5.6264  
      filter:core/reg(fir:acc)                        mgc_reg_pos_32_0_0_1_0_1_1_1                                              0.0000 5.6264  
                                                                                                                                               
    9                                                 filter:core/reg(iir:input_delay_lane(1)) filter:core/reg(iir:feedforward) 5.6264 14.3736 
                                                                                                                                               
      Instance                                        Component                                                                 Delta  Delay   
      --------                                        ---------                                                                 -----  -----   
      filter:core/reg(iir:input_delay_lane(1))        mgc_reg_pos_32_0_0_1_0_1_1_1                                              0.1060 0.1060  
      filter:core/iir:input_delay_lane(1).sva                                                                                   0.0000 0.1060  
      filter:core/iir:for#1:mux                       mgc_mux_32_3_8_5                                                          0.3662 0.4722  
      filter:core/iir:for#1:mux.itm                                                                                             0.0000 0.4722  
      filter:core/iir:for#1:mul                       mgc_mul_2_0_32_0_32_7                                                     2.5773 3.0496  
      filter:core/iir:for#1:mul.itm                                                                                             0.0000 3.0496  
      filter:core/iir:for#1:mux#2                     mgc_mux_32_1_2_5                                                          0.1564 3.2060  
      filter:core/iir:for#1:mux#2.itm                                                                                           0.0000 3.2060  
      filter:core/iir:for#1:acc#1:rg                  mgc_addc_32_0_32_0_32_7                                                   2.3429 5.5489  
      filter:core/z.out                                                                                                         0.0000 5.5489  
      filter:core/iir:feedback:iir:feedback:and#1     mgc_and_32_2_4                                                            0.0775 5.6264  
      filter:core/iir:feedback:iir:feedback:and#1.itm                                                                           0.0000 5.6264  
      filter:core/reg(iir:feedforward)                mgc_reg_pos_32_0_0_1_0_0_0_1                                              0.0000 5.6264  
                                                                                                                                               
    10                                                filter:core/reg(iir:input_delay_lane(3)) filter:core/reg(iir:feedforward) 5.6264 14.3736 
                                                                                                                                               
      Instance                                        Component                                                                 Delta  Delay   
      --------                                        ---------                                                                 -----  -----   
      filter:core/reg(iir:input_delay_lane(3))        mgc_reg_pos_32_0_0_1_0_1_1_1                                              0.1060 0.1060  
      filter:core/iir:input_delay_lane(3).sva                                                                                   0.0000 0.1060  
      filter:core/iir:for#1:mux                       mgc_mux_32_3_8_5                                                          0.3662 0.4722  
      filter:core/iir:for#1:mux.itm                                                                                             0.0000 0.4722  
      filter:core/iir:for#1:mul                       mgc_mul_2_0_32_0_32_7                                                     2.5773 3.0496  
      filter:core/iir:for#1:mul.itm                                                                                             0.0000 3.0496  
      filter:core/iir:for#1:mux#2                     mgc_mux_32_1_2_5                                                          0.1564 3.2060  
      filter:core/iir:for#1:mux#2.itm                                                                                           0.0000 3.2060  
      filter:core/iir:for#1:acc#1:rg                  mgc_addc_32_0_32_0_32_7                                                   2.3429 5.5489  
      filter:core/z.out                                                                                                         0.0000 5.5489  
      filter:core/iir:feedback:iir:feedback:and#1     mgc_and_32_2_4                                                            0.0775 5.6264  
      filter:core/iir:feedback:iir:feedback:and#1.itm                                                                           0.0000 5.6264  
      filter:core/reg(iir:feedforward)                mgc_reg_pos_32_0_0_1_0_0_0_1                                              0.0000 5.6264  
                                                                                                                                               
    
  Register Input and Register-to-Output Slack
    Clock period or pin-to-reg delay constraint (clk): 20.0
    Clock uncertainty constraint (clk)               : 0.0
    
    Instance                                  Port                                                         Slack (Delay) Messages 
    ----------------------------------------- ---------------------------------------------------------- ------- ------- --------
    filter:core/reg(iir_output:rsci.idat)     z.out                                                      14.3736  5.6264          
    filter:core/reg(iir:output_delay_lane(1)) reg(iir_output:rsci.idat).cse                              14.5300  5.4700          
    filter:core/reg(iir:output_delay_lane(2)) iir:output_delay_lane(1).sva                               14.5300  5.4700          
    filter:core/reg(iir:output_delay_lane(3)) iir:output_delay_lane(2).sva                               14.5300  5.4700          
    filter:core/reg(iir:output_delay_lane(4)) iir:output_delay_lane(3).sva                               14.5300  5.4700          
    filter:core/reg(input)                    input:rsci.idat                                            20.0000  0.0000          
    filter:core/reg(iir:input_delay_lane(0))  input.sva                                                  14.3736  5.6264          
    filter:core/reg(iir:input_delay_lane(1))  iir:input_delay_lane(0).sva                                14.3736  5.6264          
    filter:core/reg(iir:input_delay_lane(2))  iir:input_delay_lane(1).sva                                14.3736  5.6264          
    filter:core/reg(iir:input_delay_lane(3))  iir:input_delay_lane(2).sva                                14.3736  5.6264          
    filter:core/reg(fir_output:rsci.idat)     fir:acc.sva#1:mx0w0                                        14.3736  5.6264          
    filter:core/reg(fir:for:i(1:0))           fir:for:i:fir:for:i:and.itm                                19.7525  0.2475          
    filter:core/reg(fir:delay_lane(4))        fir:for:fir:for:slc(fir:delay_lane,*32)(31-0)#1.ctmp.sva#1 19.4831  0.5169          
    filter:core/reg(fir:delay_lane(3))        fir:for:fir:for:slc(fir:delay_lane,*32)(31-0)#1.ctmp.sva#1 19.4831  0.5169          
    filter:core/reg(fir:delay_lane(1))        fir:for:fir:for:slc(fir:delay_lane,*32)(31-0)#1.ctmp.sva#1 19.4831  0.5169          
    filter:core/reg(fir:delay_lane(2))        fir:for:fir:for:slc(fir:delay_lane,*32)(31-0)#1.ctmp.sva#1 19.4831  0.5169          
    filter:core/reg(iir_output.triosy:obj.ld) slc(fsm_output)(3)#1.itm                                   20.0000  0.0000          
    filter:core/reg(fir_output.triosy:obj.ld) or.tmp#20                                                  18.8856  1.1144          
    filter:core/reg(fir:acc)                  fir:fir:and.itm                                            14.3736  5.6264          
    filter:core/reg(iir:for#2:i(2:0))         iir:for#2:i:iir:for#2:i:and.itm                            19.4081  0.5919          
    filter:core/reg(iir:feedback)             iir:feedback:iir:feedback:and.itm                          14.5300  5.4700          
    filter:core/reg(iir:for#1:i(2:0))         iir:for#2:i:iir:for#2:i:and#1.itm                          19.5986  0.4014          
    filter:core/reg(iir:feedforward)          iir:feedback:iir:feedback:and#1.itm                        14.3736  5.6264          
    filter:core/reg(fir:for#1:i(2:0))         iir:for#2:i:iir:for#2:i:and#2.itm                          19.5986  0.4014          
    filter                                    input.triosy.lz                                            19.8940  0.1060          
    filter                                    fir_output:rsc.dat                                         19.8940  0.1060          
    filter                                    fir_output.triosy.lz                                       19.8940  0.1060          
    filter                                    iir_output:rsc.dat                                         19.8940  0.1060          
    filter                                    iir_output.triosy.lz                                       19.8940  0.1060          
    
Operator Bitwidth Summary
  Operation  Size (bits) Count 
  ---------- ----------- -----
  add                          
  -                    4     3 
  -                   32     3 
  -                    3     3 
  -                    2     1 
  and                          
  -                   32     3 
  -                    3     3 
  -                    2     1 
  -                    1     7 
  mul                          
  -                   32     3 
  mux                          
  -                   32     6 
  -                    2     1 
  nand                         
  -                    1     1 
  nor                          
  -                    1     9 
  not                          
  -                    2     1 
  -                    1    18 
  or                           
  -                    1     2 
  read_port                    
  -                   32     1 
  read_sync                    
  -                    0     3 
  reg                          
  -                   32    18 
  -                    3     3 
  -                    2     1 
  -                    1     2 
  write_port                   
  -                    0     2 
  xnor                         
  -                    1     1 
  
End of Report
