o3-mini runs: 45
o3-mini input tokens: 132854
o3-mini output tokens: 98849
# of functions: 6
HLS runs: 48
Compile runs: 75
Time for c2hlsc:  1885846
Time for agent:  427393
Agent sequence:  ["python: '''", 'synthesis: AddRoundKey_hls 4, SubBytes_hls 3, ShiftRows_hls 4, xtime 2, MixColumns_hls 4, Cipher_hls 0', 'synthesis: AddRoundKey_hls 2, SubBytes_hls 2, ShiftRows_hls 1, xtime 0, MixColumns_hls 0, Cipher_hls 1', 'synthesis: AddRoundKey_hls 4, SubBytes_hls 3, ShiftRows_hls 4, xtime 2, MixColumns_hls 4, Cipher_hls 0', 'synthesis: AddRoundKey_hls 4, SubBytes_hls 0, ShiftRows_hls 1, xtime 0, MixColumns_hls 0, Cipher_hls 0', 'synthesis: AddRoundKey_hls 4, SubBytes_hls 2, ShiftRows_hls 1, xtime 0, MixColumns_hls 0, Cipher_hls 0', 'solution: AddRoundKey_hls 4, SubBytes_hls 2, ShiftRows_hls 1, xtime 0, MixColumns_hls 0, Cipher_hls 0']
Agent synthesis calls:  5
Agent python calls:  1
Agent profile calls:  0
Agent inspect calls:  0
Agent solution calls:  1
Seconds lost due to API down:  0
  Process          Real Operation(s) count Latency Throughput Reset Length II Comments 

  ---------------- ----------------------- ------- ---------- ------------ -- --------

  /Cipher_hls/core                     357     364        366            2  0          

  Design Total:                        357     364        366            2  0          

                    Post-Scheduling   Post-DP & FSM Post-Assignment 

  ----------------- --------------- --------------- ---------------

  Total Area Score:  11737.1          5485.8          5644.9        

  Total Reg:          4098.5  (35%)   2930.2  (53%)   2930.2  (52%) 

