o3-mini runs: 24
o3-mini input tokens: 31684
o3-mini output tokens: 57677
# of functions: 4
HLS runs: 27
Compile runs: 40
Time for c2hlsc:  1228691
Time for agent:  283983
Agent sequence:  ['synthesis: odd_factorial 0, fibonacci 2, even_sum 1, compute6 1', 'synthesis: odd_factorial 0, fibonacci 2, even_sum 0, compute6 0', 'synthesis: odd_factorial 0, fibonacci 2, even_sum 1, compute6 3', 'solution: odd_factorial 0, fibonacci 2, even_sum 1, compute6 1']
Agent synthesis calls:  3
Agent python calls:  0
Agent profile calls:  0
Agent inspect calls:  0
Agent solution calls:  1
Seconds lost due to API down:  0
  Process        Real Operation(s) count Latency Throughput Reset Length II Comments 

  -------------- ----------------------- ------- ---------- ------------ -- --------

  /compute6/core                      73      33         37            0  0        ? 

  Design Total:                       73      33         37            0  0          

                    Post-Scheduling    Post-DP & FSM Post-Assignment 

  ----------------- --------------- ---------------- ---------------

  Total Area Score:  11280.1          14146.8          7164.2        

  Total Reg:          3594.2  (32%)    2218.6  (16%)   2218.6  (31%) 

