o3-mini runs: 63
o3-mini input tokens: 116271
o3-mini output tokens: 170640
# of functions: 6
HLS runs: 63
Compile runs: 102
Time for c2hlsc:  2004060
Time for agent:  2247601
Agent sequence:  ["python: '''", 'synthesis: copyKey_hls 3, copyBlock_hls 3, generateRoundKeys80_hls 0, addRoundKey_hls 1, pLayer_hls 1, present80_encryptBlock_hls 1', 'synthesis: copyKey_hls 4, copyBlock_hls 2, generateRoundKeys80_hls 2, addRoundKey_hls 3, pLayer_hls 4, present80_encryptBlock_hls 1', 'synthesis: copyKey_hls 3, copyBlock_hls 3, generateRoundKeys80_hls 0, addRoundKey_hls 1, pLayer_hls 1, present80_encryptBlock_hls 1', 'synthesis: copyKey_hls 3, copyBlock_hls 4, generateRoundKeys80_hls 0, addRoundKey_hls 1, pLayer_hls 1, present80_encryptBlock_hls 1', 'synthesis: copyKey_hls 4, copyBlock_hls 2, generateRoundKeys80_hls 2, addRoundKey_hls 3, pLayer_hls 4, present80_encryptBlock_hls 1', 'synthesis: copyKey_hls 3, copyBlock_hls 2, generateRoundKeys80_hls 2, addRoundKey_hls 1, pLayer_hls 1, present80_encryptBlock_hls 1', 'synthesis: copyKey_hls 3, copyBlock_hls 3, generateRoundKeys80_hls 2, addRoundKey_hls 1, pLayer_hls 1, present80_encryptBlock_hls 1', 'synthesis: copyKey_hls 3, copyBlock_hls 4, generateRoundKeys80_hls 0, addRoundKey_hls 1, pLayer_hls 3, present80_encryptBlock_hls 1', 'solution: copyKey_hls 4, copyBlock_hls 2, generateRoundKeys80_hls 2, addRoundKey_hls 3, pLayer_hls 4, present80_encryptBlock_hls 1']
Agent synthesis calls:  8
Agent python calls:  1
Agent profile calls:  0
Agent inspect calls:  0
Agent solution calls:  1
Seconds lost due to API down:  0
  Process                          Real Operation(s) count Latency Throughput Reset Length II Comments 

  -------------------------------- ----------------------- ------- ---------- ------------ -- --------

  /present80_encryptBlock_hls/core                    2716     544        546            1  0          

  Design Total:                                       2716     544        546            1  0          

                     Post-Scheduling   Post-DP & FSM Post-Assignment 

  ----------------- ---------------- --------------- ---------------

  Total Area Score:   24325.6         24620.8         20071.5        

  Total Reg:           3753.8  (15%)   5170.6  (21%)   5170.6  (26%) 

