o3-mini runs: 42
o3-mini input tokens: 124343
o3-mini output tokens: 82169
# of functions: 6
HLS runs: 44
Compile runs: 75
Time for c2hlsc:  1885846
Time for agent:  187700
Agent sequence:  ["python: '''import sys", "python: '''import sys", 'synthesis: AddRoundKey_hls 3, SubBytes_hls 2, ShiftRows_hls 1, xtime 0, MixColumns_hls 2, Cipher_hls 0', 'solution: AddRoundKey_hls 3, SubBytes_hls 2, ShiftRows_hls 1, xtime 0, MixColumns_hls 2, Cipher_hls 0']
Agent synthesis calls:  1
Agent python calls:  2
Agent profile calls:  0
Agent inspect calls:  0
Agent solution calls:  1
Seconds lost due to API down:  0
  Process          Real Operation(s) count Latency Throughput Reset Length II Comments 

  ---------------- ----------------------- ------- ---------- ------------ -- --------

  /Cipher_hls/core                     370    1091       1096            0  0          

  Design Total:                        370    1091       1096            0  0          

                    Post-Scheduling  Post-DP & FSM Post-Assignment 

  ----------------- --------------- -------------- ---------------

  Total Area Score:   9712.1         2211.9          2630.2        

  Total Reg:          2100.3  (22%)  1101.1  (50%)   1101.1  (42%) 

