o3-mini runs: 32
o3-mini input tokens: 54594
o3-mini output tokens: 74215
# of functions: 5
HLS runs: 33
Compile runs: 52
Time for c2hlsc:  1094494
Time for agent:  177138
Agent sequence:  ['synthesis: shift 4, mac 0, iir 0, fir 0, filter 0', "python: '''import sys", 'synthesis: shift 0, mac 3, fir 4, iir 0, filter 0', 'synthesis: shift 0, mac 0, fir 0, iir 0, filter 0', 'solution: shift 0, mac 0, fir 0, iir 0, filter 0']
Agent synthesis calls:  3
Agent python calls:  1
Agent profile calls:  0
Agent inspect calls:  0
Agent solution calls:  1
Seconds lost due to API down:  0
  Process       Real Operation(s) count Latency Throughput Reset Length II Comments 

  ------------- ----------------------- ------- ---------- ------------ -- --------

  /filter/core                       35      12         13            0  0          

  Design Total:                      35      12         13            0  0          

                    Post-Scheduling   Post-DP & FSM Post-Assignment 

  ----------------- --------------- --------------- ---------------

  Total Area Score:   5626.5          9254.4          5491.2        

  Total Reg:          3977.2  (71%)   5426.9  (59%)   3792.6  (69%) 

