o3-mini runs: 28
o3-mini input tokens: 45233
o3-mini output tokens: 64640
# of functions: 4
HLS runs: 27
Compile runs: 42
Time for c2hlsc:  1237939
Time for agent:  209629
Agent sequence:  ['synthesis: odd_factorial 0, fibonacci 0, even_sum 1, compute4 0', 'synthesis: odd_factorial 0, fibonacci 3, even_sum 0, compute4 0', 'synthesis: odd_factorial 0, fibonacci 0, even_sum 0, compute4 0', "python: '''from ortools.sat.python import cp_model", "python: '''from ortools.sat.python import cp_model", 'solution: odd_factorial 0, fibonacci 0, even_sum 1, compute4 0']
Agent synthesis calls:  3
Agent python calls:  2
Agent profile calls:  0
Agent inspect calls:  0
Agent solution calls:  1
Seconds lost due to API down:  0
  Process        Real Operation(s) count Latency Throughput Reset Length II Comments 

  -------------- ----------------------- ------- ---------- ------------ -- --------

  /compute4/core                      32       6          7            0  0        ? 

  Design Total:                       32       6          7            0  0          

                    Post-Scheduling   Post-DP & FSM Post-Assignment 

  ----------------- --------------- --------------- ---------------

  Total Area Score:   8264.5         12058.8          5397.4        

  Total Reg:          1621.5  (20%)   1269.1  (11%)   1269.1  (24%) 

