o3-mini runs: 32
o3-mini input tokens: 78526
o3-mini output tokens: 86899
# of functions: 2
HLS runs: 33
Compile runs: 24
Time for c2hlsc:  1177125
Time for agent:  1272187
Agent sequence:  ['synthesis: sha256_transform_hls 0, sha256_update_hls 0', 'synthesis: sha256_transform_hls 2, sha256_update_hls 3', 'synthesis: sha256_transform_hls 0, sha256_update_hls 0', 'synthesis: sha256_transform_hls 0, sha256_update_hls 2', 'synthesis: sha256_transform_hls 0, sha256_update_hls 3', 'synthesis: sha256_transform_hls 0, sha256_update_hls 2', 'synthesis: sha256_transform_hls 2, sha256_update_hls 0', 'synthesis: sha256_transform_hls 2, sha256_update_hls 2', 'synthesis: sha256_transform_hls 0, sha256_update_hls 3', 'synthesis: sha256_transform_hls 1, sha256_update_hls 0', 'synthesis: sha256_transform_hls 2, sha256_update_hls 0', 'synthesis: sha256_transform_hls 2, sha256_update_hls 4', 'synthesis: sha256_transform_hls 0, sha256_update_hls 2', 'synthesis: sha256_transform_hls 2, sha256_update_hls 1', 'synthesis: sha256_transform_hls 0, sha256_update_hls 1', 'synthesis: sha256_transform_hls 1, sha256_update_hls 2', 'synthesis: sha256_transform_hls 3, sha256_update_hls 2', 'synthesis: sha256_transform_hls 4, sha256_update_hls 2', 'synthesis: sha256_transform_hls 4, sha256_update_hls 1', 'solution: sha256_transform_hls 0, sha256_update_hls 2']
Agent synthesis calls:  19
Agent python calls:  0
Agent profile calls:  0
Agent inspect calls:  0
Agent solution calls:  1
Seconds lost due to API down:  0
  Process                 Real Operation(s) count Latency Throughput Reset Length II Comments 

  ----------------------- ----------------------- ------- ---------- ------------ -- --------

  /sha256_update_hls/core                     566      84         86            0  0        ? 

  Design Total:                               566      84         86            0  0          

                     Post-Scheduling    Post-DP & FSM  Post-Assignment 

  ----------------- ---------------- ---------------- ----------------

  Total Area Score:   47938.6          50490.9          41479.4        

  Total Reg:          26161.6  (55%)   20630.4  (41%)   20630.4  (50%) 

