o3-mini runs: 57
o3-mini input tokens: 222201
o3-mini output tokens: 189968
# of functions: 2
HLS runs: 53
Compile runs: 24
Time for c2hlsc:  1177125
Time for agent:  2928595
Agent sequence:  ['synthesis: sha256_transform_hls 0, sha256_update_hls 0', 'synthesis: sha256_transform_hls 0, sha256_update_hls 2', 'synthesis: sha256_transform_hls 0, sha256_update_hls 3', 'synthesis: sha256_transform_hls 2, sha256_update_hls 0', 'synthesis: sha256_transform_hls 1, sha256_update_hls 0', 'synthesis: sha256_transform_hls 2, sha256_update_hls 2', 'synthesis: sha256_transform_hls 0, sha256_update_hls 1', 'synthesis: sha256_transform_hls 0, sha256_update_hls 4', 'synthesis: sha256_transform_hls 2, sha256_update_hls 3', 'synthesis: sha256_transform_hls 4, sha256_update_hls 2', 'synthesis: sha256_transform_hls 1, sha256_update_hls 2', 'synthesis: sha256_transform_hls 2, sha256_update_hls 4', 'synthesis: sha256_transform_hls 2, sha256_update_hls 1', 'synthesis: sha256_transform_hls 1, sha256_update_hls 4', 'synthesis: sha256_transform_hls 3, sha256_update_hls 2', 'synthesis: sha256_transform_hls 2, sha256_update_hls 3', 'synthesis: sha256_transform_hls 4, sha256_update_hls 0', 'synthesis: sha256_transform_hls 0, sha256_update_hls 4', 'synthesis: sha256_transform_hls 3, sha256_update_hls 4', 'synthesis: sha256_transform_hls 1, sha256_update_hls 1', 'synthesis: sha256_transform_hls 3, sha256_update_hls 4', 'synthesis: sha256_transform_hls 3, sha256_update_hls 1', 'synthesis: sha256_transform_hls 4, sha256_update_hls 0', 'synthesis: sha256_transform_hls 1, sha256_update_hls 3', 'synthesis: sha256_transform_hls 4, sha256_update_hls 1', 'synthesis: sha256_transform_hls 2, sha256_update_hls 1', 'synthesis: sha256_transform_hls 3, sha256_update_hls 0', 'synthesis: sha256_transform_hls 3, sha256_update_hls 2', 'synthesis: sha256_transform_hls 1, sha256_update_hls 4', 'synthesis: sha256_transform_hls 3, sha256_update_hls 1', 'synthesis: sha256_transform_hls 4, sha256_update_hls 2', 'synthesis: sha256_transform_hls 1, sha256_update_hls 3', 'synthesis: sha256_transform_hls 3, sha256_update_hls 4', 'synthesis: sha256_transform_hls 4, sha256_update_hls 4', "python: '''", "python: '''", "python: '''", "python: '''", 'synthesis: sha256_transform_hls 3, sha256_update_hls 3', 'synthesis: sha256_transform_hls 1, sha256_update_hls 1', 'synthesis: sha256_transform_hls 3, sha256_update_hls 3', 'synthesis: sha256_transform_hls 1, sha256_update_hls 1', 'synthesis: sha256_transform_hls 1, sha256_update_hls 1', 'solution: sha256_transform_hls 1, sha256_update_hls 1']
Agent synthesis calls:  39
Agent python calls:  4
Agent profile calls:  0
Agent inspect calls:  0
Agent solution calls:  1
Seconds lost due to API down:  0
  Process                 Real Operation(s) count Latency Throughput Reset Length II Comments 

  ----------------------- ----------------------- ------- ---------- ------------ -- --------

  /sha256_update_hls/core                    1409     266        270            0  0        ? 

  Design Total:                              1409     266        270            0  0          

                     Post-Scheduling    Post-DP & FSM  Post-Assignment 

  ----------------- ---------------- ---------------- ----------------

  Total Area Score:   43459.7          54710.0          42773.7        

  Total Reg:          21118.3  (49%)   18826.7  (34%)   18826.7  (44%) 

