o3-mini runs: 27
o3-mini input tokens: 38319
o3-mini output tokens: 66215
# of functions: 4
HLS runs: 28
Compile runs: 42
Time for c2hlsc:  1237939
Time for agent:  314597
Agent sequence:  ['synthesis: odd_factorial 0, fibonacci 3, even_sum 0, compute4 0', 'synthesis: odd_factorial 4, fibonacci 0, even_sum 1, compute4 0', 'synthesis: odd_factorial 0, fibonacci 0, even_sum 0, compute4 0', 'synthesis: odd_factorial 0, fibonacci 0, even_sum 1, compute4 0', 'solution: odd_factorial 0, fibonacci 0, even_sum 0, compute4 0']
Agent synthesis calls:  4
Agent python calls:  0
Agent profile calls:  0
Agent inspect calls:  0
Agent solution calls:  1
Seconds lost due to API down:  0
  Process        Real Operation(s) count Latency Throughput Reset Length II Comments 

  -------------- ----------------------- ------- ---------- ------------ -- --------

  /compute4/core                      40       8          9            0  0        ? 

  Design Total:                       40       8          9            0  0          

                    Post-Scheduling   Post-DP & FSM Post-Assignment 

  ----------------- --------------- --------------- ---------------

  Total Area Score:   5368.2          7202.1          4995.9        

  Total Reg:          1621.5  (30%)   1267.3  (18%)   1267.3  (25%) 

