o3-mini runs: 24
o3-mini input tokens: 34579
o3-mini output tokens: 62215
# of functions: 4
HLS runs: 26
Compile runs: 42
Time for c2hlsc:  1328214
Time for agent:  196088
Agent sequence:  ['synthesis: odd_factorial 0, fibonacci 0, even_sum 4, compute6 0', "python: '''", 'solution: odd_factorial 0, fibonacci 0, even_sum 4, compute6 1']
Agent synthesis calls:  1
Agent python calls:  1
Agent profile calls:  0
Agent inspect calls:  0
Agent solution calls:  1
Seconds lost due to API down:  0
  Process        Real Operation(s) count Latency Throughput Reset Length II Comments 

  -------------- ----------------------- ------- ---------- ------------ -- --------

  /compute6/core                     108       0          4            0  0        ? 

  Design Total:                      108       0          4            0  0          

                    Post-Scheduling    Post-DP & FSM Post-Assignment 

  ----------------- --------------- ---------------- ---------------

  Total Area Score:  16721.2          18934.9         11807.6        

  Total Reg:          5956.3  (36%)    2314.2  (12%)   2307.9  (20%) 

