o3-mini runs: 24
o3-mini input tokens: 29580
o3-mini output tokens: 62402
# of functions: 4
HLS runs: 27
Compile runs: 40
Time for c2hlsc:  1113017
Time for agent:  240728
Agent sequence:  ['synthesis: fibonacci 1, odd_sum 2, even_sum 0, compute3 0', 'synthesis: fibonacci 1, odd_sum 1, even_sum 0, compute3 0', 'synthesis: fibonacci 0, odd_sum 2, even_sum 0, compute3 0', 'solution: fibonacci 1, odd_sum 2, even_sum 0, compute3 0']
Agent synthesis calls:  3
Agent python calls:  0
Agent profile calls:  0
Agent inspect calls:  0
Agent solution calls:  1
Seconds lost due to API down:  0
  Process        Real Operation(s) count Latency Throughput Reset Length II Comments 

  -------------- ----------------------- ------- ---------- ------------ -- --------

  /compute3/core                      36       7          8            0  0        ? 

  Design Total:                       36       7          8            0  0          

                    Post-Scheduling   Post-DP & FSM Post-Assignment 

  ----------------- --------------- --------------- ---------------

  Total Area Score:   3248.4          4803.0          2722.9        

  Total Reg:          2432.3  (75%)   1478.4  (31%)   1478.4  (54%) 

