o3-mini runs: 23
o3-mini input tokens: 30882
o3-mini output tokens: 61045
# of functions: 4
HLS runs: 25
Compile runs: 42
Time for c2hlsc:  1141666
Time for agent:  79994
Agent sequence:  ["python: '''", 'solution: odd_factorial 2, fibonacci 2, even_sum 1, compute4 2']
Agent synthesis calls:  0
Agent python calls:  1
Agent profile calls:  0
Agent inspect calls:  0
Agent solution calls:  1
  Process        Real Operation(s) count Latency Throughput Reset Length II Comments 

  -------------- ----------------------- ------- ---------- ------------ -- --------

  /compute4/core                      89      12         13            0  0        ? 

  Design Total:                       89      12         13            0  0          

                    Post-Scheduling    Post-DP & FSM Post-Assignment 

  ----------------- --------------- ---------------- ---------------

  Total Area Score:   9311.7          28123.7          9404.9        

  Total Reg:          2011.0  (22%)    1686.9   (6%)   1686.9  (18%) 

