o3-mini runs: 56
o3-mini input tokens: 126667
o3-mini output tokens: 165047
# of functions: 6
HLS runs: 57
Compile runs: 83
Time for c2hlsc:  1450627
Time for agent:  785424
Agent sequence:  ['synthesis: copyKey_hls 0, copyBlock_hls 0, generateRoundKeys80_hls 1, addRoundKey_hls 0, pLayer_hls 3, present80_encryptBlock_hls 0', 'synthesis: copyKey_hls 2, copyBlock_hls 3, generateRoundKeys80_hls 0, addRoundKey_hls 4, pLayer_hls 0, present80_encryptBlock_hls 0', 'synthesis: copyKey_hls 2, copyBlock_hls 3, generateRoundKeys80_hls 1, addRoundKey_hls 4, pLayer_hls 0, present80_encryptBlock_hls 0', 'synthesis: copyKey_hls 2, copyBlock_hls 3, generateRoundKeys80_hls 1, addRoundKey_hls 0, pLayer_hls 3, present80_encryptBlock_hls 0', "python: '''", 'synthesis: copyKey_hls 2, copyBlock_hls 3, generateRoundKeys80_hls 0, addRoundKey_hls 4, pLayer_hls 0, present80_encryptBlock_hls 0', 'synthesis: copyKey_hls 0, copyBlock_hls 3, generateRoundKeys80_hls 1, addRoundKey_hls 4, pLayer_hls 3, present80_encryptBlock_hls 0', 'synthesis: copyKey_hls 2, copyBlock_hls 3, generateRoundKeys80_hls 1, addRoundKey_hls 0, pLayer_hls 3, present80_encryptBlock_hls 0', 'synthesis: copyKey_hls 0, copyBlock_hls 3, generateRoundKeys80_hls 0, addRoundKey_hls 4, pLayer_hls 0, present80_encryptBlock_hls 0', 'synthesis: copyKey_hls 0, copyBlock_hls 3, generateRoundKeys80_hls 1, addRoundKey_hls 0, pLayer_hls 3, present80_encryptBlock_hls 0', 'synthesis: copyKey_hls 2, copyBlock_hls 3, generateRoundKeys80_hls 0, addRoundKey_hls 1, pLayer_hls 0, present80_encryptBlock_hls 0', 'synthesis: copyKey_hls 2, copyBlock_hls 3, generateRoundKeys80_hls 1, addRoundKey_hls 1, pLayer_hls 0, present80_encryptBlock_hls 0', 'solution: copyKey_hls 2, copyBlock_hls 3, generateRoundKeys80_hls 0, addRoundKey_hls 4, pLayer_hls 0, present80_encryptBlock_hls 0']
Agent synthesis calls:  11
Agent python calls:  1
Agent profile calls:  0
Agent inspect calls:  0
Agent solution calls:  1
Seconds lost due to API down:  0
  Process                          Real Operation(s) count Latency Throughput Reset Length II Comments 

  -------------------------------- ----------------------- ------- ---------- ------------ -- --------

  /present80_encryptBlock_hls/core                     322    7576       7580            0  0          

  Design Total:                                        322    7576       7580            0  0          

                    Post-Scheduling   Post-DP & FSM Post-Assignment 

  ----------------- --------------- --------------- ---------------

  Total Area Score:  18190.8         18039.8         14785.4        

  Total Reg:          7118.2  (39%)   2480.2  (14%)   2480.2  (17%) 

