o3-mini runs: 43
o3-mini input tokens: 129715
o3-mini output tokens: 80975
# of functions: 6
HLS runs: 45
Compile runs: 75
Time for c2hlsc:  1885846
Time for agent:  154229
Agent sequence:  ['synthesis: AddRoundKey_hls 3, SubBytes_hls 2, ShiftRows_hls 1, xtime 0, MixColumns_hls 2, Cipher_hls 0', "python: '''from ortools.linear_solver import pywraplp", "python: '''from ortools.linear_solver import pywraplp", "python: '''from ortools.linear_solver import pywraplp", 'solution: AddRoundKey_hls 3, SubBytes_hls 2, ShiftRows_hls 4, xtime 0, MixColumns_hls 2, Cipher_hls 2']
Agent synthesis calls:  1
Agent python calls:  3
Agent profile calls:  0
Agent inspect calls:  0
Agent solution calls:  1
Seconds lost due to API down:  0
  Process          Real Operation(s) count Latency Throughput Reset Length II Comments 

  ---------------- ----------------------- ------- ---------- ------------ -- --------

  /Cipher_hls/core                     370    1091       1096            0  0          

  Design Total:                        370    1091       1096            0  0          

                    Post-Scheduling  Post-DP & FSM Post-Assignment 

  ----------------- --------------- -------------- ---------------

  Total Area Score:   9712.1         2211.9          2630.2        

  Total Reg:          2100.3  (22%)  1101.1  (50%)   1101.1  (42%) 

