-- Catapult Ultra Synthesis: Report                                              
-- ------------------------- ---------------------------------------------------
-- Version:                  2023.1_2/1049935 Production Release                 
-- Build Date:               Sat Jun 10 10:53:51 PDT 2023                        
                                                                                 
-- Generated by:             ajh9498@hansolo.poly.edu                            
-- Generated date:           Fri Feb 28 22:38:06 EST 2025                        

Solution Settings: filter.v1
  Current state: extract
  Project: Catapult_52

Design Input Files Specified
  $PROJECT_HOME/tmp_filter/filter_deepseek-chat_agent_2.c
    $PROJECT_HOME/include/ac_float.h
      $PROJECT_HOME/include/ac_fixed.h
        $PROJECT_HOME/include/ac_int.h

Processes/Blocks in Design
  Process       Real Operation(s) count Latency Throughput Reset Length II Comments 
  ------------- ----------------------- ------- ---------- ------------ -- --------
  /filter/core                       71       8         12            0  0          
  Design Total:                      71       8         12            0  0          
  
Bill Of Materials (Datapath)
  Component Name                 Area Score Area(Combinational)  AreaSeq Delay Post Alloc Post Assign 
  ------------------------------ ---------- ------------------- -------- ----- ---------- -----------
  [Lib: ccs_ioport]                                                                                   
  ccs_in(1,32)                        0.000               0.000    0.000 0.000          1           1 
  ccs_out(2,32)                       0.000               0.000    0.000 0.000          1           1 
  ccs_out(3,32)                       0.000               0.000    0.000 0.000          1           1 
  [Lib: mgc_ioport]                                                                                   
  mgc_io_sync(0)                      0.000               0.000    0.000 0.000          3           3 
  [Lib: nangate-45nm_beh]                                                                             
  mgc_add(2,0,1,0,2,7)                6.916               0.000    0.000 0.186          2           0 
  mgc_add(31,0,31,0,31,7)           131.936              90.175    0.000 2.271          1           1 
  mgc_add(32,0,2,1,32,7)            146.022             112.152    0.000 2.376          1           0 
  mgc_add(32,0,30,0,32,7)           133.000              93.292    0.000 2.268          0           1 
  mgc_add(32,0,32,0,32,7)           136.192              95.813    0.000 2.343          6           4 
  mgc_and(1,2,4)                      1.064               0.000    0.000 0.077          0          15 
  mgc_and(1,3,4)                      1.330               0.000    0.000 0.084          0           1 
  mgc_and(31,2,4)                    32.984              47.888    0.000 0.077          0           1 
  mgc_and(32,2,4)                    34.048              49.912    0.000 0.077          2           3 
  mgc_mul(2,0,32,0,32,7)            207.260             200.259    0.000 2.577          1           1 
  mgc_mux(1,1,2,5)                    1.862               0.000    0.000 0.085          1           2 
  mgc_mux(2,1,2,5)                    3.724               0.000    0.000 0.088          2           0 
  mgc_mux(30,1,2,5)                  55.860              72.040    0.000 0.155          0           2 
  mgc_mux(31,1,2,5)                  57.722              74.488    0.000 0.156          2           3 
  mgc_mux(32,1,2,5)                  59.584              76.931    0.000 0.156          6           6 
  mgc_mux(32,2,4,5)                 125.366             155.326    0.000 0.411          2           2 
  mgc_mux1hot(32,3,4)                85.651             128.485    0.000 0.125          0           1 
  mgc_mux1hot(32,4,4)               110.656             163.865    0.000 0.137          0           1 
  mgc_nand(1,2,4)                     0.798               0.000    0.000 0.061          0           2 
  mgc_nor(1,2,2)                      0.798               0.000    0.000 0.097          0           6 
  mgc_nor(1,3,4)                      1.064               0.000    0.000 0.132          0           1 
  mgc_not(1,1)                        0.532               0.532    0.000 0.039          0          17 
  mgc_not(32,1)                      17.024              61.003    0.000 0.039          0           2 
  mgc_or(1,2,2)                       1.064               0.616    0.000 0.078          0           1 
  mgc_or(1,3,4)                       1.330               0.000    0.000 0.115          0           2 
  mgc_or(1,4,4)                       1.596               0.000    0.000 0.118          0           1 
  mgc_reg_pos(1,0,0,1,0,0,0,1)        6.384               1.862    4.522 0.106          0           7 
  mgc_reg_pos(31,0,0,1,0,0,0,1)     197.904              57.722  140.182 0.106          0           1 
  mgc_reg_pos(32,0,0,1,0,1,1,1)     204.288              59.584  144.704 0.106          0          17 
                                                                                                      
  TOTAL AREA (After Assignment):   6033.884            3612.000 2632.000                              
  
Area Scores
                    Post-Scheduling   Post-DP & FSM Post-Assignment 
  ----------------- --------------- --------------- ---------------
  Total Area Score:   7499.0          7130.0          6080.4        
  Total Reg:          5381.7  (72%)   3757.5  (53%)   3757.5  (62%) 
                                                                    
  DataPath:           7499.0 (100%)   7084.0  (99%)   6033.9  (99%) 
    MUX:               733.0  (10%)   1463.7  (21%)   1093.2  (18%) 
    FUNC:             1316.2  (18%)   1716.3  (24%)   1017.0  (17%) 
    LOGIC:              68.1   (1%)    188.5   (3%)    208.3   (3%) 
    BUFFER:              0.0             0.0             0.0        
    MEM:                 0.0             0.0             0.0        
    ROM:                 0.0             0.0             0.0        
    REG:              5381.7  (72%)   3715.5  (52%)   3715.5  (62%) 
                                                                    
  
  FSM:                   0.0            46.0   (1%)     46.5   (1%) 
    FSM-REG:             0.0            42.0  (91%)     42.0  (90%) 
    FSM-COMB:            0.0             4.0   (9%)      4.5  (10%) 
                                                                    
  
  
  (MUX = multiplexers; FUNC = datapath logic (e.g. add/mult); LOGIC = control logic)

Register-to-Variable Mappings
  Register                          Size(bits) Gated Register CG Opt Done Variables                                             
  --------------------------------- ---------- -------------- ----------- -----------------------------------------------------
  fir:delay_lane(1).sva                     32         Y           Y      fir:delay_lane(1).sva                                 
                                                                          fir:delay_lane(2).sva#1                               
  fir:delay_lane(2).sva                     32         Y           Y      fir:delay_lane(2).sva                                 
                                                                          fir:delay_lane(3).sva#1                               
  fir:delay_lane(3).sva                     32         Y           Y      fir:delay_lane(3).sva                                 
                                                                          iir:feedforward.sva                                   
                                                                          iir:iir:acc#1.ncse.sva                                
                                                                          iir:input_delay_lane(4).lpi#2                         
                                                                          iir:input_delay_lane(4).sva#1                         
  fir_output:rsci.idat                      32         Y           Y      fir_output:rsci.idat                                  
  iir:feedback#1.sva                        32         Y           Y      iir:feedback#1.sva                                    
                                                                          iir:feedback.sva                                      
                                                                          iir:input_delay_lane(1).lpi#2                         
                                                                          iir:input_delay_lane(1).sva                           
  iir:input_delay_lane(2).lpi#2             32         Y           Y      iir:input_delay_lane(2).lpi#2                         
                                                                          iir:input_delay_lane(2).sva                           
                                                                          iir:input_delay_lane(2).sva#1                         
  iir:input_delay_lane(3).lpi#2             32         Y           Y      iir:input_delay_lane(3).lpi#2                         
                                                                          iir:input_delay_lane(3).sva                           
                                                                          iir:input_delay_lane(3).sva#1                         
  iir:output_delay_lane(0).sva              32         Y           Y      iir:output_delay_lane(0).sva                          
  iir:output_delay_lane(1).lpi#2            32         Y           Y      iir:output_delay_lane(1).lpi#2                        
  iir:output_delay_lane(1).sva              32         Y           Y      iir:output_delay_lane(1).sva                          
  iir:output_delay_lane(2).lpi#2            32         Y           Y      iir:output_delay_lane(2).lpi#2                        
  iir:output_delay_lane(2).sva              32         Y           Y      iir:output_delay_lane(2).sva                          
  iir:output_delay_lane(3).lpi#2            32         Y           Y      iir:output_delay_lane(3).lpi#2                        
                                                                          iir:output_delay_lane(3).sva                          
  iir:output_delay_lane(4).lpi#2            32         Y           Y      iir:output_delay_lane(4).lpi#2                        
                                                                          iir:output_delay_lane(4).sva                          
  iir_output:rsci.idat                      32         Y           Y      iir_output:rsci.idat                                  
  input.sva                                 32         Y           Y      input.sva                                             
  reg(iir:input_delay_lane(0)).cse          32         Y           Y      reg(iir:input_delay_lane(0)).cse                      
  iir:feedforward#1(31:1).sva               31                            iir:feedforward#1(31:1).sva                           
  iir:feedforward#1(0).sva                   1                            iir:feedforward#1(0).sva                              
                                                                          iir:for#3:i(1).sva                                    
                                                                          iir:for:i(1).sva                                      
  iir:for#1:i(2:1).sva(0)                    1                            iir:for#1:i(2:1).sva(0)                               
  iir:for#1:i(2:1).sva(1)                    1                            iir:for#1:i(2:1).sva(1)                               
  iir:for#2:i(2:1).sva(0)                    1                            iir:for#2:i(2:1).sva(0)                               
  iir:for#2:i(2:1).sva(1)                    1                            iir:for#2:i(2:1).sva(1)                               
  iir:for#3:i(2).sva                         1                            iir:for#3:i(2).sva                                    
                                                                          iir:for:i(2).sva                                      
  reg(iir_output.triosy:obj.ld).cse          1                            reg(iir_output.triosy:obj.ld).cse                     
                                                                                                                                
  Total:                                   582            544         544 (Total Gating Ratio: 0.93, CG Opt Gating Ratio: 0.93) 
  
Timing Report
  Critical Path
    Max Delay:  8.293935000000001
    Slack:      11.706064999999999
    
    Path                                                       Startpoint                                Endpoint                        Delay  Slack   
    ---------------------------------------------------------- ----------------------------------------- ------------------------------- ------ -------
    1                                                          filter:core/reg(input)                    filter:core/reg(iir:feedback#1) 8.2939 11.7061 
                                                                                                                                                        
      Instance                                                 Component                                                                 Delta  Delay   
      --------                                                 ---------                                                                 -----  -----   
      filter:core/reg(input)                                   mgc_reg_pos_32_0_0_1_0_1_1_1                                              0.1060 0.1060  
      filter:core/input.sva                                                                                                              0.0000 0.1060  
      filter:core/iir:for#1-1:slc(iir:iir:for#1:mux            mgc_mux_32_2_4_5                                                          0.4109 0.5169  
      filter:core/iir:for#1-1:slc(iir:iir:for#1:mux.itm                                                                                  0.0000 0.5169  
      filter:core/iir:for#1-1:mul                              mgc_mul_2_0_32_0_32_7                                                     2.5773 3.0942  
      filter:core/iir:for#1-1:mul.itm                                                                                                    0.0000 3.0942  
      filter:core/fir:for#1:slc(iir:for#1-1:mul.itm)(31-2)                                                                               0.0000 3.0942  
      filter:core/fir:for#1:slc(iir:for#1-1:mul.itm)(31-2).itm                                                                           0.0000 3.0942  
      filter:core/fir:for#1:mux#2                              mgc_mux_30_1_2_5                                                          0.1550 3.2492  
      filter:core/fir:for#1:mux#2.itm                                                                                                    0.0000 3.2492  
      filter:core/fir:for#1:conc#10                                                                                                      0.0000 3.2492  
      filter:core/fir:for#1:conc#10.itm                                                                                                  0.0000 3.2492  
      filter:core/fir:for#1:acc:rg                             mgc_addc_32_0_32_0_32_7                                                   2.3429 5.5921  
      filter:core/z.out#1                                                                                                                0.0000 5.5921  
      filter:core/fir:for#1:mux#5                              mgc_mux_32_1_2_5                                                          0.1564 5.7485  
      filter:core/fir:for#1:mux#5.itm                                                                                                    0.0000 5.7485  
      filter:core/fir:for#1-5:acc#1:rg                         mgc_addc_32_0_32_0_32_7                                                   2.3429 8.0914  
      filter:core/z.out#3                                                                                                                0.0000 8.0914  
      filter:core/iir:iir:mux1h                                mgc_mux1hot_32_3_4                                                        0.1250 8.2164  
      filter:core/iir:iir:mux1h.itm                                                                                                      0.0000 8.2164  
      filter:core/iir:iir:and                                  mgc_and_32_2_4                                                            0.0775 8.2939  
      filter:core/iir:iir:and.itm                                                                                                        0.0000 8.2939  
      filter:core/reg(iir:feedback#1)                          mgc_reg_pos_32_0_0_1_0_1_1_1                                              0.0000 8.2939  
                                                                                                                                                        
    2                                                          filter:core/reg(fir:delay_lane(3))        filter:core/reg(iir:feedback#1) 8.2939 11.7061 
                                                                                                                                                        
      Instance                                                 Component                                                                 Delta  Delay   
      --------                                                 ---------                                                                 -----  -----   
      filter:core/reg(fir:delay_lane(3))                       mgc_reg_pos_32_0_0_1_0_1_1_1                                              0.1060 0.1060  
      filter:core/fir:delay_lane(3).sva                                                                                                  0.0000 0.1060  
      filter:core/iir:for#1-1:slc(iir:iir:for#1:mux            mgc_mux_32_2_4_5                                                          0.4109 0.5169  
      filter:core/iir:for#1-1:slc(iir:iir:for#1:mux.itm                                                                                  0.0000 0.5169  
      filter:core/iir:for#1-1:mul                              mgc_mul_2_0_32_0_32_7                                                     2.5773 3.0942  
      filter:core/iir:for#1-1:mul.itm                                                                                                    0.0000 3.0942  
      filter:core/fir:for#1:slc(iir:for#1-1:mul.itm)(31-2)                                                                               0.0000 3.0942  
      filter:core/fir:for#1:slc(iir:for#1-1:mul.itm)(31-2).itm                                                                           0.0000 3.0942  
      filter:core/fir:for#1:mux#2                              mgc_mux_30_1_2_5                                                          0.1550 3.2492  
      filter:core/fir:for#1:mux#2.itm                                                                                                    0.0000 3.2492  
      filter:core/fir:for#1:conc#10                                                                                                      0.0000 3.2492  
      filter:core/fir:for#1:conc#10.itm                                                                                                  0.0000 3.2492  
      filter:core/fir:for#1:acc:rg                             mgc_addc_32_0_32_0_32_7                                                   2.3429 5.5921  
      filter:core/z.out#1                                                                                                                0.0000 5.5921  
      filter:core/fir:for#1:mux#5                              mgc_mux_32_1_2_5                                                          0.1564 5.7485  
      filter:core/fir:for#1:mux#5.itm                                                                                                    0.0000 5.7485  
      filter:core/fir:for#1-5:acc#1:rg                         mgc_addc_32_0_32_0_32_7                                                   2.3429 8.0914  
      filter:core/z.out#3                                                                                                                0.0000 8.0914  
      filter:core/iir:iir:mux1h                                mgc_mux1hot_32_3_4                                                        0.1250 8.2164  
      filter:core/iir:iir:mux1h.itm                                                                                                      0.0000 8.2164  
      filter:core/iir:iir:and                                  mgc_and_32_2_4                                                            0.0775 8.2939  
      filter:core/iir:iir:and.itm                                                                                                        0.0000 8.2939  
      filter:core/reg(iir:feedback#1)                          mgc_reg_pos_32_0_0_1_0_1_1_1                                              0.0000 8.2939  
                                                                                                                                                        
    3                                                          filter:core/reg(iir:input_delay_lane(2))  filter:core/reg(iir:feedback#1) 8.2939 11.7061 
                                                                                                                                                        
      Instance                                                 Component                                                                 Delta  Delay   
      --------                                                 ---------                                                                 -----  -----   
      filter:core/reg(iir:input_delay_lane(2))                 mgc_reg_pos_32_0_0_1_0_1_1_1                                              0.1060 0.1060  
      filter:core/iir:input_delay_lane(2).lpi#2                                                                                          0.0000 0.1060  
      filter:core/iir:for#1-1:slc(iir:iir:for#1:mux            mgc_mux_32_2_4_5                                                          0.4109 0.5169  
      filter:core/iir:for#1-1:slc(iir:iir:for#1:mux.itm                                                                                  0.0000 0.5169  
      filter:core/iir:for#1-1:mul                              mgc_mul_2_0_32_0_32_7                                                     2.5773 3.0942  
      filter:core/iir:for#1-1:mul.itm                                                                                                    0.0000 3.0942  
      filter:core/fir:for#1:slc(iir:for#1-1:mul.itm)(31-2)                                                                               0.0000 3.0942  
      filter:core/fir:for#1:slc(iir:for#1-1:mul.itm)(31-2).itm                                                                           0.0000 3.0942  
      filter:core/fir:for#1:mux#2                              mgc_mux_30_1_2_5                                                          0.1550 3.2492  
      filter:core/fir:for#1:mux#2.itm                                                                                                    0.0000 3.2492  
      filter:core/fir:for#1:conc#10                                                                                                      0.0000 3.2492  
      filter:core/fir:for#1:conc#10.itm                                                                                                  0.0000 3.2492  
      filter:core/fir:for#1:acc:rg                             mgc_addc_32_0_32_0_32_7                                                   2.3429 5.5921  
      filter:core/z.out#1                                                                                                                0.0000 5.5921  
      filter:core/fir:for#1:mux#5                              mgc_mux_32_1_2_5                                                          0.1564 5.7485  
      filter:core/fir:for#1:mux#5.itm                                                                                                    0.0000 5.7485  
      filter:core/fir:for#1-5:acc#1:rg                         mgc_addc_32_0_32_0_32_7                                                   2.3429 8.0914  
      filter:core/z.out#3                                                                                                                0.0000 8.0914  
      filter:core/iir:iir:mux1h                                mgc_mux1hot_32_3_4                                                        0.1250 8.2164  
      filter:core/iir:iir:mux1h.itm                                                                                                      0.0000 8.2164  
      filter:core/iir:iir:and                                  mgc_and_32_2_4                                                            0.0775 8.2939  
      filter:core/iir:iir:and.itm                                                                                                        0.0000 8.2939  
      filter:core/reg(iir:feedback#1)                          mgc_reg_pos_32_0_0_1_0_1_1_1                                              0.0000 8.2939  
                                                                                                                                                        
    4                                                          filter:core/reg(iir:for#1:i(2:1))         filter:core/reg(iir:feedback#1) 8.2939 11.7061 
                                                                                                                                                        
      Instance                                                 Component                                                                 Delta  Delay   
      --------                                                 ---------                                                                 -----  -----   
      filter:core/reg(iir:for#1:i(2:1))                        mgc_reg_pos_1_0_0_1_0_0_0_1                                               0.1060 0.1060  
      filter:core/iir:for#1:i(2:1).sva(1)                                                                                                0.0000 0.1060  
      filter:core/iir:for#1:i:conc                                                                                                       0.0000 0.1060  
      filter:core/iir:for#1:i:conc.itm                                                                                                   0.0000 0.1060  
      filter:core/iir:for#1-1:slc(iir:iir:for#1:mux            mgc_mux_32_2_4_5                                                          0.4109 0.5169  
      filter:core/iir:for#1-1:slc(iir:iir:for#1:mux.itm                                                                                  0.0000 0.5169  
      filter:core/iir:for#1-1:mul                              mgc_mul_2_0_32_0_32_7                                                     2.5773 3.0942  
      filter:core/iir:for#1-1:mul.itm                                                                                                    0.0000 3.0942  
      filter:core/fir:for#1:slc(iir:for#1-1:mul.itm)(31-2)                                                                               0.0000 3.0942  
      filter:core/fir:for#1:slc(iir:for#1-1:mul.itm)(31-2).itm                                                                           0.0000 3.0942  
      filter:core/fir:for#1:mux#2                              mgc_mux_30_1_2_5                                                          0.1550 3.2492  
      filter:core/fir:for#1:mux#2.itm                                                                                                    0.0000 3.2492  
      filter:core/fir:for#1:conc#10                                                                                                      0.0000 3.2492  
      filter:core/fir:for#1:conc#10.itm                                                                                                  0.0000 3.2492  
      filter:core/fir:for#1:acc:rg                             mgc_addc_32_0_32_0_32_7                                                   2.3429 5.5921  
      filter:core/z.out#1                                                                                                                0.0000 5.5921  
      filter:core/fir:for#1:mux#5                              mgc_mux_32_1_2_5                                                          0.1564 5.7485  
      filter:core/fir:for#1:mux#5.itm                                                                                                    0.0000 5.7485  
      filter:core/fir:for#1-5:acc#1:rg                         mgc_addc_32_0_32_0_32_7                                                   2.3429 8.0914  
      filter:core/z.out#3                                                                                                                0.0000 8.0914  
      filter:core/iir:iir:mux1h                                mgc_mux1hot_32_3_4                                                        0.1250 8.2164  
      filter:core/iir:iir:mux1h.itm                                                                                                      0.0000 8.2164  
      filter:core/iir:iir:and                                  mgc_and_32_2_4                                                            0.0775 8.2939  
      filter:core/iir:iir:and.itm                                                                                                        0.0000 8.2939  
      filter:core/reg(iir:feedback#1)                          mgc_reg_pos_32_0_0_1_0_1_1_1                                              0.0000 8.2939  
                                                                                                                                                        
    5                                                          filter:core/reg(iir:for#1:i(2:1))#1       filter:core/reg(iir:feedback#1) 8.2939 11.7061 
                                                                                                                                                        
      Instance                                                 Component                                                                 Delta  Delay   
      --------                                                 ---------                                                                 -----  -----   
      filter:core/reg(iir:for#1:i(2:1))#1                      mgc_reg_pos_1_0_0_1_0_0_0_1                                               0.1060 0.1060  
      filter:core/iir:for#1:i(2:1).sva(0)                                                                                                0.0000 0.1060  
      filter:core/iir:for#1:i:conc                                                                                                       0.0000 0.1060  
      filter:core/iir:for#1:i:conc.itm                                                                                                   0.0000 0.1060  
      filter:core/iir:for#1-1:slc(iir:iir:for#1:mux            mgc_mux_32_2_4_5                                                          0.4109 0.5169  
      filter:core/iir:for#1-1:slc(iir:iir:for#1:mux.itm                                                                                  0.0000 0.5169  
      filter:core/iir:for#1-1:mul                              mgc_mul_2_0_32_0_32_7                                                     2.5773 3.0942  
      filter:core/iir:for#1-1:mul.itm                                                                                                    0.0000 3.0942  
      filter:core/fir:for#1:slc(iir:for#1-1:mul.itm)(31-2)                                                                               0.0000 3.0942  
      filter:core/fir:for#1:slc(iir:for#1-1:mul.itm)(31-2).itm                                                                           0.0000 3.0942  
      filter:core/fir:for#1:mux#2                              mgc_mux_30_1_2_5                                                          0.1550 3.2492  
      filter:core/fir:for#1:mux#2.itm                                                                                                    0.0000 3.2492  
      filter:core/fir:for#1:conc#10                                                                                                      0.0000 3.2492  
      filter:core/fir:for#1:conc#10.itm                                                                                                  0.0000 3.2492  
      filter:core/fir:for#1:acc:rg                             mgc_addc_32_0_32_0_32_7                                                   2.3429 5.5921  
      filter:core/z.out#1                                                                                                                0.0000 5.5921  
      filter:core/fir:for#1:mux#5                              mgc_mux_32_1_2_5                                                          0.1564 5.7485  
      filter:core/fir:for#1:mux#5.itm                                                                                                    0.0000 5.7485  
      filter:core/fir:for#1-5:acc#1:rg                         mgc_addc_32_0_32_0_32_7                                                   2.3429 8.0914  
      filter:core/z.out#3                                                                                                                0.0000 8.0914  
      filter:core/iir:iir:mux1h                                mgc_mux1hot_32_3_4                                                        0.1250 8.2164  
      filter:core/iir:iir:mux1h.itm                                                                                                      0.0000 8.2164  
      filter:core/iir:iir:and                                  mgc_and_32_2_4                                                            0.0775 8.2939  
      filter:core/iir:iir:and.itm                                                                                                        0.0000 8.2939  
      filter:core/reg(iir:feedback#1)                          mgc_reg_pos_32_0_0_1_0_1_1_1                                              0.0000 8.2939  
                                                                                                                                                        
    6                                                          filter:core/reg(iir:output_delay_lane(0)) filter:core/reg(iir:feedback#1) 8.2587 11.7413 
                                                                                                                                                        
      Instance                                                 Component                                                                 Delta  Delay   
      --------                                                 ---------                                                                 -----  -----   
      filter:core/reg(iir:output_delay_lane(0))                mgc_reg_pos_32_0_0_1_0_1_1_1                                              0.1060 0.1060  
      filter:core/iir:output_delay_lane(0).sva                                                                                           0.0000 0.1060  
      filter:core/iir:for#2-1:slc(iir:iir:for#2:mux            mgc_mux_32_2_4_5                                                          0.4109 0.5169  
      filter:core/iir:for#2-1:slc(iir:iir:for#2:mux.itm                                                                                  0.0000 0.5169  
      filter:core/iir:for#2:not                                mgc_not_32_1                                                              0.0390 0.5559  
      filter:core/iir:for#2:not.itm                                                                                                      0.0000 0.5559  
      filter:core/fir:for#1:mux#7                              mgc_mux_32_1_2_5                                                          0.1564 0.7123  
      filter:core/fir:for#1:mux#7.itm                                                                                                    0.0000 0.7123  
      filter:core/fir:for#1:acc#7:rg                           mgc_addc_32_0_30_0_32_7                                                   2.2678 2.9801  
      filter:core/z.out#4                                                                                                                0.0000 2.9801  
      filter:core/iir:for#2-1:iir:for#2:and                    mgc_and_32_2_4                                                            0.0775 3.0576  
      filter:core/iir:for#2-1:iir:for#2:and.itm                                                                                          0.0000 3.0576  
      filter:core/fir:for#1:mux#4                              mgc_mux_32_1_2_5                                                          0.1564 3.2141  
      filter:core/fir:for#1:mux#4.itm                                                                                                    0.0000 3.2141  
      filter:core/fir:for#1:acc#5:rg                           mgc_addc_32_0_32_0_32_7                                                   2.3429 5.5569  
      filter:core/z.out#2                                                                                                                0.0000 5.5569  
      filter:core/fir:for#1:mux#5                              mgc_mux_32_1_2_5                                                          0.1564 5.7134  
      filter:core/fir:for#1:mux#5.itm                                                                                                    0.0000 5.7134  
      filter:core/fir:for#1-5:acc#1:rg                         mgc_addc_32_0_32_0_32_7                                                   2.3429 8.0562  
      filter:core/z.out#3                                                                                                                0.0000 8.0562  
      filter:core/iir:iir:mux1h                                mgc_mux1hot_32_3_4                                                        0.1250 8.1812  
      filter:core/iir:iir:mux1h.itm                                                                                                      0.0000 8.1812  
      filter:core/iir:iir:and                                  mgc_and_32_2_4                                                            0.0775 8.2587  
      filter:core/iir:iir:and.itm                                                                                                        0.0000 8.2587  
      filter:core/reg(iir:feedback#1)                          mgc_reg_pos_32_0_0_1_0_1_1_1                                              0.0000 8.2587  
                                                                                                                                                        
    7                                                          filter:core/reg(iir:output_delay_lane(2)) filter:core/reg(iir:feedback#1) 8.2587 11.7413 
                                                                                                                                                        
      Instance                                                 Component                                                                 Delta  Delay   
      --------                                                 ---------                                                                 -----  -----   
      filter:core/reg(iir:output_delay_lane(2))                mgc_reg_pos_32_0_0_1_0_1_1_1                                              0.1060 0.1060  
      filter:core/iir:output_delay_lane(2).sva                                                                                           0.0000 0.1060  
      filter:core/iir:for#2-1:slc(iir:iir:for#2:mux            mgc_mux_32_2_4_5                                                          0.4109 0.5169  
      filter:core/iir:for#2-1:slc(iir:iir:for#2:mux.itm                                                                                  0.0000 0.5169  
      filter:core/iir:for#2:not                                mgc_not_32_1                                                              0.0390 0.5559  
      filter:core/iir:for#2:not.itm                                                                                                      0.0000 0.5559  
      filter:core/fir:for#1:mux#7                              mgc_mux_32_1_2_5                                                          0.1564 0.7123  
      filter:core/fir:for#1:mux#7.itm                                                                                                    0.0000 0.7123  
      filter:core/fir:for#1:acc#7:rg                           mgc_addc_32_0_30_0_32_7                                                   2.2678 2.9801  
      filter:core/z.out#4                                                                                                                0.0000 2.9801  
      filter:core/iir:for#2-1:iir:for#2:and                    mgc_and_32_2_4                                                            0.0775 3.0576  
      filter:core/iir:for#2-1:iir:for#2:and.itm                                                                                          0.0000 3.0576  
      filter:core/fir:for#1:mux#4                              mgc_mux_32_1_2_5                                                          0.1564 3.2141  
      filter:core/fir:for#1:mux#4.itm                                                                                                    0.0000 3.2141  
      filter:core/fir:for#1:acc#5:rg                           mgc_addc_32_0_32_0_32_7                                                   2.3429 5.5569  
      filter:core/z.out#2                                                                                                                0.0000 5.5569  
      filter:core/fir:for#1:mux#5                              mgc_mux_32_1_2_5                                                          0.1564 5.7134  
      filter:core/fir:for#1:mux#5.itm                                                                                                    0.0000 5.7134  
      filter:core/fir:for#1-5:acc#1:rg                         mgc_addc_32_0_32_0_32_7                                                   2.3429 8.0562  
      filter:core/z.out#3                                                                                                                0.0000 8.0562  
      filter:core/iir:iir:mux1h                                mgc_mux1hot_32_3_4                                                        0.1250 8.1812  
      filter:core/iir:iir:mux1h.itm                                                                                                      0.0000 8.1812  
      filter:core/iir:iir:and                                  mgc_and_32_2_4                                                            0.0775 8.2587  
      filter:core/iir:iir:and.itm                                                                                                        0.0000 8.2587  
      filter:core/reg(iir:feedback#1)                          mgc_reg_pos_32_0_0_1_0_1_1_1                                              0.0000 8.2587  
                                                                                                                                                        
    8                                                          filter:core/reg(iir:output_delay_lane(0)) filter:core/reg(iir:feedback#1) 8.2587 11.7413 
                                                                                                                                                        
      Instance                                                 Component                                                                 Delta  Delay   
      --------                                                 ---------                                                                 -----  -----   
      filter:core/reg(iir:output_delay_lane(0))                mgc_reg_pos_32_0_0_1_0_1_1_1                                              0.1060 0.1060  
      filter:core/iir:output_delay_lane(0).sva                                                                                           0.0000 0.1060  
      filter:core/iir:for#2-1:slc(iir:iir:for#2:mux            mgc_mux_32_2_4_5                                                          0.4109 0.5169  
      filter:core/iir:for#2-1:slc(iir:iir:for#2:mux.itm                                                                                  0.0000 0.5169  
      filter:core/iir:for#2:not                                mgc_not_32_1                                                              0.0390 0.5559  
      filter:core/iir:for#2:not.itm                                                                                                      0.0000 0.5559  
      filter:core/fir:for#1:mux#7                              mgc_mux_32_1_2_5                                                          0.1564 0.7123  
      filter:core/fir:for#1:mux#7.itm                                                                                                    0.0000 0.7123  
      filter:core/fir:for#1:acc#7:rg                           mgc_addc_32_0_30_0_32_7                                                   2.2678 2.9801  
      filter:core/z.out#4                                                                                                                0.0000 2.9801  
      filter:core/iir:for#2-1:iir:for#2:and                    mgc_and_32_2_4                                                            0.0775 3.0576  
      filter:core/iir:for#2-1:iir:for#2:and.itm                                                                                          0.0000 3.0576  
      filter:core/fir:for#1:mux#4                              mgc_mux_32_1_2_5                                                          0.1564 3.2141  
      filter:core/fir:for#1:mux#4.itm                                                                                                    0.0000 3.2141  
      filter:core/fir:for#1:acc#5:rg                           mgc_addc_32_0_32_0_32_7                                                   2.3429 5.5569  
      filter:core/z.out#2                                                                                                                0.0000 5.5569  
      filter:core/fir:for#1:mux#6                              mgc_mux_32_1_2_5                                                          0.1564 5.7134  
      filter:core/fir:for#1:mux#6.itm                                                                                                    0.0000 5.7134  
      filter:core/fir:for#1-5:acc#1:rg                         mgc_addc_32_0_32_0_32_7                                                   2.3429 8.0562  
      filter:core/z.out#3                                                                                                                0.0000 8.0562  
      filter:core/iir:iir:mux1h                                mgc_mux1hot_32_3_4                                                        0.1250 8.1812  
      filter:core/iir:iir:mux1h.itm                                                                                                      0.0000 8.1812  
      filter:core/iir:iir:and                                  mgc_and_32_2_4                                                            0.0775 8.2587  
      filter:core/iir:iir:and.itm                                                                                                        0.0000 8.2587  
      filter:core/reg(iir:feedback#1)                          mgc_reg_pos_32_0_0_1_0_1_1_1                                              0.0000 8.2587  
                                                                                                                                                        
    9                                                          filter:core/reg(iir:for#2:i(2:1))         filter:core/reg(iir:feedback#1) 8.2587 11.7413 
                                                                                                                                                        
      Instance                                                 Component                                                                 Delta  Delay   
      --------                                                 ---------                                                                 -----  -----   
      filter:core/reg(iir:for#2:i(2:1))                        mgc_reg_pos_1_0_0_1_0_0_0_1                                               0.1060 0.1060  
      filter:core/iir:for#2:i(2:1).sva(1)                                                                                                0.0000 0.1060  
      filter:core/iir:for#2:i:conc                                                                                                       0.0000 0.1060  
      filter:core/iir:for#2:i:conc.itm                                                                                                   0.0000 0.1060  
      filter:core/iir:for#2-1:slc(iir:iir:for#2:mux            mgc_mux_32_2_4_5                                                          0.4109 0.5169  
      filter:core/iir:for#2-1:slc(iir:iir:for#2:mux.itm                                                                                  0.0000 0.5169  
      filter:core/iir:for#2:not                                mgc_not_32_1                                                              0.0390 0.5559  
      filter:core/iir:for#2:not.itm                                                                                                      0.0000 0.5559  
      filter:core/fir:for#1:mux#7                              mgc_mux_32_1_2_5                                                          0.1564 0.7123  
      filter:core/fir:for#1:mux#7.itm                                                                                                    0.0000 0.7123  
      filter:core/fir:for#1:acc#7:rg                           mgc_addc_32_0_30_0_32_7                                                   2.2678 2.9801  
      filter:core/z.out#4                                                                                                                0.0000 2.9801  
      filter:core/iir:for#2-1:iir:for#2:and                    mgc_and_32_2_4                                                            0.0775 3.0576  
      filter:core/iir:for#2-1:iir:for#2:and.itm                                                                                          0.0000 3.0576  
      filter:core/fir:for#1:mux#4                              mgc_mux_32_1_2_5                                                          0.1564 3.2141  
      filter:core/fir:for#1:mux#4.itm                                                                                                    0.0000 3.2141  
      filter:core/fir:for#1:acc#5:rg                           mgc_addc_32_0_32_0_32_7                                                   2.3429 5.5569  
      filter:core/z.out#2                                                                                                                0.0000 5.5569  
      filter:core/fir:for#1:mux#6                              mgc_mux_32_1_2_5                                                          0.1564 5.7134  
      filter:core/fir:for#1:mux#6.itm                                                                                                    0.0000 5.7134  
      filter:core/fir:for#1-5:acc#1:rg                         mgc_addc_32_0_32_0_32_7                                                   2.3429 8.0562  
      filter:core/z.out#3                                                                                                                0.0000 8.0562  
      filter:core/iir:iir:mux1h                                mgc_mux1hot_32_3_4                                                        0.1250 8.1812  
      filter:core/iir:iir:mux1h.itm                                                                                                      0.0000 8.1812  
      filter:core/iir:iir:and                                  mgc_and_32_2_4                                                            0.0775 8.2587  
      filter:core/iir:iir:and.itm                                                                                                        0.0000 8.2587  
      filter:core/reg(iir:feedback#1)                          mgc_reg_pos_32_0_0_1_0_1_1_1                                              0.0000 8.2587  
                                                                                                                                                        
    10                                                         filter:core/reg(iir:output_delay_lane(4)) filter:core/reg(iir:feedback#1) 8.2587 11.7413 
                                                                                                                                                        
      Instance                                                 Component                                                                 Delta  Delay   
      --------                                                 ---------                                                                 -----  -----   
      filter:core/reg(iir:output_delay_lane(4))                mgc_reg_pos_32_0_0_1_0_1_1_1                                              0.1060 0.1060  
      filter:core/iir:output_delay_lane(4).lpi#2                                                                                         0.0000 0.1060  
      filter:core/iir:for#2-1:slc(iir:iir:for#2:mux            mgc_mux_32_2_4_5                                                          0.4109 0.5169  
      filter:core/iir:for#2-1:slc(iir:iir:for#2:mux.itm                                                                                  0.0000 0.5169  
      filter:core/iir:for#2:not                                mgc_not_32_1                                                              0.0390 0.5559  
      filter:core/iir:for#2:not.itm                                                                                                      0.0000 0.5559  
      filter:core/fir:for#1:mux#7                              mgc_mux_32_1_2_5                                                          0.1564 0.7123  
      filter:core/fir:for#1:mux#7.itm                                                                                                    0.0000 0.7123  
      filter:core/fir:for#1:acc#7:rg                           mgc_addc_32_0_30_0_32_7                                                   2.2678 2.9801  
      filter:core/z.out#4                                                                                                                0.0000 2.9801  
      filter:core/iir:for#2-1:iir:for#2:and                    mgc_and_32_2_4                                                            0.0775 3.0576  
      filter:core/iir:for#2-1:iir:for#2:and.itm                                                                                          0.0000 3.0576  
      filter:core/fir:for#1:mux#4                              mgc_mux_32_1_2_5                                                          0.1564 3.2141  
      filter:core/fir:for#1:mux#4.itm                                                                                                    0.0000 3.2141  
      filter:core/fir:for#1:acc#5:rg                           mgc_addc_32_0_32_0_32_7                                                   2.3429 5.5569  
      filter:core/z.out#2                                                                                                                0.0000 5.5569  
      filter:core/fir:for#1:mux#6                              mgc_mux_32_1_2_5                                                          0.1564 5.7134  
      filter:core/fir:for#1:mux#6.itm                                                                                                    0.0000 5.7134  
      filter:core/fir:for#1-5:acc#1:rg                         mgc_addc_32_0_32_0_32_7                                                   2.3429 8.0562  
      filter:core/z.out#3                                                                                                                0.0000 8.0562  
      filter:core/iir:iir:mux1h                                mgc_mux1hot_32_3_4                                                        0.1250 8.1812  
      filter:core/iir:iir:mux1h.itm                                                                                                      0.0000 8.1812  
      filter:core/iir:iir:and                                  mgc_and_32_2_4                                                            0.0775 8.2587  
      filter:core/iir:iir:and.itm                                                                                                        0.0000 8.2587  
      filter:core/reg(iir:feedback#1)                          mgc_reg_pos_32_0_0_1_0_1_1_1                                              0.0000 8.2587  
                                                                                                                                                        
    
  Register Input and Register-to-Output Slack
    Clock period or pin-to-reg delay constraint (clk): 20.0
    Clock uncertainty constraint (clk)               : 0.0
    
    Instance                                    Port                                      Slack (Delay) Messages 
    ------------------------------------------- --------------------------------------- ------- ------- --------
    filter:core/reg(fir_output:rsci.idat)       z.out#3                                 11.7061  8.2939          
    filter:core/reg(iir_output:rsci.idat)       z.out                                   12.1950  7.8050          
    filter:core/reg(iir:output_delay_lane(0))   fir:delay_lane(3).sva                   11.7061  8.2939          
    filter:core/reg(iir:output_delay_lane(2))   output_delay_lane:mux#1.itm             19.7376  0.2624          
    filter:core/reg(input)                      input:rsci.idat                         14.7989  5.2011          
    filter:core/reg(iir:output_delay_lane(1))   iir:output_delay_lane(0).sva            11.7413  8.2587          
    filter:core/reg(iir:input_delay_lane(0))    input.sva                               11.7061  8.2939          
    filter:core/reg(iir_output.triosy:obj.ld)   or.tmp#21                               19.6797  0.3203          
    filter:core/reg(fir:delay_lane(3))          input_delay_lane:mux1h.itm              14.2711  5.7289          
    filter:core/reg(fir:delay_lane(2))          fir:delay_lane(1).sva                   12.1926  7.8074          
    filter:core/reg(fir:delay_lane(1))          reg(iir:input_delay_lane(0)).cse        12.1950  7.8050          
    filter:core/reg(iir:output_delay_lane(3))   iir:output_delay_lane(2).lpi#2          19.7376  0.2624          
    filter:core/reg(iir:input_delay_lane(2))    iir:feedback#1.sva                      12.1950  7.8050          
    filter:core/reg(iir:input_delay_lane(3))    iir:input_delay_lane(2).lpi#2           11.7061  8.2939          
    filter:core/reg(iir:output_delay_lane(4))   iir:output_delay_lane(3).lpi#2          19.8940  0.1060          
    filter:core/reg(iir:feedback#1)             iir:iir:and.itm                         11.7061  8.2939          
    filter:core/reg(iir:output_delay_lane(1))#1 iir:output_delay_lane(1).sva            17.1147  2.8853          
    filter:core/reg(iir:output_delay_lane(2))#1 iir:output_delay_lane(2).sva            11.7413  8.2587          
    filter:core/reg(iir:feedforward#1(0))       iir:for#3:iir:for#3:and.itm             14.2157  5.7843          
    filter:core/reg(iir:for#3:i(2))             iir:for:i:nor.itm                       19.9029  0.0971          
    filter:core/reg(iir:for#1:i(2:1))           iir:for#1:i:iir:for#1:i:and.itm         19.8165  0.1835          
    filter:core/reg(iir:for#1:i(2:1))#1         iir:for#1:i:iir:for#1:i:and#2.itm       19.7775  0.2225          
    filter:core/reg(iir:for#2:i(2:1))           iir:for#1:i:iir:for#1:i:and#1.itm       19.8165  0.1835          
    filter:core/reg(iir:for#2:i(2:1))#1         iir:for#1:i:iir:for#1:i:and#3.itm       19.7775  0.2225          
    filter:core/reg(iir:feedforward#1(31:1))    iir:feedforward:iir:feedforward:and.itm 12.0592  7.9408          
    filter                                      input.triosy.lz                         19.8940  0.1060          
    filter                                      fir_output:rsc.dat                      19.8940  0.1060          
    filter                                      fir_output.triosy.lz                    19.8940  0.1060          
    filter                                      iir_output:rsc.dat                      19.8940  0.1060          
    filter                                      iir_output.triosy.lz                    19.8940  0.1060          
    
Operator Bitwidth Summary
  Operation  Size (bits) Count 
  ---------- ----------- -----
  add                          
  -                   32     5 
  -                   31     1 
  and                          
  -                   32     3 
  -                   31     1 
  -                    1    16 
  mul                          
  -                   32     1 
  mux                          
  -                   32     8 
  -                   31     3 
  -                   30     2 
  -                    1     2 
  mux1h                        
  -                   32     2 
  nand                         
  -                    1     2 
  nor                          
  -                    1     7 
  not                          
  -                   32     2 
  -                    1    17 
  or                           
  -                    1     4 
  read_port                    
  -                   32     1 
  read_sync                    
  -                    0     3 
  reg                          
  -                   32    17 
  -                   31     1 
  -                    1     7 
  write_port                   
  -                    0     2 
  
End of Report
