-- Catapult Ultra Synthesis: Report                                              
-- ------------------------- ---------------------------------------------------
-- Version:                  2023.1_2/1049935 Production Release                 
-- Build Date:               Sat Jun 10 10:53:51 PDT 2023                        
                                                                                 
-- Generated by:             ajh9498@hansolo.poly.edu                            
-- Generated date:           Fri Feb 28 23:07:44 EST 2025                        

Solution Settings: filter.v1
  Current state: extract
  Project: Catapult_79

Design Input Files Specified
  $PROJECT_HOME/tmp_filter/filter_deepseek-chat_agent_5.c
    $PROJECT_HOME/include/ac_float.h
      $PROJECT_HOME/include/ac_fixed.h
        $PROJECT_HOME/include/ac_int.h

Processes/Blocks in Design
  Process       Real Operation(s) count Latency Throughput Reset Length II Comments 
  ------------- ----------------------- ------- ---------- ------------ -- --------
  /filter/core                       37       6          7            0  0          
  Design Total:                      37       6          7            0  0          
  
Bill Of Materials (Datapath)
  Component Name                 Area Score Area(Combinational)  AreaSeq Delay Post Alloc Post Assign 
  ------------------------------ ---------- ------------------- -------- ----- ---------- -----------
  [Lib: ccs_ioport]                                                                                   
  ccs_in(1,32)                        0.000               0.000    0.000 0.000          1           1 
  ccs_out(2,32)                       0.000               0.000    0.000 0.000          1           1 
  ccs_out(3,32)                       0.000               0.000    0.000 0.000          1           1 
  [Lib: mgc_ioport]                                                                                   
  mgc_io_sync(0)                      0.000               0.000    0.000 0.000          3           3 
  [Lib: nangate-45nm_beh]                                                                             
  mgc_add(2,0,1,1,2,6)               10.110               0.000    0.000 0.064          1           1 
  mgc_add(30,0,30,0,30,7)           127.680              84.509    0.000 2.199          0           1 
  mgc_add(31,0,31,0,31,7)           131.936              90.175    0.000 2.271          0           1 
  mgc_add(32,0,32,0,32,7)           136.192              95.813    0.000 2.343         12          10 
  mgc_add_msb(3,0,1,0,3,4)            4.522               0.000    0.000 0.074          0           1 
  mgc_add_msb(3,0,2,1,3,6)            7.778               0.000    0.000 0.177          1           0 
  mgc_and(1,2,4)                      1.064               0.000    0.000 0.077          0           1 
  mgc_and(1,3,4)                      1.330               0.000    0.000 0.084          0           1 
  mgc_and(2,2,4)                      2.128               0.012    0.000 0.077          0           1 
  mgc_mux(32,1,2,5)                  59.584              76.931    0.000 0.156          4           2 
  mgc_mux(32,2,4,5)                 125.366             155.326    0.000 0.411          1           1 
  mgc_nor(1,3,4)                      1.064               0.000    0.000 0.132          0           4 
  mgc_not(1,1)                        0.532               0.532    0.000 0.039          0          11 
  mgc_not(2,1)                        1.064               0.709    0.000 0.039          0           1 
  mgc_not(32,1)                      17.024              61.003    0.000 0.039          0           3 
  mgc_or(1,2,2)                       1.064               0.616    0.000 0.078          0           2 
  mgc_reg_pos(1,0,0,1,0,0,0,1)        6.384               1.862    4.522 0.106          0           2 
  mgc_reg_pos(2,0,0,1,0,0,0,1)       12.768               3.724    9.044 0.106          0           1 
  mgc_reg_pos(32,0,0,1,0,1,1,1)     204.288              59.584  144.704 0.106          0          14 
  mgc_xnor(1,2,4)                     1.596               0.000    0.000 0.000          0           1 
                                                                                                      
  TOTAL AREA (After Assignment):   4836.760            2474.000 2044.000                              
  
Area Scores
                    Post-Scheduling   Post-DP & FSM Post-Assignment 
  ----------------- --------------- --------------- ---------------
  Total Area Score:   6088.9          5262.1          4860.3        
  Total Reg:          4073.0  (67%)   3110.9  (59%)   2906.6  (60%) 
                                                                    
  DataPath:           6088.9 (100%)   5239.1 (100%)   4836.8 (100%) 
    MUX:               363.7   (6%)    437.2   (8%)    244.5   (5%) 
    FUNC:             1652.2  (27%)   1639.4  (31%)   1636.2  (34%) 
    LOGIC:               0.0            72.6   (1%)     70.5   (1%) 
    BUFFER:              0.0             0.0             0.0        
    MEM:                 0.0             0.0             0.0        
    ROM:                 0.0             0.0             0.0        
    REG:              4073.0  (67%)   3089.9  (59%)   2885.6  (60%) 
                                                                    
  
  FSM:                   0.0            23.0   (0%)     23.5   (0%) 
    FSM-REG:             0.0            21.0  (91%)     21.0  (89%) 
    FSM-COMB:            0.0             2.0   (9%)      2.5  (11%) 
                                                                    
  
  
  (MUX = multiplexers; FUNC = datapath logic (e.g. add/mult); LOGIC = control logic)

Register-to-Variable Mappings
  Register                          Size(bits) Gated Register CG Opt Done Variables                                             
  --------------------------------- ---------- -------------- ----------- -----------------------------------------------------
  fir:delay_lane(0).sva                     32         Y           Y      fir:delay_lane(0).sva                                 
                                                                          iir:for#1:asn#5.itm                                   
  fir:delay_lane(1).lpi#2                   32         Y           Y      fir:delay_lane(1).lpi#2                               
                                                                          fir:delay_lane(1).sva                                 
                                                                          fir:delay_lane(1).sva#1                               
  fir:delay_lane(2).lpi#2                   32         Y           Y      fir:delay_lane(2).lpi#2                               
                                                                          fir:delay_lane(2).sva                                 
                                                                          fir:delay_lane(2).sva#1                               
  fir:delay_lane(3).lpi#2                   32         Y           Y      fir:delay_lane(3).lpi#2                               
                                                                          fir:delay_lane(3).sva                                 
                                                                          fir:delay_lane(3).sva#1                               
  fir:delay_lane(4).lpi#2                   32         Y           Y      fir:delay_lane(4).lpi#2                               
                                                                          fir:delay_lane(4).sva#1                               
  fir_output:rsci.idat                      32         Y           Y      fir_output:rsci.idat                                  
  iir:for#1:asn#7.itm                       32         Y           Y      iir:for#1:asn#7.itm                                   
                                                                          iir:input_delay_lane(2).sva                           
  iir:input_delay_lane(0).sva               32         Y           Y      iir:input_delay_lane(0).sva                           
  iir:input_delay_lane(1).sva               32         Y           Y      iir:input_delay_lane(1).sva                           
  iir:input_delay_lane(3).sva               32         Y           Y      iir:input_delay_lane(3).sva                           
  iir:output_delay_lane(1).sva              32         Y           Y      iir:output_delay_lane(1).sva                          
  iir:output_delay_lane(2).sva              32         Y           Y      iir:output_delay_lane(2).sva                          
  iir_output:rsci.idat                      32         Y           Y      iir_output:rsci.idat                                  
  input.sva                                 32         Y           Y      input.sva                                             
  fir:for:i(1:0).sva                         2                            fir:for:i(1:0).sva                                    
  input.triosy:obj.ld                        1                            input.triosy:obj.ld                                   
  reg(iir_output.triosy:obj.ld).cse          1                            reg(iir_output.triosy:obj.ld).cse                     
                                                                                                                                
  Total:                                   452            448         448 (Total Gating Ratio: 0.99, CG Opt Gating Ratio: 0.99) 
  
Timing Report
  Critical Path
    Max Delay:  7.173649000000001
    Slack:      12.826350999999999
    
    Path                                                                      Startpoint                                Endpoint                              Delay  Slack   
    ------------------------------------------------------------------------- ----------------------------------------- ------------------------------------- ------ -------
    1                                                                         filter:core/reg(iir:input_delay_lane(1))  filter:core/reg(iir_output:rsci.idat) 7.1736 12.8264 
                                                                                                                                                                             
      Instance                                                                Component                                                                       Delta  Delay   
      --------                                                                ---------                                                                       -----  -----   
      filter:core/reg(iir:input_delay_lane(1))                                mgc_reg_pos_32_0_0_1_0_1_1_1                                                    0.1060 0.1060  
      filter:core/iir:input_delay_lane(1).sva                                                                                                                 0.0000 0.1060  
      filter:core/iir:for#1:not                                               mgc_not_32_1                                                                    0.0390 0.1450  
      filter:core/iir:for#1:not.itm                                                                                                                           0.0000 0.1450  
      filter:core/iir:for#1:acc#6                                             mgc_addc_32_0_32_0_32_7                                                         2.3429 2.4879  
      filter:core/iir:for#1:acc#6.itm                                                                                                                         0.0000 2.4879  
      filter:core/iir:for#1:acc#8                                             mgc_addc_32_0_32_0_32_7                                                         2.3429 4.8308  
      filter:core/iir:for#1:acc#8.itm                                                                                                                         0.0000 4.8308  
      filter:core/iir:iir:acc#1                                               mgc_addc_32_0_32_0_32_7                                                         2.3429 7.1736  
      filter:core/iir:iir:acc#1.itm                                                                                                                           0.0000 7.1736  
      filter:core/reg(iir_output:rsci.idat)                                   mgc_reg_pos_32_0_0_1_0_1_1_1                                                    0.0000 7.1736  
                                                                                                                                                                             
    2                                                                         filter:core/reg(iir:for#1:asn#7)          filter:core/reg(iir_output:rsci.idat) 7.1736 12.8264 
                                                                                                                                                                             
      Instance                                                                Component                                                                       Delta  Delay   
      --------                                                                ---------                                                                       -----  -----   
      filter:core/reg(iir:for#1:asn#7)                                        mgc_reg_pos_32_0_0_1_0_1_1_1                                                    0.1060 0.1060  
      filter:core/iir:for#1:asn#7.itm                                                                                                                         0.0000 0.1060  
      filter:core/iir:for#1:not#1                                             mgc_not_32_1                                                                    0.0390 0.1450  
      filter:core/iir:for#1:not#1.itm                                                                                                                         0.0000 0.1450  
      filter:core/iir:for#1:acc#4                                             mgc_addc_32_0_32_0_32_7                                                         2.3429 2.4879  
      filter:core/iir:for#1:acc#4.itm                                                                                                                         0.0000 2.4879  
      filter:core/iir:for#1:acc                                               mgc_addc_32_0_32_0_32_7                                                         2.3429 4.8308  
      filter:core/iir:for#1:acc.itm                                                                                                                           0.0000 4.8308  
      filter:core/iir:iir:acc#1                                               mgc_addc_32_0_32_0_32_7                                                         2.3429 7.1736  
      filter:core/iir:iir:acc#1.itm                                                                                                                           0.0000 7.1736  
      filter:core/reg(iir_output:rsci.idat)                                   mgc_reg_pos_32_0_0_1_0_1_1_1                                                    0.0000 7.1736  
                                                                                                                                                                             
    3                                                                         filter:core/reg(input)                    filter:core/reg(iir_output:rsci.idat) 7.1346 12.8654 
                                                                                                                                                                             
      Instance                                                                Component                                                                       Delta  Delay   
      --------                                                                ---------                                                                       -----  -----   
      filter:core/reg(input)                                                  mgc_reg_pos_32_0_0_1_0_1_1_1                                                    0.1060 0.1060  
      filter:core/input.sva                                                                                                                                   0.0000 0.1060  
      filter:core/iir:for#1:acc#6                                             mgc_addc_32_0_32_0_32_7                                                         2.3429 2.4489  
      filter:core/iir:for#1:acc#6.itm                                                                                                                         0.0000 2.4489  
      filter:core/iir:for#1:acc#8                                             mgc_addc_32_0_32_0_32_7                                                         2.3429 4.7918  
      filter:core/iir:for#1:acc#8.itm                                                                                                                         0.0000 4.7918  
      filter:core/iir:iir:acc#1                                               mgc_addc_32_0_32_0_32_7                                                         2.3429 7.1346  
      filter:core/iir:iir:acc#1.itm                                                                                                                           0.0000 7.1346  
      filter:core/reg(iir_output:rsci.idat)                                   mgc_reg_pos_32_0_0_1_0_1_1_1                                                    0.0000 7.1346  
                                                                                                                                                                             
    4                                                                         filter:core/reg(fir:delay_lane(0))        filter:core/reg(iir_output:rsci.idat) 7.1346 12.8654 
                                                                                                                                                                             
      Instance                                                                Component                                                                       Delta  Delay   
      --------                                                                ---------                                                                       -----  -----   
      filter:core/reg(fir:delay_lane(0))                                      mgc_reg_pos_32_0_0_1_0_1_1_1                                                    0.1060 0.1060  
      filter:core/fir:delay_lane(0).sva                                                                                                                       0.0000 0.1060  
      filter:core/iir:for#1:acc#5                                             mgc_addc_32_0_32_0_32_7                                                         2.3429 2.4489  
      filter:core/iir:for#1:acc#5.itm                                                                                                                         0.0000 2.4489  
      filter:core/iir:for#1:acc#8                                             mgc_addc_32_0_32_0_32_7                                                         2.3429 4.7918  
      filter:core/iir:for#1:acc#8.itm                                                                                                                         0.0000 4.7918  
      filter:core/iir:iir:acc#1                                               mgc_addc_32_0_32_0_32_7                                                         2.3429 7.1346  
      filter:core/iir:iir:acc#1.itm                                                                                                                           0.0000 7.1346  
      filter:core/reg(iir_output:rsci.idat)                                   mgc_reg_pos_32_0_0_1_0_1_1_1                                                    0.0000 7.1346  
                                                                                                                                                                             
    5                                                                         filter:core/reg(iir:input_delay_lane(0))  filter:core/reg(iir_output:rsci.idat) 7.1346 12.8654 
                                                                                                                                                                             
      Instance                                                                Component                                                                       Delta  Delay   
      --------                                                                ---------                                                                       -----  -----   
      filter:core/reg(iir:input_delay_lane(0))                                mgc_reg_pos_32_0_0_1_0_1_1_1                                                    0.1060 0.1060  
      filter:core/iir:input_delay_lane(0).sva                                                                                                                 0.0000 0.1060  
      filter:core/input_delay_lane:slc(iir:input_delay_lane(0).sva)(30-0)                                                                                     0.0000 0.1060  
      filter:core/input_delay_lane:slc(iir:input_delay_lane(0).sva)(30-0).itm                                                                                 0.0000 0.1060  
      filter:core/iir:for#1:conc#7                                                                                                                            0.0000 0.1060  
      filter:core/iir:for#1:conc#7.itm                                                                                                                        0.0000 0.1060  
      filter:core/iir:for#1:acc#4                                             mgc_addc_32_0_32_0_32_7                                                         2.3429 2.4489  
      filter:core/iir:for#1:acc#4.itm                                                                                                                         0.0000 2.4489  
      filter:core/iir:for#1:acc                                               mgc_addc_32_0_32_0_32_7                                                         2.3429 4.7918  
      filter:core/iir:for#1:acc.itm                                                                                                                           0.0000 4.7918  
      filter:core/iir:iir:acc#1                                               mgc_addc_32_0_32_0_32_7                                                         2.3429 7.1346  
      filter:core/iir:iir:acc#1.itm                                                                                                                           0.0000 7.1346  
      filter:core/reg(iir_output:rsci.idat)                                   mgc_reg_pos_32_0_0_1_0_1_1_1                                                    0.0000 7.1346  
                                                                                                                                                                             
    6                                                                         filter:core/reg(iir:output_delay_lane(2)) filter:core/reg(iir_output:rsci.idat) 7.1346 12.8654 
                                                                                                                                                                             
      Instance                                                                Component                                                                       Delta  Delay   
      --------                                                                ---------                                                                       -----  -----   
      filter:core/reg(iir:output_delay_lane(2))                               mgc_reg_pos_32_0_0_1_0_1_1_1                                                    0.1060 0.1060  
      filter:core/iir:output_delay_lane(2).sva                                                                                                                0.0000 0.1060  
      filter:core/iir:for#1:acc#5                                             mgc_addc_32_0_32_0_32_7                                                         2.3429 2.4489  
      filter:core/iir:for#1:acc#5.itm                                                                                                                         0.0000 2.4489  
      filter:core/iir:for#1:acc#8                                             mgc_addc_32_0_32_0_32_7                                                         2.3429 4.7918  
      filter:core/iir:for#1:acc#8.itm                                                                                                                         0.0000 4.7918  
      filter:core/iir:iir:acc#1                                               mgc_addc_32_0_32_0_32_7                                                         2.3429 7.1346  
      filter:core/iir:iir:acc#1.itm                                                                                                                           0.0000 7.1346  
      filter:core/reg(iir_output:rsci.idat)                                   mgc_reg_pos_32_0_0_1_0_1_1_1                                                    0.0000 7.1346  
                                                                                                                                                                             
    7                                                                         filter:core/reg(fir:delay_lane(4))        filter:core/reg(fir_output:rsci.idat) 7.1346 12.8654 
                                                                                                                                                                             
      Instance                                                                Component                                                                       Delta  Delay   
      --------                                                                ---------                                                                       -----  -----   
      filter:core/reg(fir:delay_lane(4))                                      mgc_reg_pos_32_0_0_1_0_1_1_1                                                    0.1060 0.1060  
      filter:core/fir:delay_lane(4).lpi#2                                                                                                                     0.0000 0.1060  
      filter:core/fir:for#1:acc#4                                             mgc_addc_32_0_32_0_32_7                                                         2.3429 2.4489  
      filter:core/fir:for#1:acc#4.itm                                                                                                                         0.0000 2.4489  
      filter:core/fir:for#1:acc                                               mgc_addc_32_0_32_0_32_7                                                         2.3429 4.7918  
      filter:core/fir:for#1:acc.itm                                                                                                                           0.0000 4.7918  
      filter:core/fir:for#1-5:acc#1                                           mgc_addc_32_0_32_0_32_7                                                         2.3429 7.1346  
      filter:core/fir:for#1-5:acc#1.itm                                                                                                                       0.0000 7.1346  
      filter:core/reg(fir_output:rsci.idat)                                   mgc_reg_pos_32_0_0_1_0_1_1_1                                                    0.0000 7.1346  
                                                                                                                                                                             
    8                                                                         filter:core/reg(fir:delay_lane(1))        filter:core/reg(fir_output:rsci.idat) 7.1346 12.8654 
                                                                                                                                                                             
      Instance                                                                Component                                                                       Delta  Delay   
      --------                                                                ---------                                                                       -----  -----   
      filter:core/reg(fir:delay_lane(1))                                      mgc_reg_pos_32_0_0_1_0_1_1_1                                                    0.1060 0.1060  
      filter:core/fir:delay_lane(1).lpi#2                                                                                                                     0.0000 0.1060  
      filter:core/delay_lane:slc(fir:delay_lane(1).lpi#2)(30-0)                                                                                               0.0000 0.1060  
      filter:core/delay_lane:slc(fir:delay_lane(1).lpi#2)(30-0).itm                                                                                           0.0000 0.1060  
      filter:core/fir:for#1:conc#7                                                                                                                            0.0000 0.1060  
      filter:core/fir:for#1:conc#7.itm                                                                                                                        0.0000 0.1060  
      filter:core/fir:for#1:acc#4                                             mgc_addc_32_0_32_0_32_7                                                         2.3429 2.4489  
      filter:core/fir:for#1:acc#4.itm                                                                                                                         0.0000 2.4489  
      filter:core/fir:for#1:acc                                               mgc_addc_32_0_32_0_32_7                                                         2.3429 4.7918  
      filter:core/fir:for#1:acc.itm                                                                                                                           0.0000 4.7918  
      filter:core/fir:for#1-5:acc#1                                           mgc_addc_32_0_32_0_32_7                                                         2.3429 7.1346  
      filter:core/fir:for#1-5:acc#1.itm                                                                                                                       0.0000 7.1346  
      filter:core/reg(fir_output:rsci.idat)                                   mgc_reg_pos_32_0_0_1_0_1_1_1                                                    0.0000 7.1346  
                                                                                                                                                                             
    9                                                                         filter:core/reg(iir:input_delay_lane(3))  filter:core/reg(iir_output:rsci.idat) 7.0629 12.9371 
                                                                                                                                                                             
      Instance                                                                Component                                                                       Delta  Delay   
      --------                                                                ---------                                                                       -----  -----   
      filter:core/reg(iir:input_delay_lane(3))                                mgc_reg_pos_32_0_0_1_0_1_1_1                                                    0.1060 0.1060  
      filter:core/iir:input_delay_lane(3).sva                                                                                                                 0.0000 0.1060  
      filter:core/input_delay_lane:slc(iir:input_delay_lane(3).sva)(30-0)                                                                                     0.0000 0.1060  
      filter:core/input_delay_lane:slc(iir:input_delay_lane(3).sva)(30-0).itm                                                                                 0.0000 0.1060  
      filter:core/iir:for#1:acc#9                                             mgc_addc_31_0_31_0_31_7                                                         2.2712 2.3772  
      filter:core/iir:for#1:acc#9.itm                                                                                                                         0.0000 2.3772  
      filter:core/iir:for#1:conc                                                                                                                              0.0000 2.3772  
      filter:core/iir:for#1:conc.itm                                                                                                                          0.0000 2.3772  
      filter:core/iir:for#1:acc                                               mgc_addc_32_0_32_0_32_7                                                         2.3429 4.7201  
      filter:core/iir:for#1:acc.itm                                                                                                                           0.0000 4.7201  
      filter:core/iir:iir:acc#1                                               mgc_addc_32_0_32_0_32_7                                                         2.3429 7.0629  
      filter:core/iir:iir:acc#1.itm                                                                                                                           0.0000 7.0629  
      filter:core/reg(iir_output:rsci.idat)                                   mgc_reg_pos_32_0_0_1_0_1_1_1                                                    0.0000 7.0629  
                                                                                                                                                                             
    10                                                                        filter:core/reg(iir:input_delay_lane(1))  filter:core/reg(iir_output:rsci.idat) 7.0629 12.9371 
                                                                                                                                                                             
      Instance                                                                Component                                                                       Delta  Delay   
      --------                                                                ---------                                                                       -----  -----   
      filter:core/reg(iir:input_delay_lane(1))                                mgc_reg_pos_32_0_0_1_0_1_1_1                                                    0.1060 0.1060  
      filter:core/iir:input_delay_lane(1).sva                                                                                                                 0.0000 0.1060  
      filter:core/input_delay_lane:slc(iir:input_delay_lane(1).sva)(29-0)                                                                                     0.0000 0.1060  
      filter:core/input_delay_lane:slc(iir:input_delay_lane(1).sva)(29-0).itm                                                                                 0.0000 0.1060  
      filter:core/iir:for#1:conc#8                                                                                                                            0.0000 0.1060  
      filter:core/iir:for#1:conc#8.itm                                                                                                                        0.0000 0.1060  
      filter:core/iir:for#1:acc#9                                             mgc_addc_31_0_31_0_31_7                                                         2.2712 2.3772  
      filter:core/iir:for#1:acc#9.itm                                                                                                                         0.0000 2.3772  
      filter:core/iir:for#1:conc                                                                                                                              0.0000 2.3772  
      filter:core/iir:for#1:conc.itm                                                                                                                          0.0000 2.3772  
      filter:core/iir:for#1:acc                                               mgc_addc_32_0_32_0_32_7                                                         2.3429 4.7201  
      filter:core/iir:for#1:acc.itm                                                                                                                           0.0000 4.7201  
      filter:core/iir:iir:acc#1                                               mgc_addc_32_0_32_0_32_7                                                         2.3429 7.0629  
      filter:core/iir:iir:acc#1.itm                                                                                                                           0.0000 7.0629  
      filter:core/reg(iir_output:rsci.idat)                                   mgc_reg_pos_32_0_0_1_0_1_1_1                                                    0.0000 7.0629  
                                                                                                                                                                             
    
  Register Input and Register-to-Output Slack
    Clock period or pin-to-reg delay constraint (clk): 20.0
    Clock uncertainty constraint (clk)               : 0.0
    
    Instance                                  Port                                                         Slack (Delay) Messages 
    ----------------------------------------- ---------------------------------------------------------- ------- ------- --------
    filter:core/reg(input)                    input:rsci.idat                                            20.0000  0.0000          
    filter:core/reg(iir:input_delay_lane(1))  iir:input_delay_lane(0).sva                                12.8654  7.1346          
    filter:core/reg(iir:input_delay_lane(0))  input.sva                                                  12.8654  7.1346          
    filter:core/reg(iir_output:rsci.idat)     iir:iir:acc#1.itm                                          12.8264  7.1736          
    filter:core/reg(fir_output:rsci.idat)     fir:for#1-5:acc#1.itm                                      12.8654  7.1346          
    filter:core/reg(iir:output_delay_lane(2)) iir:output_delay_lane(1).sva                               19.8940  0.1060          
    filter:core/reg(iir:output_delay_lane(1)) iir_output:rsci.idat                                       19.8940  0.1060          
    filter:core/reg(iir:input_delay_lane(3))  iir:for#1:asn#7.itm                                        12.8264  7.1736          
    filter:core/reg(fir:for:i(1:0))           fir:for:i:fir:for:i:and.itm                                19.7525  0.2475          
    filter:core/reg(fir:delay_lane(4))        fir:for:fir:for:slc(fir:delay_lane,*32)(31-0)#1.ctmp.sva#1 19.4831  0.5169          
    filter:core/reg(fir:delay_lane(3))        fir:for:fir:for:slc(fir:delay_lane,*32)(31-0)#1.ctmp.sva#1 19.4831  0.5169          
    filter:core/reg(fir:delay_lane(1))        fir:for:fir:for:slc(fir:delay_lane,*32)(31-0)#1.ctmp.sva#1 19.4831  0.5169          
    filter:core/reg(fir:delay_lane(2))        fir:for:fir:for:slc(fir:delay_lane,*32)(31-0)#1.ctmp.sva#1 19.4831  0.5169          
    filter:core/reg(fir:delay_lane(0))        input_delay_lane:input_delay_lane:mux.itm                  19.7376  0.2624          
    filter:core/reg(iir_output.triosy:obj.ld) slc(fsm_output)(2)#7.itm                                   20.0000  0.0000          
    filter:core/reg(input.triosy:obj.ld)      or.tmp#13                                                  19.5233  0.4767          
    filter:core/reg(iir:for#1:asn#7)          output_delay_lane:output_delay_lane:mux.itm                19.7376  0.2624          
    filter                                    input.triosy.lz                                            19.8940  0.1060          
    filter                                    fir_output:rsc.dat                                         19.8940  0.1060          
    filter                                    fir_output.triosy.lz                                       19.8940  0.1060          
    filter                                    iir_output:rsc.dat                                         19.8940  0.1060          
    filter                                    iir_output.triosy.lz                                       19.8940  0.1060          
    
Operator Bitwidth Summary
  Operation  Size (bits) Count 
  ---------- ----------- -----
  add                          
  -                   32    10 
  -                   31     1 
  -                   30     1 
  -                    3     1 
  -                    2     1 
  and                          
  -                    2     1 
  -                    1     2 
  mux                          
  -                   32     3 
  nor                          
  -                    1     4 
  not                          
  -                   32     3 
  -                    2     1 
  -                    1    11 
  or                           
  -                    1     2 
  read_port                    
  -                   32     1 
  read_sync                    
  -                    0     3 
  reg                          
  -                   32    14 
  -                    2     1 
  -                    1     2 
  write_port                   
  -                    0     2 
  xnor                         
  -                    1     1 
  
End of Report
