-- Catapult Ultra Synthesis: Report                                              
-- ------------------------- ---------------------------------------------------
-- Version:                  2023.1_2/1049935 Production Release                 
-- Build Date:               Sat Jun 10 10:53:51 PDT 2023                        
                                                                                 
-- Generated by:             ajh9498@hansolo.poly.edu                            
-- Generated date:           Fri Feb 28 23:00:34 EST 2025                        

Solution Settings: filter.v1
  Current state: extract
  Project: Catapult_70

Design Input Files Specified
  $PROJECT_HOME/tmp_filter/filter_deepseek-chat_agent_8.c
    $PROJECT_HOME/include/ac_float.h
      $PROJECT_HOME/include/ac_fixed.h
        $PROJECT_HOME/include/ac_int.h

Processes/Blocks in Design
  Process       Real Operation(s) count Latency Throughput Reset Length II Comments 
  ------------- ----------------------- ------- ---------- ------------ -- --------
  /filter/core                       57       7          8            0  0          
  Design Total:                      57       7          8            0  0          
  
Bill Of Materials (Datapath)
  Component Name                 Area Score Area(Combinational)  AreaSeq Delay Post Alloc Post Assign 
  ------------------------------ ---------- ------------------- -------- ----- ---------- -----------
  [Lib: VIRTUAL]                                                                                      
  mgc_rom_0(2,8)                      6.118               0.000    0.000 0.186          1           1 
  [Lib: ccs_ioport]                                                                                   
  ccs_in(1,32)                        0.000               0.000    0.000 0.000          1           1 
  ccs_out(2,32)                       0.000               0.000    0.000 0.000          1           1 
  ccs_out(3,32)                       0.000               0.000    0.000 0.000          1           1 
  [Lib: mgc_ioport]                                                                                   
  mgc_io_sync(0)                      0.000               0.000    0.000 0.000          3           3 
  [Lib: nangate-45nm_beh]                                                                             
  mgc_add(2,0,1,1,2,6)               10.110               0.000    0.000 0.064          1           1 
  mgc_add(3,0,1,0,3,7)                9.576               0.000    0.000 0.218          0           2 
  mgc_add(3,0,2,1,3,7)               14.963               0.000    0.000 0.308          2           0 
  mgc_add(30,0,30,0,30,7)           127.680              84.509    0.000 2.199          0           1 
  mgc_add(32,0,32,0,32,7)           136.192              95.813    0.000 2.343          6           5 
  mgc_add_msb(3,0,1,0,3,4)            4.522               0.000    0.000 0.074          0           1 
  mgc_add_msb(3,0,2,1,3,6)            7.778               0.000    0.000 0.177          1           0 
  mgc_add_msb(4,0,3,0,4,5)            7.847               0.000    0.000 0.157          2           2 
  mgc_and(1,2,4)                      1.064               0.000    0.000 0.077          0           5 
  mgc_and(1,3,4)                      1.330               0.000    0.000 0.084          0           1 
  mgc_and(2,2,4)                      2.128               0.012    0.000 0.077          1           1 
  mgc_and(3,2,4)                      3.192               1.314    0.000 0.077          0           2 
  mgc_and(32,2,4)                    34.048              49.912    0.000 0.077          0           2 
  mgc_mul(2,0,32,0,32,7)            207.260             200.259    0.000 2.577          1           1 
  mgc_mul(2,1,32,0,32,7)            207.260             200.259    0.000 2.577          1           1 
  mgc_mux(2,1,2,5)                    3.724               0.000    0.000 0.088          1           0 
  mgc_mux(32,1,2,5)                  59.584              76.931    0.000 0.156          4           3 
  mgc_mux(32,2,4,5)                 125.366             155.326    0.000 0.411          1           1 
  mgc_mux(32,3,8,2)                 247.075             330.899    0.000 0.215          2           0 
  mgc_mux(32,3,8,5)                 243.333             311.001    0.000 0.366          0           2 
  mgc_nand(1,2,4)                     0.798               0.000    0.000 0.061          0           1 
  mgc_nand(1,3,4)                     1.064               0.000    0.000 0.065          0           1 
  mgc_nor(1,2,2)                      0.798               0.000    0.000 0.097          0           3 
  mgc_nor(1,3,4)                      1.064               0.000    0.000 0.132          0           7 
  mgc_not(1,1)                        0.532               0.532    0.000 0.039          0          16 
  mgc_not(2,1)                        1.064               0.709    0.000 0.039          0           1 
  mgc_not(32,1)                      17.024              61.003    0.000 0.039          0           1 
  mgc_or(1,2,2)                       1.064               0.616    0.000 0.078          0           4 
  mgc_or(2,2,2)                       2.128               1.918    0.000 0.078          1           0 
  mgc_reg_pos(1,0,0,1,0,0,0,1)        6.384               1.862    4.522 0.106          0           3 
  mgc_reg_pos(2,0,0,1,0,0,0,1)       12.768               3.724    9.044 0.106          0           1 
  mgc_reg_pos(3,0,0,1,0,0,0,1)       19.152               5.586   13.566 0.106          0           2 
  mgc_reg_pos(32,0,0,1,0,0,0,1)     204.288              59.584  144.704 0.106          0           2 
  mgc_reg_pos(32,0,0,1,0,1,1,1)     204.288              59.584  144.704 0.106          0          15 
  mgc_xnor(1,2,4)                     1.596               0.000    0.000 0.000          0           1 
                                                                                                      
  TOTAL AREA (After Assignment):   5740.075            3181.000 2510.000                              
  
Area Scores
                    Post-Scheduling   Post-DP & FSM Post-Assignment 
  ----------------- --------------- --------------- ---------------
  Total Area Score:   7536.1          6687.4          5763.6        
  Total Reg:          5368.9  (71%)   3972.7  (59%)   3564.1  (62%) 
                                                                    
  DataPath:           7536.1 (100%)   6664.4 (100%)   5740.1 (100%) 
    MUX:               861.6  (11%)   1010.3  (15%)    790.8  (14%) 
    FUNC:             1301.3  (17%)   1559.1  (23%)   1272.6  (22%) 
    LOGIC:               4.3   (0%)    137.3   (2%)    127.4   (2%) 
    BUFFER:              0.0             0.0             0.0        
    MEM:                 0.0             0.0             0.0        
    ROM:                 0.0             6.1   (0%)      6.1   (0%) 
    REG:              5368.9  (71%)   3951.7  (59%)   3543.1  (62%) 
                                                                    
  
  FSM:                   0.0            23.0   (0%)     23.5   (0%) 
    FSM-REG:             0.0            21.0  (91%)     21.0  (89%) 
    FSM-COMB:            0.0             2.0   (9%)      2.5  (11%) 
                                                                    
  
  
  (MUX = multiplexers; FUNC = datapath logic (e.g. add/mult); LOGIC = control logic)

Register-to-Variable Mappings
  Register                          Size(bits) Gated Register CG Opt Done Variables                                             
  --------------------------------- ---------- -------------- ----------- -----------------------------------------------------
  fir:delay_lane(1).lpi#2                   32         Y           Y      fir:delay_lane(1).lpi#2                               
                                                                          fir:delay_lane(1).lpi#2.dfm                           
                                                                          fir:delay_lane(1).sva                                 
  fir:delay_lane(2).lpi#2                   32         Y           Y      fir:delay_lane(2).lpi#2                               
                                                                          fir:delay_lane(2).lpi#2.dfm                           
                                                                          fir:delay_lane(2).sva                                 
  fir:delay_lane(3).lpi#2                   32         Y           Y      fir:delay_lane(3).lpi#2                               
                                                                          fir:delay_lane(3).lpi#2.dfm                           
                                                                          fir:delay_lane(3).sva                                 
  fir:delay_lane(4).lpi#2                   32         Y           Y      fir:delay_lane(4).lpi#2                               
                                                                          fir:delay_lane(4).lpi#2.dfm                           
  fir_output:rsci.idat                      32         Y           Y      fir_output:rsci.idat                                  
  iir:feedback.sva                          32                            iir:feedback.sva                                      
                                                                          iir:feedback.sva#1                                    
  iir:feedforward.sva                       32                            iir:feedforward.sva                                   
                                                                          iir:feedforward.sva#1                                 
  iir:input_delay_lane(0).sva               32         Y           Y      iir:input_delay_lane(0).sva                           
  iir:input_delay_lane(1).sva               32         Y           Y      iir:input_delay_lane(1).sva                           
  iir:input_delay_lane(2).sva               32         Y           Y      iir:input_delay_lane(2).sva                           
  iir:input_delay_lane(3).sva               32         Y           Y      iir:input_delay_lane(3).sva                           
  iir:output_delay_lane(1).sva              32         Y           Y      iir:output_delay_lane(1).sva                          
  iir:output_delay_lane(2).sva              32         Y           Y      iir:output_delay_lane(2).sva                          
  iir:output_delay_lane(3).sva              32         Y           Y      iir:output_delay_lane(3).sva                          
  iir:output_delay_lane(4).sva              32         Y           Y      iir:output_delay_lane(4).sva                          
  input.sva                                 32         Y           Y      input.sva                                             
  reg(iir_output:rsci.idat).cse             32         Y           Y      reg(iir_output:rsci.idat).cse                         
  iir:for#1:i(2:0).sva                       3                            iir:for#1:i(2:0).sva                                  
  iir:for#2:i(2:0).sva                       3                            iir:for#2:i(2:0).sva                                  
  fir:for:i(1:0).sva                         2                            fir:for:i(1:0).sva                                    
  exit:fir:for.sva                           1                            exit:fir:for.sva                                      
  input.triosy:obj.ld                        1                            input.triosy:obj.ld                                   
  reg(iir_output.triosy:obj.ld).cse          1                            reg(iir_output.triosy:obj.ld).cse                     
                                                                                                                                
  Total:                                   555            480         480 (Total Gating Ratio: 0.86, CG Opt Gating Ratio: 0.86) 
  
Timing Report
  Critical Path
    Max Delay:  7.368564
    Slack:      12.631436
    
    Path                                                            Startpoint                               Endpoint                              Delay  Slack   
    --------------------------------------------------------------- ---------------------------------------- ------------------------------------- ------ -------
    1                                                               filter:core/reg(fir:delay_lane(4))       filter:core/reg(iir:feedback)         7.3686 12.6314 
                                                                                                                                                                  
      Instance                                                      Component                                                                      Delta  Delay   
      --------                                                      ---------                                                                      -----  -----   
      filter:core/reg(fir:delay_lane(4))                            mgc_reg_pos_32_0_0_1_0_1_1_1                                                   0.1060 0.1060  
      filter:core/fir:delay_lane(4).lpi#2                                                                                                          0.0000 0.1060  
      filter:core/fir:for#1:acc#4                                   mgc_addc_32_0_32_0_32_7                                                        2.3429 2.4489  
      filter:core/fir:for#1:acc#4.itm                                                                                                              0.0000 2.4489  
      filter:core/fir:for#1:acc                                     mgc_addc_32_0_32_0_32_7                                                        2.3429 4.7918  
      filter:core/fir:for#1:acc.itm                                                                                                                0.0000 4.7918  
      filter:core/fir:for#1:mux                                     mgc_mux_32_1_2_5                                                               0.1564 4.9482  
      filter:core/fir:for#1:mux.itm                                                                                                                0.0000 4.9482  
      filter:core/fir:for#1-5:acc#1:rg                              mgc_addc_32_0_32_0_32_7                                                        2.3429 7.2911  
      filter:core/z.out                                                                                                                            0.0000 7.2911  
      filter:core/iir:iir:and                                       mgc_and_32_2_4                                                                 0.0775 7.3686  
      filter:core/iir:iir:and.itm                                                                                                                  0.0000 7.3686  
      filter:core/reg(iir:feedback)                                 mgc_reg_pos_32_0_0_1_0_0_0_1                                                   0.0000 7.3686  
                                                                                                                                                                  
    2                                                               filter:core/reg(fir:delay_lane(1))       filter:core/reg(iir:feedback)         7.3686 12.6314 
                                                                                                                                                                  
      Instance                                                      Component                                                                      Delta  Delay   
      --------                                                      ---------                                                                      -----  -----   
      filter:core/reg(fir:delay_lane(1))                            mgc_reg_pos_32_0_0_1_0_1_1_1                                                   0.1060 0.1060  
      filter:core/fir:delay_lane(1).lpi#2                                                                                                          0.0000 0.1060  
      filter:core/delay_lane:slc(fir:delay_lane(1).lpi#2)(30-0)                                                                                    0.0000 0.1060  
      filter:core/delay_lane:slc(fir:delay_lane(1).lpi#2)(30-0).itm                                                                                0.0000 0.1060  
      filter:core/fir:for#1:conc#7                                                                                                                 0.0000 0.1060  
      filter:core/fir:for#1:conc#7.itm                                                                                                             0.0000 0.1060  
      filter:core/fir:for#1:acc#4                                   mgc_addc_32_0_32_0_32_7                                                        2.3429 2.4489  
      filter:core/fir:for#1:acc#4.itm                                                                                                              0.0000 2.4489  
      filter:core/fir:for#1:acc                                     mgc_addc_32_0_32_0_32_7                                                        2.3429 4.7918  
      filter:core/fir:for#1:acc.itm                                                                                                                0.0000 4.7918  
      filter:core/fir:for#1:mux                                     mgc_mux_32_1_2_5                                                               0.1564 4.9482  
      filter:core/fir:for#1:mux.itm                                                                                                                0.0000 4.9482  
      filter:core/fir:for#1-5:acc#1:rg                              mgc_addc_32_0_32_0_32_7                                                        2.3429 7.2911  
      filter:core/z.out                                                                                                                            0.0000 7.2911  
      filter:core/iir:iir:and                                       mgc_and_32_2_4                                                                 0.0775 7.3686  
      filter:core/iir:iir:and.itm                                                                                                                  0.0000 7.3686  
      filter:core/reg(iir:feedback)                                 mgc_reg_pos_32_0_0_1_0_0_0_1                                                   0.0000 7.3686  
                                                                                                                                                                  
    3                                                               filter:core/reg(fir:delay_lane(4))       filter:core/reg(fir_output:rsci.idat) 7.2911 12.7089 
                                                                                                                                                                  
      Instance                                                      Component                                                                      Delta  Delay   
      --------                                                      ---------                                                                      -----  -----   
      filter:core/reg(fir:delay_lane(4))                            mgc_reg_pos_32_0_0_1_0_1_1_1                                                   0.1060 0.1060  
      filter:core/fir:delay_lane(4).lpi#2                                                                                                          0.0000 0.1060  
      filter:core/fir:for#1:acc#4                                   mgc_addc_32_0_32_0_32_7                                                        2.3429 2.4489  
      filter:core/fir:for#1:acc#4.itm                                                                                                              0.0000 2.4489  
      filter:core/fir:for#1:acc                                     mgc_addc_32_0_32_0_32_7                                                        2.3429 4.7918  
      filter:core/fir:for#1:acc.itm                                                                                                                0.0000 4.7918  
      filter:core/fir:for#1:mux                                     mgc_mux_32_1_2_5                                                               0.1564 4.9482  
      filter:core/fir:for#1:mux.itm                                                                                                                0.0000 4.9482  
      filter:core/fir:for#1-5:acc#1:rg                              mgc_addc_32_0_32_0_32_7                                                        2.3429 7.2911  
      filter:core/z.out                                                                                                                            0.0000 7.2911  
      filter:core/reg(fir_output:rsci.idat)                         mgc_reg_pos_32_0_0_1_0_1_1_1                                                   0.0000 7.2911  
                                                                                                                                                                  
    4                                                               filter:core/reg(fir:delay_lane(1))       filter:core/reg(fir_output:rsci.idat) 7.2911 12.7089 
                                                                                                                                                                  
      Instance                                                      Component                                                                      Delta  Delay   
      --------                                                      ---------                                                                      -----  -----   
      filter:core/reg(fir:delay_lane(1))                            mgc_reg_pos_32_0_0_1_0_1_1_1                                                   0.1060 0.1060  
      filter:core/fir:delay_lane(1).lpi#2                                                                                                          0.0000 0.1060  
      filter:core/delay_lane:slc(fir:delay_lane(1).lpi#2)(30-0)                                                                                    0.0000 0.1060  
      filter:core/delay_lane:slc(fir:delay_lane(1).lpi#2)(30-0).itm                                                                                0.0000 0.1060  
      filter:core/fir:for#1:conc#7                                                                                                                 0.0000 0.1060  
      filter:core/fir:for#1:conc#7.itm                                                                                                             0.0000 0.1060  
      filter:core/fir:for#1:acc#4                                   mgc_addc_32_0_32_0_32_7                                                        2.3429 2.4489  
      filter:core/fir:for#1:acc#4.itm                                                                                                              0.0000 2.4489  
      filter:core/fir:for#1:acc                                     mgc_addc_32_0_32_0_32_7                                                        2.3429 4.7918  
      filter:core/fir:for#1:acc.itm                                                                                                                0.0000 4.7918  
      filter:core/fir:for#1:mux                                     mgc_mux_32_1_2_5                                                               0.1564 4.9482  
      filter:core/fir:for#1:mux.itm                                                                                                                0.0000 4.9482  
      filter:core/fir:for#1-5:acc#1:rg                              mgc_addc_32_0_32_0_32_7                                                        2.3429 7.2911  
      filter:core/z.out                                                                                                                            0.0000 7.2911  
      filter:core/reg(fir_output:rsci.idat)                         mgc_reg_pos_32_0_0_1_0_1_1_1                                                   0.0000 7.2911  
                                                                                                                                                                  
    5                                                               filter:core/reg(fir:delay_lane(3))       filter:core/reg(fir_output:rsci.idat) 7.1477 12.8523 
                                                                                                                                                                  
      Instance                                                      Component                                                                      Delta  Delay   
      --------                                                      ---------                                                                      -----  -----   
      filter:core/reg(fir:delay_lane(3))                            mgc_reg_pos_32_0_0_1_0_1_1_1                                                   0.1060 0.1060  
      filter:core/fir:delay_lane(3).lpi#2                                                                                                          0.0000 0.1060  
      filter:core/delay_lane:slc(fir:delay_lane(3).lpi#2)(30-1)                                                                                    0.0000 0.1060  
      filter:core/delay_lane:slc(fir:delay_lane(3).lpi#2)(30-1).itm                                                                                0.0000 0.1060  
      filter:core/fir:for#1:acc#7                                   mgc_addc_30_0_30_0_30_7                                                        2.1995 2.3055  
      filter:core/fir:for#1:acc#7.itm                                                                                                              0.0000 2.3055  
      filter:core/fir:for#1:conc                                                                                                                   0.0000 2.3055  
      filter:core/fir:for#1:conc.itm                                                                                                               0.0000 2.3055  
      filter:core/fir:for#1:acc                                     mgc_addc_32_0_32_0_32_7                                                        2.3429 4.6484  
      filter:core/fir:for#1:acc.itm                                                                                                                0.0000 4.6484  
      filter:core/fir:for#1:mux                                     mgc_mux_32_1_2_5                                                               0.1564 4.8048  
      filter:core/fir:for#1:mux.itm                                                                                                                0.0000 4.8048  
      filter:core/fir:for#1-5:acc#1:rg                              mgc_addc_32_0_32_0_32_7                                                        2.3429 7.1477  
      filter:core/z.out                                                                                                                            0.0000 7.1477  
      filter:core/reg(fir_output:rsci.idat)                         mgc_reg_pos_32_0_0_1_0_1_1_1                                                   0.0000 7.1477  
                                                                                                                                                                  
    6                                                               filter:core/reg(fir:delay_lane(2))       filter:core/reg(fir_output:rsci.idat) 7.1477 12.8523 
                                                                                                                                                                  
      Instance                                                      Component                                                                      Delta  Delay   
      --------                                                      ---------                                                                      -----  -----   
      filter:core/reg(fir:delay_lane(2))                            mgc_reg_pos_32_0_0_1_0_1_1_1                                                   0.1060 0.1060  
      filter:core/fir:delay_lane(2).lpi#2                                                                                                          0.0000 0.1060  
      filter:core/delay_lane:slc(fir:delay_lane(2).lpi#2)(29-0)                                                                                    0.0000 0.1060  
      filter:core/delay_lane:slc(fir:delay_lane(2).lpi#2)(29-0).itm                                                                                0.0000 0.1060  
      filter:core/fir:for#1:acc#7                                   mgc_addc_30_0_30_0_30_7                                                        2.1995 2.3055  
      filter:core/fir:for#1:acc#7.itm                                                                                                              0.0000 2.3055  
      filter:core/fir:for#1:conc                                                                                                                   0.0000 2.3055  
      filter:core/fir:for#1:conc.itm                                                                                                               0.0000 2.3055  
      filter:core/fir:for#1:acc                                     mgc_addc_32_0_32_0_32_7                                                        2.3429 4.6484  
      filter:core/fir:for#1:acc.itm                                                                                                                0.0000 4.6484  
      filter:core/fir:for#1:mux                                     mgc_mux_32_1_2_5                                                               0.1564 4.8048  
      filter:core/fir:for#1:mux.itm                                                                                                                0.0000 4.8048  
      filter:core/fir:for#1-5:acc#1:rg                              mgc_addc_32_0_32_0_32_7                                                        2.3429 7.1477  
      filter:core/z.out                                                                                                                            0.0000 7.1477  
      filter:core/reg(fir_output:rsci.idat)                         mgc_reg_pos_32_0_0_1_0_1_1_1                                                   0.0000 7.1477  
                                                                                                                                                                  
    7                                                               filter:core/reg(input)                   filter:core/reg(iir:feedforward)      5.6264 14.3736 
                                                                                                                                                                  
      Instance                                                      Component                                                                      Delta  Delay   
      --------                                                      ---------                                                                      -----  -----   
      filter:core/reg(input)                                        mgc_reg_pos_32_0_0_1_0_1_1_1                                                   0.1060 0.1060  
      filter:core/input.sva                                                                                                                        0.0000 0.1060  
      filter:core/iir:for#1:mux                                     mgc_mux_32_3_8_5                                                               0.3662 0.4722  
      filter:core/iir:for#1:mux.itm                                                                                                                0.0000 0.4722  
      filter:core/iir:for#1:mul                                     mgc_mul_2_0_32_0_32_7                                                          2.5773 3.0496  
      filter:core/iir:for#1:mul.itm                                                                                                                0.0000 3.0496  
      filter:core/iir:for#1:mux#2                                   mgc_mux_32_1_2_5                                                               0.1564 3.2060  
      filter:core/iir:for#1:mux#2.itm                                                                                                              0.0000 3.2060  
      filter:core/iir:for#1:acc#1:rg                                mgc_addc_32_0_32_0_32_7                                                        2.3429 5.5489  
      filter:core/z.out#1                                                                                                                          0.0000 5.5489  
      filter:core/iir:iir:and#1                                     mgc_and_32_2_4                                                                 0.0775 5.6264  
      filter:core/iir:iir:and#1.itm                                                                                                                0.0000 5.6264  
      filter:core/reg(iir:feedforward)                              mgc_reg_pos_32_0_0_1_0_0_0_1                                                   0.0000 5.6264  
                                                                                                                                                                  
    8                                                               filter:core/reg(iir:input_delay_lane(2)) filter:core/reg(iir:feedforward)      5.6264 14.3736 
                                                                                                                                                                  
      Instance                                                      Component                                                                      Delta  Delay   
      --------                                                      ---------                                                                      -----  -----   
      filter:core/reg(iir:input_delay_lane(2))                      mgc_reg_pos_32_0_0_1_0_1_1_1                                                   0.1060 0.1060  
      filter:core/iir:input_delay_lane(2).sva                                                                                                      0.0000 0.1060  
      filter:core/iir:for#1:mux                                     mgc_mux_32_3_8_5                                                               0.3662 0.4722  
      filter:core/iir:for#1:mux.itm                                                                                                                0.0000 0.4722  
      filter:core/iir:for#1:mul                                     mgc_mul_2_0_32_0_32_7                                                          2.5773 3.0496  
      filter:core/iir:for#1:mul.itm                                                                                                                0.0000 3.0496  
      filter:core/iir:for#1:mux#2                                   mgc_mux_32_1_2_5                                                               0.1564 3.2060  
      filter:core/iir:for#1:mux#2.itm                                                                                                              0.0000 3.2060  
      filter:core/iir:for#1:acc#1:rg                                mgc_addc_32_0_32_0_32_7                                                        2.3429 5.5489  
      filter:core/z.out#1                                                                                                                          0.0000 5.5489  
      filter:core/iir:iir:and#1                                     mgc_and_32_2_4                                                                 0.0775 5.6264  
      filter:core/iir:iir:and#1.itm                                                                                                                0.0000 5.6264  
      filter:core/reg(iir:feedforward)                              mgc_reg_pos_32_0_0_1_0_0_0_1                                                   0.0000 5.6264  
                                                                                                                                                                  
    9                                                               filter:core/reg(iir:input_delay_lane(0)) filter:core/reg(iir:feedforward)      5.6264 14.3736 
                                                                                                                                                                  
      Instance                                                      Component                                                                      Delta  Delay   
      --------                                                      ---------                                                                      -----  -----   
      filter:core/reg(iir:input_delay_lane(0))                      mgc_reg_pos_32_0_0_1_0_1_1_1                                                   0.1060 0.1060  
      filter:core/iir:input_delay_lane(0).sva                                                                                                      0.0000 0.1060  
      filter:core/iir:for#1:mux                                     mgc_mux_32_3_8_5                                                               0.3662 0.4722  
      filter:core/iir:for#1:mux.itm                                                                                                                0.0000 0.4722  
      filter:core/iir:for#1:mul                                     mgc_mul_2_0_32_0_32_7                                                          2.5773 3.0496  
      filter:core/iir:for#1:mul.itm                                                                                                                0.0000 3.0496  
      filter:core/iir:for#1:mux#2                                   mgc_mux_32_1_2_5                                                               0.1564 3.2060  
      filter:core/iir:for#1:mux#2.itm                                                                                                              0.0000 3.2060  
      filter:core/iir:for#1:acc#1:rg                                mgc_addc_32_0_32_0_32_7                                                        2.3429 5.5489  
      filter:core/z.out#1                                                                                                                          0.0000 5.5489  
      filter:core/iir:iir:and#1                                     mgc_and_32_2_4                                                                 0.0775 5.6264  
      filter:core/iir:iir:and#1.itm                                                                                                                0.0000 5.6264  
      filter:core/reg(iir:feedforward)                              mgc_reg_pos_32_0_0_1_0_0_0_1                                                   0.0000 5.6264  
                                                                                                                                                                  
    10                                                              filter:core/reg(iir:input_delay_lane(1)) filter:core/reg(iir:feedforward)      5.6264 14.3736 
                                                                                                                                                                  
      Instance                                                      Component                                                                      Delta  Delay   
      --------                                                      ---------                                                                      -----  -----   
      filter:core/reg(iir:input_delay_lane(1))                      mgc_reg_pos_32_0_0_1_0_1_1_1                                                   0.1060 0.1060  
      filter:core/iir:input_delay_lane(1).sva                                                                                                      0.0000 0.1060  
      filter:core/iir:for#1:mux                                     mgc_mux_32_3_8_5                                                               0.3662 0.4722  
      filter:core/iir:for#1:mux.itm                                                                                                                0.0000 0.4722  
      filter:core/iir:for#1:mul                                     mgc_mul_2_0_32_0_32_7                                                          2.5773 3.0496  
      filter:core/iir:for#1:mul.itm                                                                                                                0.0000 3.0496  
      filter:core/iir:for#1:mux#2                                   mgc_mux_32_1_2_5                                                               0.1564 3.2060  
      filter:core/iir:for#1:mux#2.itm                                                                                                              0.0000 3.2060  
      filter:core/iir:for#1:acc#1:rg                                mgc_addc_32_0_32_0_32_7                                                        2.3429 5.5489  
      filter:core/z.out#1                                                                                                                          0.0000 5.5489  
      filter:core/iir:iir:and#1                                     mgc_and_32_2_4                                                                 0.0775 5.6264  
      filter:core/iir:iir:and#1.itm                                                                                                                0.0000 5.6264  
      filter:core/reg(iir:feedforward)                              mgc_reg_pos_32_0_0_1_0_0_0_1                                                   0.0000 5.6264  
                                                                                                                                                                  
    
  Register Input and Register-to-Output Slack
    Clock period or pin-to-reg delay constraint (clk): 20.0
    Clock uncertainty constraint (clk)               : 0.0
    
    Instance                                  Port                                                         Slack (Delay) Messages 
    ----------------------------------------- ---------------------------------------------------------- ------- ------- --------
    filter:core/reg(input)                    input:rsci.idat                                            20.0000  0.0000          
    filter:core/reg(iir_output:rsci.idat)     z.out#1                                                    14.3736  5.6264          
    filter:core/reg(fir_output:rsci.idat)     z.out                                                      12.6314  7.3686          
    filter:core/reg(iir:for#2:i(2:0))         iir:for#1:i:iir:for#1:i:and.itm                            19.5986  0.4014          
    filter:core/reg(iir:feedback)             iir:iir:and.itm                                            12.6314  7.3686          
    filter:core/reg(iir:output_delay_lane(1)) reg(iir_output:rsci.idat).cse                              14.3736  5.6264          
    filter:core/reg(iir:output_delay_lane(2)) iir:output_delay_lane(1).sva                               14.3736  5.6264          
    filter:core/reg(iir:output_delay_lane(3)) iir:output_delay_lane(2).sva                               14.3736  5.6264          
    filter:core/reg(iir:output_delay_lane(4)) iir:output_delay_lane(3).sva                               14.3736  5.6264          
    filter:core/reg(iir:for#1:i(2:0))         iir:for#1:i:iir:for#1:i:and#1.itm                          19.5986  0.4014          
    filter:core/reg(iir:feedforward)          iir:iir:and#1.itm                                          14.3736  5.6264          
    filter:core/reg(iir:input_delay_lane(0))  input.sva                                                  14.3736  5.6264          
    filter:core/reg(iir:input_delay_lane(1))  iir:input_delay_lane(0).sva                                14.3736  5.6264          
    filter:core/reg(iir:input_delay_lane(2))  iir:input_delay_lane(1).sva                                14.3736  5.6264          
    filter:core/reg(iir:input_delay_lane(3))  iir:input_delay_lane(2).sva                                14.3736  5.6264          
    filter:core/reg(exit:fir:for)             iir:for#3:iir:for#3:and.itm                                19.5233  0.4767          
    filter:core/reg(fir:delay_lane(4))        fir:for:fir:for:slc(fir:delay_lane,*32)(31-0)#1.ctmp.sva#1 19.4831  0.5169          
    filter:core/reg(fir:for:i(1:0))           fir:for:i:fir:for:i:and.itm                                19.7525  0.2475          
    filter:core/reg(fir:delay_lane(3))        fir:for:fir:for:slc(fir:delay_lane,*32)(31-0)#1.ctmp.sva#1 19.4831  0.5169          
    filter:core/reg(fir:delay_lane(2))        fir:for:fir:for:slc(fir:delay_lane,*32)(31-0)#1.ctmp.sva#1 19.4831  0.5169          
    filter:core/reg(fir:delay_lane(1))        fir:for:fir:for:slc(fir:delay_lane,*32)(31-0)#1.ctmp.sva#1 19.4831  0.5169          
    filter:core/reg(iir_output.triosy:obj.ld) slc(fsm_output)(2).itm                                     20.0000  0.0000          
    filter:core/reg(input.triosy:obj.ld)      and#59.itm                                                 19.2670  0.7330          
    filter                                    input.triosy.lz                                            19.8940  0.1060          
    filter                                    fir_output:rsc.dat                                         19.8940  0.1060          
    filter                                    fir_output.triosy.lz                                       19.8940  0.1060          
    filter                                    iir_output:rsc.dat                                         19.8940  0.1060          
    filter                                    iir_output.triosy.lz                                       19.8940  0.1060          
    
Operator Bitwidth Summary
  Operation  Size (bits) Count 
  ---------- ----------- -----
  add                          
  -                    4     2 
  -                   32     5 
  -                   30     1 
  -                    3     3 
  -                    2     1 
  and                          
  -                   32     2 
  -                    3     2 
  -                    2     1 
  -                    1     6 
  mul                          
  -                   32     2 
  mux                          
  -                   32     6 
  nand                         
  -                    1     2 
  nor                          
  -                    1    10 
  not                          
  -                   32     1 
  -                    2     1 
  -                    1    16 
  or                           
  -                    1     4 
  read_port                    
  -                   32     1 
  read_sync                    
  -                    0     3 
  reg                          
  -                   32    17 
  -                    3     2 
  -                    2     1 
  -                    1     3 
  write_port                   
  -                    0     2 
  xnor                         
  -                    1     1 
  
End of Report
