o3-mini runs: 27
o3-mini input tokens: 36629
o3-mini output tokens: 68007
# of functions: 4
HLS runs: 30
Compile runs: 40
Time for c2hlsc:  1248917
Time for agent:  884895
Agent sequence:  ['synthesis: fibonacci 0, odd_sum 4, even_sum 1, compute5 4', 'synthesis: fibonacci 0, odd_sum 2, even_sum 0, compute5 1', 'synthesis: fibonacci 0, odd_sum 2, even_sum 0, compute5 2', 'synthesis: fibonacci 0, odd_sum 2, even_sum 0, compute5 4', 'synthesis: fibonacci 0, odd_sum 2, even_sum 1, compute5 2', 'synthesis: fibonacci 0, odd_sum 1, even_sum 0, compute5 4', 'solution: fibonacci 0, odd_sum 1, even_sum 0, compute5 4']
Agent synthesis calls:  6
Agent python calls:  0
Agent profile calls:  0
Agent inspect calls:  0
Agent solution calls:  1
Seconds lost due to API down:  0
  Process        Real Operation(s) count Latency Throughput Reset Length II Comments 

  -------------- ----------------------- ------- ---------- ------------ -- --------

  /compute5/core                     158      30         32            0  0        ? 

  Design Total:                      158      30         32            0  0          

                    Post-Scheduling    Post-DP & FSM Post-Assignment 

  ----------------- --------------- ---------------- ---------------

  Total Area Score:  12891.4          20733.1          9485.5        

  Total Reg:          6958.6  (54%)    4084.4  (20%)   4084.4  (43%) 

