o3-mini runs: 27
o3-mini input tokens: 46557
o3-mini output tokens: 55806
# of functions: 3
HLS runs: 26
Compile runs: 30
Time for c2hlsc:  730014
Time for agent:  276197
Agent sequence:  ['synthesis: odd_factorial 0, even_sum 1, compute1 0', 'synthesis: odd_factorial 0, even_sum 1, compute1 0', 'synthesis: odd_factorial 2, even_sum 1, compute1 0', "python: '''from ortools.linear_solver import pywraplp", "python: '''from ortools.linear_solver import pywraplp", 'synthesis: odd_factorial 0, even_sum 0, compute1 0', 'synthesis: compute1 0, odd_factorial 0, even_sum 1', 'synthesis: compute1 0, odd_factorial 0, even_sum 1', 'solution: compute1 0, odd_factorial 0, even_sum 1', 'synthesis: odd_factorial 0, even_sum 0, compute1 0', "python: '''from ortools.linear_solver import pywraplp", 'solution: compute1 0, odd_factorial 0, even_sum 0']
Agent synthesis calls:  7
Agent python calls:  3
Agent profile calls:  0
Agent inspect calls:  0
Agent solution calls:  2
  Process        Real Operation(s) count Latency Throughput Reset Length II Comments 

  -------------- ----------------------- ------- ---------- ------------ -- --------

  /compute1/core                      20       4          5            0  0        ? 

  Design Total:                       20       4          5            0  0          

                    Post-Scheduling   Post-DP & FSM Post-Assignment 

  ----------------- --------------- --------------- ---------------

  Total Area Score:   4271.2          4758.0          4131.5        

  Total Reg:          1002.3  (23%)    830.4  (17%)    830.4  (20%) 

