o3-mini runs: 46
o3-mini input tokens: 83068
o3-mini output tokens: 97780
# of functions: 6
HLS runs: 47
Compile runs: 83
Time for c2hlsc:  1450627
Time for agent:  127192
Agent sequence:  ["python: '''", 'synthesis: copyKey_hls 0, copyBlock_hls 0, generateRoundKeys80_hls 1, addRoundKey_hls 0, pLayer_hls 3, present80_encryptBlock_hls 0', 'solution: copyKey_hls 0, copyBlock_hls 0, generateRoundKeys80_hls 1, addRoundKey_hls 0, pLayer_hls 3, present80_encryptBlock_hls 0']
Agent synthesis calls:  1
Agent python calls:  1
Agent profile calls:  0
Agent inspect calls:  0
Agent solution calls:  1
Seconds lost due to API down:  0
  Process                          Real Operation(s) count Latency Throughput Reset Length II Comments 

  -------------------------------- ----------------------- ------- ---------- ------------ -- --------

  /present80_encryptBlock_hls/core                     171    1137       1139            1  0          

  Design Total:                                        171    1137       1139            1  0          

                    Post-Scheduling   Post-DP & FSM Post-Assignment 

  ----------------- --------------- --------------- ---------------

  Total Area Score:  12528.3         13652.3         13066.8        

  Total Reg:          2534.4  (20%)   2441.6  (18%)   2441.6  (19%) 

