o3-mini runs: 32
o3-mini input tokens: 50580
o3-mini output tokens: 87172
# of functions: 4
HLS runs: 28
Compile runs: 47
Time for c2hlsc:  1192897
Time for agent:  201098
Agent sequence:  ['synthesis: fibonacci 0, odd_sum 0, even_sum 2, compute3 3', 'synthesis: fibonacci 0, odd_sum 0, even_sum 0, compute3 3', 'inspect: fibonacci 0, odd_sum 0, even_sum 0, compute3 0', 'synthesis: fibonacci 0, odd_sum 1, even_sum 0, compute3 3', 'synthesis: fibonacci 0, odd_sum 0, even_sum 2, compute3 3', 'solution: fibonacci 0, odd_sum 0, even_sum 2, compute3 3']
Agent synthesis calls:  4
Agent python calls:  0
Agent profile calls:  0
Agent inspect calls:  1
Agent solution calls:  1
  Process        Real Operation(s) count Latency Throughput Reset Length II Comments 

  -------------- ----------------------- ------- ---------- ------------ -- --------

  /compute3/core                      38       8          9            0  0        ? 

  Design Total:                       38       8          9            0  0          

                    Post-Scheduling   Post-DP & FSM Post-Assignment 

  ----------------- --------------- --------------- ---------------

  Total Area Score:   3099.9          4781.2          2800.9        

  Total Reg:          2228.0  (72%)   1478.0  (31%)   1478.0  (53%) 

