o3-mini runs: 45
o3-mini input tokens: 137631
o3-mini output tokens: 91548
# of functions: 6
HLS runs: 47
Compile runs: 75
Time for c2hlsc:  1885846
Time for agent:  434247
Agent sequence:  ['synthesis: AddRoundKey_hls 3, SubBytes_hls 2, ShiftRows_hls 1, xtime 0, MixColumns_hls 2, Cipher_hls 0', "python: '''import sys", "python: '''import sys", 'synthesis: AddRoundKey_hls 3, SubBytes_hls 2, ShiftRows_hls 1, xtime 0, MixColumns_hls 2, Cipher_hls 0', 'synthesis: AddRoundKey_hls 3, SubBytes_hls 2, ShiftRows_hls 1, xtime 0, MixColumns_hls 2, Cipher_hls 1', 'synthesis: AddRoundKey_hls 4, SubBytes_hls 2, ShiftRows_hls 1, xtime 0, MixColumns_hls 2, Cipher_hls 0', 'solution: AddRoundKey_hls 3, SubBytes_hls 2, ShiftRows_hls 1, xtime 0, MixColumns_hls 2, Cipher_hls 1']
Agent synthesis calls:  4
Agent python calls:  2
Agent profile calls:  0
Agent inspect calls:  0
Agent solution calls:  1
Seconds lost due to API down:  0
  Process          Real Operation(s) count Latency Throughput Reset Length II Comments 

  ---------------- ----------------------- ------- ---------- ------------ -- --------

  /Cipher_hls/core                    2493    1011       1016            0  0          

  Design Total:                       2493    1011       1016            0  0          

                    Post-Scheduling  Post-DP & FSM Post-Assignment 

  ----------------- --------------- -------------- ---------------

  Total Area Score:  10471.1         3133.6          3579.1        

  Total Reg:          2879.2  (27%)  1515.6  (48%)   1515.6  (42%) 

