o3-mini runs: 42
o3-mini input tokens: 113659
o3-mini output tokens: 107485
# of functions: 5
HLS runs: 43
Compile runs: 51
Time for c2hlsc:  1255246
Time for agent:  676073
Agent sequence:  ['synthesis: shift 0, mac 0, fir 2, iir 4, filter 0', 'synthesis: shift 1, mac 1, fir 4, iir 4, filter 0', "python: '''import sys", "python: '''# This script enumerates all configuration combinations across the functions", 'synthesis: shift 1, mac 1, fir 4, iir 0, filter 0', 'synthesis: shift 1, mac 1, fir 4, iir 4, filter 0', 'synthesis: shift 2, mac 0, fir 2, iir 4, filter 0', 'synthesis: shift 2, mac 0, fir 2, iir 0, filter 0', 'synthesis: shift 2, mac 0, fir 3, iir 0, filter 0', 'synthesis: shift 0, mac 0, fir 2, iir 0, filter 0', 'synthesis: shift 0, mac 0, fir 3, iir 4, filter 0', 'synthesis: shift 0, mac 0, fir 2, iir 4, filter 0', 'synthesis: shift 0, mac 1, fir 2, iir 4, filter 0', 'synthesis: shift 0, mac 1, fir 3, iir 4, filter 0', 'synthesis: shift 1, mac 1, fir 3, iir 4, filter 0', 'solution: shift 1, mac 1, fir 3, iir 4, filter 0']
Agent synthesis calls:  13
Agent python calls:  2
Agent profile calls:  0
Agent inspect calls:  0
Agent solution calls:  1
Seconds lost due to API down:  0
  Process       Real Operation(s) count Latency Throughput Reset Length II Comments 

  ------------- ----------------------- ------- ---------- ------------ -- --------

  /filter/core                       37      11         12            0  0          

  Design Total:                      37      11         12            0  0          

                    Post-Scheduling   Post-DP & FSM Post-Assignment 

  ----------------- --------------- --------------- ---------------

  Total Area Score:   5523.6          5370.3          4984.5        

  Total Reg:          3709.1  (67%)   3135.0  (58%)   3135.0  (63%) 

