o3-mini runs: 41
o3-mini input tokens: 119738
o3-mini output tokens: 78099
# of functions: 6
HLS runs: 44
Compile runs: 75
Time for c2hlsc:  1885846
Time for agent:  313760
Agent sequence:  ["python: '''import sys", 'synthesis: AddRoundKey_hls 3, SubBytes_hls 2, ShiftRows_hls 1, xtime 0, MixColumns_hls 2, Cipher_hls 1', 'solution: AddRoundKey_hls 3, SubBytes_hls 2, ShiftRows_hls 1, xtime 0, MixColumns_hls 2, Cipher_hls 1']
Agent synthesis calls:  1
Agent python calls:  1
Agent profile calls:  0
Agent inspect calls:  0
Agent solution calls:  1
Seconds lost due to API down:  0
  Process          Real Operation(s) count Latency Throughput Reset Length II Comments 

  ---------------- ----------------------- ------- ---------- ------------ -- --------

  /Cipher_hls/core                    3120     751        755            0  0          

  Design Total:                       3120     751        755            0  0          

                    Post-Scheduling  Post-DP & FSM Post-Assignment 

  ----------------- --------------- -------------- ---------------

  Total Area Score:  10120.7         2531.2          3150.4        

  Total Reg:          2623.8  (26%)  1275.1  (50%)   1275.1  (40%) 

