o3-mini runs: 42
o3-mini input tokens: 120832
o3-mini output tokens: 77478
# of functions: 6
HLS runs: 45
Compile runs: 75
Time for c2hlsc:  1885846
Time for agent:  143460
Agent sequence:  ['synthesis: AddRoundKey_hls 3, SubBytes_hls 2, ShiftRows_hls 1, xtime 0, MixColumns_hls 2, Cipher_hls 0', "python: '''from ortools.sat.python import cp_model", "python: '''from ortools.sat.python import cp_model", 'solution: AddRoundKey_hls 4, SubBytes_hls 2, ShiftRows_hls 4, xtime 0, MixColumns_hls 4, Cipher_hls 4']
Agent synthesis calls:  1
Agent python calls:  2
Agent profile calls:  0
Agent inspect calls:  0
Agent solution calls:  1
Seconds lost due to API down:  0
  Process          Real Operation(s) count Latency Throughput Reset Length II Comments 

  ---------------- ----------------------- ------- ---------- ------------ -- --------

  /Cipher_hls/core                     496    1029       1034            0  0          

  Design Total:                        496    1029       1034            0  0          

                    Post-Scheduling  Post-DP & FSM Post-Assignment 

  ----------------- --------------- -------------- ---------------

  Total Area Score:   9642.6         2260.2          2662.4        

  Total Reg:          2138.6  (22%)  1122.1  (50%)   1122.1  (42%) 

