o3-mini runs: 23
o3-mini input tokens: 51799
o3-mini output tokens: 54741
# of functions: 2
HLS runs: 23
Compile runs: 24
Time for c2hlsc:  1177125
Time for agent:  535250
Agent sequence:  ['synthesis: sha256_transform_hls 0, sha256_update_hls 3', 'synthesis: sha256_transform_hls 0, sha256_update_hls 0', 'synthesis: sha256_transform_hls 0, sha256_update_hls 0', 'synthesis: sha256_transform_hls 0, sha256_update_hls 2', 'synthesis: sha256_transform_hls 2, sha256_update_hls 0', 'synthesis: sha256_transform_hls 2, sha256_update_hls 3', 'synthesis: sha256_transform_hls 0, sha256_update_hls 2', 'synthesis: sha256_transform_hls 2, sha256_update_hls 2', 'synthesis: sha256_transform_hls 3, sha256_update_hls 2', "python: '''import sys", 'solution: sha256_transform_hls 0, sha256_update_hls 2']
Agent synthesis calls:  9
Agent python calls:  1
Agent profile calls:  0
Agent inspect calls:  0
Agent solution calls:  1
Seconds lost due to API down:  0
  Process                 Real Operation(s) count Latency Throughput Reset Length II Comments 

  ----------------------- ----------------------- ------- ---------- ------------ -- --------

  /sha256_update_hls/core                     566      84         86            0  0        ? 

  Design Total:                               566      84         86            0  0          

                     Post-Scheduling    Post-DP & FSM  Post-Assignment 

  ----------------- ---------------- ---------------- ----------------

  Total Area Score:   47938.6          50490.9          41479.4        

  Total Reg:          26161.6  (55%)   20630.4  (41%)   20630.4  (50%) 

