o3-mini runs: 26
o3-mini input tokens: 32672
o3-mini output tokens: 59965
# of functions: 4
HLS runs: 29
Compile runs: 40
Time for c2hlsc:  1088946
Time for agent:  157314
Agent sequence:  ['synthesis: odd_factorial 0, fibonacci 0, even_sum 0, compute6 0', 'synthesis: odd_factorial 0, fibonacci 0, even_sum 0, compute6 0', 'synthesis: odd_factorial 2, fibonacci 0, even_sum 0, compute6 0', 'synthesis: odd_factorial 0, fibonacci 0, even_sum 1, compute6 0', 'inspect: odd_factorial 0, fibonacci 0, even_sum 0, compute6 0', 'solution: odd_factorial 0, fibonacci 0, even_sum 1, compute6 0']
Agent synthesis calls:  4
Agent python calls:  0
Agent profile calls:  0
Agent inspect calls:  1
Agent solution calls:  1
  Process        Real Operation(s) count Latency Throughput Reset Length II Comments 

  -------------- ----------------------- ------- ---------- ------------ -- --------

  /compute6/core                     173      25         27            0  0        ? 

  Design Total:                      173      25         27            0  0          

                    Post-Scheduling    Post-DP & FSM Post-Assignment 

  ----------------- --------------- ---------------- ---------------

  Total Area Score:  13515.5          43687.3          8829.3        

  Total Reg:          5113.6  (38%)    3037.0   (7%)   3037.0  (34%) 

