o3-mini runs: 35
o3-mini input tokens: 65245
o3-mini output tokens: 92542
# of functions: 5
HLS runs: 37
Compile runs: 51
Time for c2hlsc:  1255246
Time for agent:  370803
Agent sequence:  ["python: '''", 'synthesis: shift 0, mac 0, fir 2, iir 4, filter 0', 'synthesis: shift 0, mac 1, fir 2, iir 4, filter 0', 'synthesis: shift 1, mac 1, fir 2, iir 4, filter 0', 'synthesis: shift 0, mac 0, fir 2, iir 4, filter 0', 'synthesis: shift 1, mac 0, fir 2, iir 4, filter 0', 'synthesis: shift 3, mac 1, fir 2, iir 4, filter 0', 'synthesis: shift 3, mac 0, fir 4, iir 4, filter 0', 'solution: shift 3, mac 1, fir 2, iir 4, filter 0']
Agent synthesis calls:  7
Agent python calls:  1
Agent profile calls:  0
Agent inspect calls:  0
Agent solution calls:  1
Seconds lost due to API down:  0
  Process       Real Operation(s) count Latency Throughput Reset Length II Comments 

  ------------- ----------------------- ------- ---------- ------------ -- --------

  /filter/core                       19       1          2            0  0          

  Design Total:                      19       1          2            0  0          

                    Post-Scheduling   Post-DP & FSM Post-Assignment 

  ----------------- --------------- --------------- ---------------

  Total Area Score:   4290.0          3439.7          3440.3        

  Total Reg:          2655.7  (62%)   2059.3  (60%)   2059.3  (60%) 

