o3-mini runs: 47
o3-mini input tokens: 144509
o3-mini output tokens: 114187
# of functions: 6
HLS runs: 51
Compile runs: 75
Time for c2hlsc:  1885846
Time for agent:  1147938
Agent sequence:  ["python: '''", 'synthesis: AddRoundKey_hls 3, SubBytes_hls 2, ShiftRows_hls 1, xtime 0, MixColumns_hls 2, Cipher_hls 0', 'synthesis: AddRoundKey_hls 4, SubBytes_hls 2, ShiftRows_hls 1, xtime 0, MixColumns_hls 2, Cipher_hls 1', 'synthesis: AddRoundKey_hls 3, SubBytes_hls 2, ShiftRows_hls 1, xtime 0, MixColumns_hls 2, Cipher_hls 0', 'synthesis: AddRoundKey_hls 3, SubBytes_hls 2, ShiftRows_hls 1, xtime 0, MixColumns_hls 0, Cipher_hls 0', 'synthesis: AddRoundKey_hls 3, SubBytes_hls 2, ShiftRows_hls 1, xtime 0, MixColumns_hls 2, Cipher_hls 0', 'synthesis: AddRoundKey_hls 3, SubBytes_hls 2, ShiftRows_hls 1, xtime 0, MixColumns_hls 2, Cipher_hls 1', 'synthesis: AddRoundKey_hls 1, SubBytes_hls 2, ShiftRows_hls 1, xtime 0, MixColumns_hls 2, Cipher_hls 0', 'solution: AddRoundKey_hls 4, SubBytes_hls 2, ShiftRows_hls 1, xtime 0, MixColumns_hls 0, Cipher_hls 1']
Agent synthesis calls:  7
Agent python calls:  1
Agent profile calls:  0
Agent inspect calls:  0
Agent solution calls:  1
Seconds lost due to API down:  0
  Process          Real Operation(s) count Latency Throughput Reset Length II Comments 

  ---------------- ----------------------- ------- ---------- ------------ -- --------

  /Cipher_hls/core                    3141    1011       1016            0  0          

  Design Total:                       3141    1011       1016            0  0          

                    Post-Scheduling  Post-DP & FSM Post-Assignment 

  ----------------- --------------- -------------- ---------------

  Total Area Score:  10356.2         3130.6          3580.1        

  Total Reg:          2879.2  (28%)  1515.6  (48%)   1515.6  (42%) 

