o3-mini runs: 24
o3-mini input tokens: 31686
o3-mini output tokens: 64462
# of functions: 4
HLS runs: 27
Compile runs: 40
Time for c2hlsc:  1228691
Time for agent:  350753
Agent sequence:  ['synthesis: odd_factorial 0, fibonacci 0, even_sum 0, compute6 1', 'synthesis: odd_factorial 0, fibonacci 0, even_sum 0, compute6 0', 'synthesis: odd_factorial 0, fibonacci 0, even_sum 0, compute6 3', 'solution: odd_factorial 0, fibonacci 0, even_sum 0, compute6 1']
Agent synthesis calls:  3
Agent python calls:  0
Agent profile calls:  0
Agent inspect calls:  0
Agent solution calls:  1
Seconds lost due to API down:  0
  Process        Real Operation(s) count Latency Throughput Reset Length II Comments 

  -------------- ----------------------- ------- ---------- ------------ -- --------

  /compute6/core                      85      48         52            0  0        ? 

  Design Total:                       85      48         52            0  0          

                    Post-Scheduling   Post-DP & FSM Post-Assignment 

  ----------------- --------------- --------------- ---------------

  Total Area Score:   8977.7          8992.4          6672.4        

  Total Reg:          4411.3  (49%)   2209.0  (25%)   2209.0  (33%) 

