o3-mini runs: 64
o3-mini input tokens: 131980
o3-mini output tokens: 182942
# of functions: 6
HLS runs: 64
Compile runs: 102
Time for c2hlsc:  2004060
Time for agent:  2180308
Agent sequence:  ["python: '''", 'synthesis: copyKey_hls 4, copyBlock_hls 2, generateRoundKeys80_hls 2, addRoundKey_hls 1, pLayer_hls 1, present80_encryptBlock_hls 1', 'synthesis: copyKey_hls 4, copyBlock_hls 2, generateRoundKeys80_hls 2, addRoundKey_hls 1, pLayer_hls 4, present80_encryptBlock_hls 1', 'synthesis: copyKey_hls 4, copyBlock_hls 2, generateRoundKeys80_hls 2, addRoundKey_hls 4, pLayer_hls 4, present80_encryptBlock_hls 1', 'synthesis: copyKey_hls 3, copyBlock_hls 3, generateRoundKeys80_hls 0, addRoundKey_hls 1, pLayer_hls 1, present80_encryptBlock_hls 1', 'synthesis: copyKey_hls 4, copyBlock_hls 2, generateRoundKeys80_hls 0, addRoundKey_hls 1, pLayer_hls 1, present80_encryptBlock_hls 1', 'synthesis: copyKey_hls 4, copyBlock_hls 3, generateRoundKeys80_hls 0, addRoundKey_hls 1, pLayer_hls 1, present80_encryptBlock_hls 1', 'synthesis: copyKey_hls 3, copyBlock_hls 3, generateRoundKeys80_hls 0, addRoundKey_hls 1, pLayer_hls 1, present80_encryptBlock_hls 1', 'synthesis: copyKey_hls 4, copyBlock_hls 3, generateRoundKeys80_hls 0, addRoundKey_hls 1, pLayer_hls 1, present80_encryptBlock_hls 1', 'synthesis: copyKey_hls 4, copyBlock_hls 0, generateRoundKeys80_hls 2, addRoundKey_hls 0, pLayer_hls 0, present80_encryptBlock_hls 1', 'solution: copyKey_hls 4, copyBlock_hls 0, generateRoundKeys80_hls 2, addRoundKey_hls 0, pLayer_hls 0, present80_encryptBlock_hls 1']
Agent synthesis calls:  9
Agent python calls:  1
Agent profile calls:  0
Agent inspect calls:  0
Agent solution calls:  1
Seconds lost due to API down:  0
  Process                          Real Operation(s) count Latency Throughput Reset Length II Comments 

  -------------------------------- ----------------------- ------- ---------- ------------ -- --------

  /present80_encryptBlock_hls/core                    2716     544        546            1  0          

  Design Total:                                       2716     544        546            1  0          

                     Post-Scheduling   Post-DP & FSM Post-Assignment 

  ----------------- ---------------- --------------- ---------------

  Total Area Score:   24325.6         24979.6         20121.8        

  Total Reg:           3753.8  (15%)   5170.6  (21%)   5170.6  (26%) 

