o3-mini runs: 27
o3-mini input tokens: 45224
o3-mini output tokens: 65655
# of functions: 4
HLS runs: 30
Compile runs: 44
Time for c2hlsc:  1710929
Time for agent:  476445
Agent sequence:  ['synthesis: fill_matrix 0, reverse_string 0, traceback 0, needwun 0', 'synthesis: fill_matrix 2, reverse_string 0, traceback 0, needwun 0', 'synthesis: fill_matrix 0, reverse_string 0, traceback 1, needwun 0', 'synthesis: fill_matrix 2, reverse_string 0, traceback 1, needwun 0', 'solution: fill_matrix 0, reverse_string 0, traceback 1, needwun 0']
Agent synthesis calls:  4
Agent python calls:  0
Agent profile calls:  0
Agent inspect calls:  0
Agent solution calls:  1
Seconds lost due to API down:  0
  Process       Real Operation(s) count Latency Throughput Reset Length II Comments 

  ------------- ----------------------- ------- ---------- ------------ -- --------

  /needwun/core                    1201    1456       1528            0  0        ? 

  Design Total:                    1201    1456       1528            0  0          

                     Post-Scheduling   Post-DP & FSM Post-Assignment 

  ----------------- ---------------- --------------- ---------------

  Total Area Score:   69582.6         12074.6         11567.3        

  Total Reg:           7539.5  (11%)   4074.6  (34%)   4074.6  (35%) 

