o3-mini runs: 25
o3-mini input tokens: 32493
o3-mini output tokens: 72230
# of functions: 4
HLS runs: 28
Compile runs: 40
Time for c2hlsc:  2773934
Time for agent:  262077
Agent sequence:  ['synthesis: fibonacci 3, odd_sum 3, even_sum 1, compute3 0', 'synthesis: fibonacci 3, odd_sum 0, even_sum 4, compute3 0', 'synthesis: fibonacci 3, odd_sum 1, even_sum 4, compute3 0', 'synthesis: fibonacci 3, odd_sum 4, even_sum 4, compute3 0', 'solution: fibonacci 3, odd_sum 0, even_sum 4, compute3 0']
Agent synthesis calls:  4
Agent python calls:  0
Agent profile calls:  0
Agent inspect calls:  0
Agent solution calls:  1
Seconds lost due to API down:  0
  Process        Real Operation(s) count Latency Throughput Reset Length II Comments 

  -------------- ----------------------- ------- ---------- ------------ -- --------

  /compute3/core                      38       8          9            0  0        ? 

  Design Total:                       38       8          9            0  0          

                    Post-Scheduling   Post-DP & FSM Post-Assignment 

  ----------------- --------------- --------------- ---------------

  Total Area Score:   3099.9          5143.2          3066.1        

  Total Reg:          2228.0  (72%)   1682.3  (33%)   1682.3  (55%) 

