o3-mini runs: 25
o3-mini input tokens: 32213
o3-mini output tokens: 60319
# of functions: 4
HLS runs: 28
Compile runs: 40
Time for c2hlsc:  1248917
Time for agent:  421159
Agent sequence:  ['synthesis: fibonacci 0, odd_sum 4, even_sum 1, compute5 4', 'synthesis: fibonacci 0, odd_sum 2, even_sum 0, compute5 1', 'synthesis: fibonacci 0, odd_sum 2, even_sum 0, compute5 2', 'synthesis: fibonacci 0, odd_sum 1, even_sum 0, compute5 2', 'solution: fibonacci 0, odd_sum 1, even_sum 0, compute5 2']
Agent synthesis calls:  4
Agent python calls:  0
Agent profile calls:  0
Agent inspect calls:  0
Agent solution calls:  1
Seconds lost due to API down:  0
  Process        Real Operation(s) count Latency Throughput Reset Length II Comments 

  -------------- ----------------------- ------- ---------- ------------ -- --------

  /compute5/core                      62      38         42            0  0        ? 

  Design Total:                       62      38         42            0  0          

                    Post-Scheduling   Post-DP & FSM Post-Assignment 

  ----------------- --------------- --------------- ---------------

  Total Area Score:   8046.9          8387.7          7004.9        

  Total Reg:          3926.2  (49%)   2542.8  (30%)   2542.8  (36%) 

