o3-mini runs: 25
o3-mini input tokens: 32458
o3-mini output tokens: 64384
# of functions: 4
HLS runs: 28
Compile runs: 40
Time for c2hlsc:  1088946
Time for agent:  203783
Agent sequence:  ['synthesis: odd_factorial 0, fibonacci 0, even_sum 1, compute6 0', 'synthesis: odd_factorial 0, fibonacci 0, even_sum 1, compute6 1', 'synthesis: odd_factorial 0, fibonacci 0, even_sum 0, compute6 0', "python: '''", 'solution: odd_factorial 0, fibonacci 0, even_sum 0, compute6 0']
Agent synthesis calls:  3
Agent python calls:  1
Agent profile calls:  0
Agent inspect calls:  0
Agent solution calls:  1
  Process        Real Operation(s) count Latency Throughput Reset Length II Comments 

  -------------- ----------------------- ------- ---------- ------------ -- --------

  /compute6/core                     183      39         41            0  0        ? 

  Design Total:                      183      39         41            0  0          

                    Post-Scheduling    Post-DP & FSM Post-Assignment 

  ----------------- --------------- ---------------- ---------------

  Total Area Score:   9586.9          17902.2          8510.3        

  Total Reg:          4864.6  (51%)    3271.6  (18%)   3271.6  (38%) 

