o3-mini runs: 44
o3-mini input tokens: 124002
o3-mini output tokens: 89143
# of functions: 6
HLS runs: 48
Compile runs: 75
Time for c2hlsc:  1885846
Time for agent:  607917
Agent sequence:  ['synthesis: AddRoundKey_hls 4, SubBytes_hls 2, ShiftRows_hls 1, xtime 0, MixColumns_hls 0, Cipher_hls 1', 'synthesis: AddRoundKey_hls 3, SubBytes_hls 2, ShiftRows_hls 1, xtime 0, MixColumns_hls 0, Cipher_hls 0', 'synthesis: AddRoundKey_hls 3, SubBytes_hls 0, ShiftRows_hls 1, xtime 0, MixColumns_hls 0, Cipher_hls 0', 'synthesis: AddRoundKey_hls 3, SubBytes_hls 4, ShiftRows_hls 1, xtime 0, MixColumns_hls 0, Cipher_hls 0', 'synthesis: AddRoundKey_hls 3, SubBytes_hls 0, ShiftRows_hls 1, xtime 0, MixColumns_hls 2, Cipher_hls 0', 'solution: AddRoundKey_hls 3, SubBytes_hls 0, ShiftRows_hls 1, xtime 0, MixColumns_hls 0, Cipher_hls 0']
Agent synthesis calls:  5
Agent python calls:  0
Agent profile calls:  0
Agent inspect calls:  0
Agent solution calls:  1
Seconds lost due to API down:  0
  Process          Real Operation(s) count Latency Throughput Reset Length II Comments 

  ---------------- ----------------------- ------- ---------- ------------ -- --------

  /Cipher_hls/core                     345     597        601            0  0          

  Design Total:                        345     597        601            0  0          

                    Post-Scheduling   Post-DP & FSM Post-Assignment 

  ----------------- --------------- --------------- ---------------

  Total Area Score:  10990.2          8489.6          4861.1        

  Total Reg:          3747.4  (34%)   2441.9  (29%)   2441.9  (50%) 

