o3-mini runs: 21
o3-mini input tokens: 29368
o3-mini output tokens: 55656
# of functions: 3
HLS runs: 23
Compile runs: 30
Time for c2hlsc:  779300
Time for agent:  229882
Agent sequence:  ['synthesis: CPF 4, kmp_process 2, kmp 4', 'synthesis: CPF 0, kmp_process 2, kmp 4', 'synthesis: CPF 4, kmp_process 2, kmp 0', 'synthesis: CPF 0, kmp_process 0, kmp 0', "python: '''from ortools.sat.python import cp_model", 'solution: CPF 4, kmp_process 4, kmp 4']
Agent synthesis calls:  4
Agent python calls:  1
Agent profile calls:  0
Agent inspect calls:  0
Agent solution calls:  1
  Process       Real Operation(s) count Latency Throughput Reset Length II Comments 

  ------------- ----------------------- ------- ---------- ------------ -- --------

  /kmp/core                         169     413        415            0  0          

  Design Total:                     169     413        415            0  0          

                    Post-Scheduling  Post-DP & FSM Post-Assignment 

  ----------------- --------------- -------------- ---------------

  Total Area Score:   9421.3         3014.7          2183.2        

  Total Reg:          1034.2  (11%)  1002.4  (33%)   1002.4  (46%) 

