o3-mini runs: 21
o3-mini input tokens: 26699
o3-mini output tokens: 48831
# of functions: 3
HLS runs: 23
Compile runs: 30
Time for c2hlsc:  918243
Time for agent:  249770
Agent sequence:  ['synthesis: odd_factorial 0, even_sum 1, compute2 0', 'synthesis: odd_factorial 0, even_sum 0, compute2 0', 'synthesis: odd_factorial 0, even_sum 2, compute2 0', 'synthesis: odd_factorial 0, even_sum 3, compute2 0', 'synthesis: odd_factorial 4, even_sum 2, compute2 0', 'solution: odd_factorial 0, even_sum 2, compute2 0']
Agent synthesis calls:  5
Agent python calls:  0
Agent profile calls:  0
Agent inspect calls:  0
Agent solution calls:  1
Seconds lost due to API down:  0
  Process        Real Operation(s) count Latency Throughput Reset Length II Comments 

  -------------- ----------------------- ------- ---------- ------------ -- --------

  /compute2/core                      18       3          4            0  0        ? 

  Design Total:                       18       3          4            0  0          

                    Post-Scheduling   Post-DP & FSM Post-Assignment 

  ----------------- --------------- --------------- ---------------

  Total Area Score:   6873.4          7126.6          4108.2        

  Total Reg:           804.4  (12%)    838.2  (12%)    838.2  (20%) 

