o3-mini runs: 32
o3-mini input tokens: 48102
o3-mini output tokens: 76807
# of functions: 5
HLS runs: 34
Compile runs: 52
Time for c2hlsc:  1094494
Time for agent:  226031
Agent sequence:  ['synthesis: shift 4, mac 0, fir 0, iir 0, filter 0', 'synthesis: shift 0, mac 0, fir 0, iir 0, filter 0', 'synthesis: shift 4, mac 1, fir 0, iir 0, filter 0', 'synthesis: shift 0, mac 1, fir 0, iir 0, filter 0', 'solution: shift 0, mac 1, fir 0, iir 0, filter 0']
Agent synthesis calls:  4
Agent python calls:  0
Agent profile calls:  0
Agent inspect calls:  0
Agent solution calls:  1
Seconds lost due to API down:  0
  Process       Real Operation(s) count Latency Throughput Reset Length II Comments 

  ------------- ----------------------- ------- ---------- ------------ -- --------

  /filter/core                       19       1          2            0  0          

  Design Total:                      19       1          2            0  0          

                    Post-Scheduling   Post-DP & FSM Post-Assignment 

  ----------------- --------------- --------------- ---------------

  Total Area Score:   4290.0          3439.7          3440.3        

  Total Reg:          2655.7  (62%)   2059.3  (60%)   2059.3  (60%) 

