o3-mini runs: 31
o3-mini input tokens: 52352
o3-mini output tokens: 83159
# of functions: 4
HLS runs: 30
Compile runs: 43
Time for c2hlsc:  1066364
Time for agent:  387984
Agent sequence:  ['synthesis: odd_factorial 0, fibonacci 0, even_sum 1, compute4 4', 'synthesis: odd_factorial 0, fibonacci 0, even_sum 0, compute4 4', 'synthesis: odd_factorial 0, fibonacci 0, even_sum 2, compute4 4', 'synthesis: odd_factorial 0, fibonacci 1, even_sum 0, compute4 4', 'synthesis: odd_factorial 0, fibonacci 1, even_sum 0, compute4 0', 'synthesis: odd_factorial 0, fibonacci 1, even_sum 0, compute4 4', "python: '''import sys", 'solution: odd_factorial 0, fibonacci 1, even_sum 0, compute4 4']
Agent synthesis calls:  6
Agent python calls:  1
Agent profile calls:  0
Agent inspect calls:  0
Agent solution calls:  1
Seconds lost due to API down:  0
  Process        Real Operation(s) count Latency Throughput Reset Length II Comments 

  -------------- ----------------------- ------- ---------- ------------ -- --------

  /compute4/core                      40       8          9            0  0        ? 

  Design Total:                       40       8          9            0  0          

                    Post-Scheduling   Post-DP & FSM Post-Assignment 

  ----------------- --------------- --------------- ---------------

  Total Area Score:   5368.2          6995.7          4764.1        

  Total Reg:          1621.5  (30%)   1069.4  (15%)   1069.4  (22%) 

