o3-mini runs: 39
o3-mini input tokens: 79563
o3-mini output tokens: 122369
# of functions: 4
HLS runs: 42
Compile runs: 40
Time for c2hlsc:  1248917
Time for agent:  1774233
Agent sequence:  ['synthesis: fibonacci 0, odd_sum 4, even_sum 1, compute5 4', 'synthesis: fibonacci 0, odd_sum 2, even_sum 0, compute5 2', 'synthesis: fibonacci 1, odd_sum 1, even_sum 1, compute5 1', 'synthesis: fibonacci 0, odd_sum 0, even_sum 0, compute5 4', 'synthesis: fibonacci 0, odd_sum 2, even_sum 0, compute5 1', 'synthesis: fibonacci 0, odd_sum 1, even_sum 1, compute5 0', 'synthesis: fibonacci 0, odd_sum 2, even_sum 0, compute5 4', 'synthesis: fibonacci 0, odd_sum 1, even_sum 0, compute5 1', 'synthesis: fibonacci 0, odd_sum 1, even_sum 0, compute5 2', 'synthesis: fibonacci 0, odd_sum 1, even_sum 1, compute5 2', 'synthesis: fibonacci 0, odd_sum 1, even_sum 0, compute5 1', 'synthesis: fibonacci 0, odd_sum 2, even_sum 1, compute5 2', 'synthesis: fibonacci 0, odd_sum 2, even_sum 0, compute5 2', 'synthesis: fibonacci 0, odd_sum 4, even_sum 1, compute5 2', 'synthesis: fibonacci 0, odd_sum 2, even_sum 0, compute5 4', 'synthesis: fibonacci 0, odd_sum 0, even_sum 0, compute5 1', 'synthesis: fibonacci 0, odd_sum 2, even_sum 0, compute5 1', 'synthesis: fibonacci 0, odd_sum 0, even_sum 1, compute5 1', 'solution: fibonacci 0, odd_sum 1, even_sum 1, compute5 2']
Agent synthesis calls:  18
Agent python calls:  0
Agent profile calls:  0
Agent inspect calls:  0
Agent solution calls:  1
Seconds lost due to API down:  0
  Process        Real Operation(s) count Latency Throughput Reset Length II Comments 

  -------------- ----------------------- ------- ---------- ------------ -- --------

  /compute5/core                      61      28         32            0  0        ? 

  Design Total:                       61      28         32            0  0          

                    Post-Scheduling   Post-DP & FSM Post-Assignment 

  ----------------- --------------- --------------- ---------------

  Total Area Score:  10328.6         10247.8          9334.5        

  Total Reg:          3530.4  (34%)   2327.5  (23%)   2327.5  (25%) 

