<<<<<<< HEAD
o3-mini runs: 15
o3-mini input tokens: 41405
o3-mini output tokens: 37545
# of functions: 2
HLS runs: 15
Compile runs: 24
Time for c2hlsc:  1293115
Time for agent:  120249
Agent sequence:  ["python: '''", 'synthesis: sha256_transform_hls 0, sha256_update_hls 0', 'solution: sha256_transform_hls 0, sha256_update_hls 0']
Agent synthesis calls:  1
Agent python calls:  1
=======
o3-mini runs: 16
o3-mini input tokens: 38770
o3-mini output tokens: 37347
# of functions: 2
HLS runs: 17
Compile runs: 24
Time for c2hlsc:  1177125
Time for agent:  359809
Agent sequence:  ['synthesis: sha256_transform_hls 2, sha256_update_hls 3', 'synthesis: sha256_transform_hls 0, sha256_update_hls 0', 'synthesis: sha256_transform_hls 0, sha256_update_hls 2', 'solution: sha256_transform_hls 0, sha256_update_hls 0']
Agent synthesis calls:  3
Agent python calls:  0
>>>>>>> dbfc04af1922f35fb9be0d47989518f0072feb7e
Agent profile calls:  0
Agent inspect calls:  0
Agent solution calls:  1
Seconds lost due to API down:  0
  Process                 Real Operation(s) count Latency Throughput Reset Length II Comments 

  ----------------------- ----------------------- ------- ---------- ------------ -- --------

  /sha256_update_hls/core                     505      67         70            0  0        ? 

  Design Total:                               505      67         70            0  0          

                     Post-Scheduling    Post-DP & FSM  Post-Assignment 

  ----------------- ---------------- ---------------- ----------------

  Total Area Score:   44458.6          46842.0          37894.0        

  Total Reg:          23237.8  (52%)   17746.2  (38%)   17746.2  (47%) 

