o3-mini runs: 95
o3-mini input tokens: 584498
o3-mini output tokens: 430757
# of functions: 2
HLS runs: 84
Compile runs: 24
Time for c2hlsc:  1177125
Time for agent:  4393294
Agent sequence:  ['synthesis: sha256_transform_hls 0, sha256_update_hls 0', 'synthesis: sha256_transform_hls 0, sha256_update_hls 2', 'synthesis: sha256_transform_hls 1, sha256_update_hls 0', 'synthesis: sha256_transform_hls 2, sha256_update_hls 0', 'synthesis: sha256_transform_hls 0, sha256_update_hls 3', 'synthesis: sha256_transform_hls 3, sha256_update_hls 0', 'synthesis: sha256_transform_hls 0, sha256_update_hls 1', 'synthesis: sha256_transform_hls 2, sha256_update_hls 2', 'synthesis: sha256_transform_hls 4, sha256_update_hls 0', 'synthesis: sha256_transform_hls 2, sha256_update_hls 3', 'synthesis: sha256_transform_hls 4, sha256_update_hls 2', 'synthesis: sha256_transform_hls 4, sha256_update_hls 3', 'synthesis: sha256_transform_hls 0, sha256_update_hls 4', 'synthesis: sha256_transform_hls 2, sha256_update_hls 4', 'synthesis: sha256_transform_hls 2, sha256_update_hls 1', 'synthesis: sha256_transform_hls 2, sha256_update_hls 2', 'synthesis: sha256_transform_hls 1, sha256_update_hls 4', 'synthesis: sha256_transform_hls 2, sha256_update_hls 1', 'synthesis: sha256_transform_hls 1, sha256_update_hls 2', 'synthesis: sha256_transform_hls 2, sha256_update_hls 2', 'synthesis: sha256_transform_hls 3, sha256_update_hls 1', 'synthesis: sha256_transform_hls 2, sha256_update_hls 4', 'synthesis: sha256_transform_hls 4, sha256_update_hls 4', 'synthesis: sha256_transform_hls 0, sha256_update_hls 1', 'synthesis: sha256_transform_hls 1, sha256_update_hls 2', 'synthesis: sha256_transform_hls 3, sha256_update_hls 2', 'synthesis: sha256_transform_hls 1, sha256_update_hls 3', 'synthesis: sha256_transform_hls 4, sha256_update_hls 0', 'synthesis: sha256_transform_hls 4, sha256_update_hls 1', 'synthesis: sha256_transform_hls 3, sha256_update_hls 2', 'synthesis: sha256_transform_hls 3, sha256_update_hls 3', 'synthesis: sha256_transform_hls 3, sha256_update_hls 4', 'synthesis: sha256_transform_hls 0, sha256_update_hls 2', 'synthesis: sha256_transform_hls 2, sha256_update_hls 3', 'synthesis: sha256_transform_hls 4, sha256_update_hls 4', 'synthesis: sha256_transform_hls 1, sha256_update_hls 1', 'synthesis: sha256_transform_hls 2, sha256_update_hls 4', 'synthesis: sha256_transform_hls 3, sha256_update_hls 4', 'synthesis: sha256_transform_hls 2, sha256_update_hls 1', 'synthesis: sha256_transform_hls 1, sha256_update_hls 2', 'synthesis: sha256_transform_hls 4, sha256_update_hls 2', 'synthesis: sha256_transform_hls 2, sha256_update_hls 1', 'synthesis: sha256_transform_hls 1, sha256_update_hls 1', 'synthesis: sha256_transform_hls 0, sha256_update_hls 2', 'synthesis: sha256_transform_hls 3, sha256_update_hls 3', "python: ''' ", 'solution: sha256_transform_hls 0, sha256_update_hls 0', 'synthesis: sha256_transform_hls 4, sha256_update_hls 1', 'synthesis: sha256_transform_hls 4, sha256_update_hls 4', 'synthesis: sha256_transform_hls 2, sha256_update_hls 1', "python: '''", 'synthesis: sha256_transform_hls 1, sha256_update_hls 1', 'synthesis: sha256_transform_hls 4, sha256_update_hls 2', 'synthesis: sha256_transform_hls 3, sha256_update_hls 1', 'synthesis: sha256_transform_hls 3, sha256_update_hls 2', 'synthesis: sha256_transform_hls 4, sha256_update_hls 3', 'synthesis: sha256_transform_hls 3, sha256_update_hls 4', 'synthesis: sha256_transform_hls 1, sha256_update_hls 4', 'synthesis: sha256_transform_hls 3, sha256_update_hls 3', 'synthesis: sha256_transform_hls 2, sha256_update_hls 2', 'synthesis: sha256_transform_hls 1, sha256_update_hls 2', 'inspect: sha256_transform_hls 0, sha256_update_hls 0', 'inspect: sha256_transform_hls 0, sha256_update_hls 0', "python: '''", 'solution: sha256_transform_hls 3, sha256_update_hls 0', 'synthesis: sha256_transform_hls 3, sha256_update_hls 2', 'synthesis: sha256_transform_hls 1, sha256_update_hls 1', 'synthesis: sha256_transform_hls 1, sha256_update_hls 3', 'synthesis: sha256_transform_hls 1, sha256_update_hls 2', "python: '''", 'inspect: sha256_transform_hls 1, sha256_update_hls 2', 'synthesis: sha256_transform_hls 1, sha256_update_hls 2', 'synthesis: sha256_transform_hls 3, sha256_update_hls 2', 'solution: sha256_transform_hls 4, sha256_update_hls 2', 'synthesis: sha256_transform_hls 1, sha256_update_hls 2', 'synthesis: sha256_transform_hls 1, sha256_update_hls 1', 'synthesis: sha256_transform_hls 1, sha256_update_hls 2', 'solution: sha256_transform_hls 2, sha256_update_hls 1']
Agent synthesis calls:  67
Agent python calls:  4
Agent profile calls:  0
Agent inspect calls:  3
Agent solution calls:  4
Seconds lost due to API down:  0
  Process                 Real Operation(s) count Latency Throughput Reset Length II Comments 

  ----------------------- ----------------------- ------- ---------- ------------ -- --------

  /sha256_update_hls/core                    1525     266        270            0  0        ? 

  Design Total:                              1525     266        270            0  0          

                     Post-Scheduling    Post-DP & FSM  Post-Assignment 

  ----------------- ---------------- ---------------- ----------------

  Total Area Score:   47995.8          55154.9          44912.0        

  Total Reg:          24246.4  (51%)   18743.7  (34%)   18743.7  (42%) 

