-- Catapult Ultra Synthesis: Report                                              
-- ------------------------- ---------------------------------------------------
-- Version:                  2023.1_2/1049935 Production Release                 
-- Build Date:               Sat Jun 10 10:53:51 PDT 2023                        
                                                                                 
-- Generated by:             ajh9498@hansolo.poly.edu                            
-- Generated date:           Fri Feb 28 19:51:27 EST 2025                        

Solution Settings: filter.v1
  Current state: extract
  Project: Catapult_38

Design Input Files Specified
  $PROJECT_HOME/tmp_filter/filter_hyperbolic-reasoner_agent_29.c
    $PROJECT_HOME/include/ac_float.h
      $PROJECT_HOME/include/ac_fixed.h
        $PROJECT_HOME/include/ac_int.h

Processes/Blocks in Design
  Process       Real Operation(s) count Latency Throughput Reset Length II Comments 
  ------------- ----------------------- ------- ---------- ------------ -- --------
  /filter/core                       35      12         13            0  0          
  Design Total:                      35      12         13            0  0          
  
Bill Of Materials (Datapath)
  Component Name                 Area Score Area(Combinational)  AreaSeq Delay Post Alloc Post Assign 
  ------------------------------ ---------- ------------------- -------- ----- ---------- -----------
  [Lib: VIRTUAL]                                                                                      
  mgc_rom_0(2,8)                      6.118               0.000    0.000 0.186          2           1 
  [Lib: ccs_ioport]                                                                                   
  ccs_in(1,32)                        0.000               0.000    0.000 0.000          1           1 
  ccs_out(2,32)                       0.000               0.000    0.000 0.000          1           1 
  ccs_out(3,32)                       0.000               0.000    0.000 0.000          1           1 
  [Lib: mgc_ioport]                                                                                   
  mgc_io_sync(0)                      0.000               0.000    0.000 0.000          3           3 
  [Lib: nangate-45nm_beh]                                                                             
  mgc_add(3,0,1,0,3,7)                9.576               0.000    0.000 0.218          0           3 
  mgc_add(3,0,2,1,3,7)               14.963               0.000    0.000 0.308          3           0 
  mgc_add(32,0,32,0,32,7)           136.192              95.813    0.000 2.343          3           2 
  mgc_add_msb(4,0,3,0,4,5)            7.847               0.000    0.000 0.157          3           3 
  mgc_and(1,2,4)                      1.064               0.000    0.000 0.077          0           3 
  mgc_and(1,3,4)                      1.330               0.000    0.000 0.084          0           4 
  mgc_and(1,4,4)                      1.596               0.000    0.000 0.090          0           1 
  mgc_and(2,2,4)                      2.128               0.012    0.000 0.077          1           0 
  mgc_and(3,2,4)                      3.192               1.314    0.000 0.077          0           3 
  mgc_and(32,2,4)                    34.048              49.912    0.000 0.077          0           2 
  mgc_mul(2,0,32,0,32,7)            207.260             200.259    0.000 2.577          1           1 
  mgc_mul(2,1,32,0,32,7)            207.260             200.259    0.000 2.577          1           1 
  mgc_mux(32,1,2,5)                  59.584              76.931    0.000 0.156          0           3 
  mgc_mux(32,3,8,2)                 247.075             330.899    0.000 0.215          3           0 
  mgc_mux(32,3,8,5)                 243.333             311.001    0.000 0.366          0           2 
  mgc_mux1hot(2,3,4)                  5.522               0.000    0.000 0.125          0           1 
  mgc_mux1hot(32,6,4)               161.728             233.531    0.000 0.153          0           1 
  mgc_nand(1,2,4)                     0.798               0.000    0.000 0.061          0           1 
  mgc_nor(1,2,2)                      0.798               0.000    0.000 0.097          0           6 
  mgc_nor(1,3,4)                      1.064               0.000    0.000 0.132          0           3 
  mgc_nor(1,4,4)                      1.330               0.000    0.000 0.135          0           1 
  mgc_not(1,1)                        0.532               0.532    0.000 0.039          0          22 
  mgc_or(1,2,2)                       1.064               0.616    0.000 0.078          0           6 
  mgc_or(2,2,2)                       2.128               1.918    0.000 0.078          1           1 
  mgc_reg_pos(1,0,0,1,0,0,0,1)        6.384               1.862    4.522 0.106          0           3 
  mgc_reg_pos(2,0,0,1,0,0,0,1)       12.768               3.724    9.044 0.106          0           1 
  mgc_reg_pos(3,0,0,1,0,1,1,1)       19.152               5.586   13.566 0.106          0           3 
  mgc_reg_pos(32,0,0,1,0,0,0,1)     204.288              59.584  144.704 0.106          0           1 
  mgc_reg_pos(32,0,0,1,0,1,1,1)     204.288              59.584  144.704 0.106          0          17 
                                                                                                      
  TOTAL AREA (After Assignment):   5462.624            2898.000 2668.000                              
  
Area Scores
                    Post-Scheduling   Post-DP & FSM Post-Assignment 
  ----------------- --------------- --------------- ---------------
  Total Area Score:   5626.5          9254.4          5491.2        
  Total Reg:          3977.2  (71%)   5426.9  (59%)   3792.6  (69%) 
                                                                    
  DataPath:           5626.5 (100%)   9226.4 (100%)   5462.6  (99%) 
    MUX:               741.2  (13%)   2435.5  (26%)    832.7  (15%) 
    FUNC:              903.8  (16%)   1235.0  (13%)    739.2  (14%) 
    LOGIC:               4.3   (0%)    142.8   (2%)    118.1   (2%) 
    BUFFER:              0.0             0.0             0.0        
    MEM:                 0.0             0.0             0.0        
    ROM:                 0.0            12.2   (0%)      6.1   (0%) 
    REG:              3977.2  (71%)   5400.9  (59%)   3766.6  (69%) 
                                                                    
  
  FSM:                   0.0            28.0   (0%)     28.5   (1%) 
    FSM-REG:             0.0            26.0  (93%)     26.0  (91%) 
    FSM-COMB:            0.0             2.0   (7%)      2.5   (9%) 
                                                                    
  
  
  (MUX = multiplexers; FUNC = datapath logic (e.g. add/mult); LOGIC = control logic)

Register-to-Variable Mappings
  Register                          Size(bits) Gated Register CG Opt Done Variables                                             
  --------------------------------- ---------- -------------- ----------- -----------------------------------------------------
  fir_output:rsci.idat                      32         Y           Y      fir_output:rsci.idat                                  
  iir:input_delay_lane(1).sva#1             32         Y           Y      iir:input_delay_lane(1).sva#1                         
  iir:input_delay_lane(2).sva#1             32         Y           Y      iir:input_delay_lane(2).sva#1                         
  iir:input_delay_lane(3).sva#1             32         Y           Y      iir:input_delay_lane(3).sva#1                         
  iir:output_delay_lane(1).sva              32         Y           Y      iir:output_delay_lane(1).sva                          
  iir:output_delay_lane(2).sva              32         Y           Y      iir:output_delay_lane(2).sva                          
  iir:output_delay_lane(3).sva              32         Y           Y      iir:output_delay_lane(3).sva                          
  iir:output_delay_lane(4).sva              32         Y           Y      iir:output_delay_lane(4).sva                          
  input.sva                                 32         Y           Y      input.sva                                             
  mac#1:result.sva                          32         Y           Y      mac#1:result.sva                                      
                                                                          mac#1:result.sva#1                                    
  mac#2:result.sva                          32         Y           Y      mac#2:result.sva                                      
                                                                          mac#2:result.sva#1                                    
  mac:for:mux.itm                           32                            mac:for:mux.itm                                       
  mac:result.sva                            32         Y           Y      mac:result.sva                                        
  reg(iir:input_delay_lane(0)).cse          32         Y           Y      reg(iir:input_delay_lane(0)).cse                      
  reg(iir:input_delay_lane(1)).cse          32         Y           Y      reg(iir:input_delay_lane(1)).cse                      
  reg(iir:input_delay_lane(2)).cse          32         Y           Y      reg(iir:input_delay_lane(2)).cse                      
  reg(iir:input_delay_lane(3)).cse          32         Y           Y      reg(iir:input_delay_lane(3)).cse                      
  reg(iir_output:rsci.idat).cse             32         Y           Y      reg(iir_output:rsci.idat).cse                         
  mac#1:for:i(2:0).sva                       3         Y           Y      mac#1:for:i(2:0).sva                                  
                                                                          mac#1:for:i(2:0).sva#1                                
  mac#2:for:i(2:0).sva                       3         Y           Y      mac#2:for:i(2:0).sva                                  
                                                                          mac#2:for:i(2:0).sva#1                                
  mac:for:i(2:0).sva                         3         Y           Y      mac:for:i(2:0).sva                                    
                                                                          mac:for:i(2:0).sva#1                                  
  mac:for:mux#1.itm                          2                            mac:for:mux#1.itm                                     
  iir_output.triosy:obj.ld                   1                            iir_output.triosy:obj.ld                              
  mac:for:mac:for:nor.itm                    1                            mac:for:mac:for:nor.itm                               
  reg(fir_output.triosy:obj.ld).cse          1                            reg(fir_output.triosy:obj.ld).cse                     
                                                                                                                                
  Total:                                   590            553         553 (Total Gating Ratio: 0.94, CG Opt Gating Ratio: 0.94) 
  
Timing Report
  Critical Path
    Max Delay:  5.721728
    Slack:      14.278272000000001
    
    Path                                                       Startpoint                        Endpoint                              Delay  Slack   
    ---------------------------------------------------------- --------------------------------- ------------------------------------- ------ -------
    1                                                          filter:core/reg(mac#1:for:i(2:0)) filter:core/reg(mac#1:result)         5.7217 14.2783 
                                                                                                                                                      
      Instance                                                 Component                                                               Delta  Delay   
      --------                                                 ---------                                                               -----  -----   
      filter:core/reg(mac#1:for:i(2:0))                        mgc_reg_pos_3_0_0_1_0_1_1_1                                             0.1060 0.1060  
      filter:core/mac#1:for:i(2:0).sva                                                                                                 0.0000 0.1060  
      filter:core/mac#1:for:slc(mac#1:for:i(2:0).sva)(1)#1                                                                             0.0000 0.1060  
      filter:core/mac#1:for:slc(mac#1:for:i(2:0).sva)(1)#1.itm                                                                         0.0000 0.1060  
      filter:core/mac#1:for:nor#1                              mgc_nor_1_2_2                                                           0.0971 0.2031  
      filter:core/mac#1:for:nor#1.itm                                                                                                  0.0000 0.2031  
      filter:core/mac#1:for:and#1                              mgc_and_1_3_4                                                           0.0837 0.2868  
      filter:core/mac#1:for:and#1.cse                                                                                                  0.0000 0.2868  
      filter:core/mac#1:for:or                                 mgc_or_1_2_2                                                            0.0776 0.3643  
      filter:core/mac#1:for:or.itm                                                                                                     0.0000 0.3643  
      filter:core/mac#1:for:mux1h                              mgc_mux1hot_2_3_4                                                       0.1250 0.4894  
      filter:core/mac#1:for:mux1h.itm                                                                                                  0.0000 0.4894  
      filter:core/mac#1:for:mac#1:for:or                       mgc_or_2_2_2                                                            0.0782 0.5676  
      filter:core/mac#1:for:mac#1:for:or.itm                                                                                           0.0000 0.5676  
      filter:core/mac#1:for:mul:rg                             mgc_mul_2_0_32_0_32_7                                                   2.5773 3.1449  
      filter:core/z.out#2                                                                                                              0.0000 3.1449  
      filter:core/mac#1:for:mux#4                              mgc_mux_32_1_2_5                                                        0.1564 3.3013  
      filter:core/mac#1:for:mux#4.itm                                                                                                  0.0000 3.3013  
      filter:core/iir:iir:acc#1:rg                             mgc_addc_32_0_32_0_32_7                                                 2.3429 5.6442  
      filter:core/z.out#1                                                                                                              0.0000 5.6442  
      filter:core/fir:fir:and#2                                mgc_and_32_2_4                                                          0.0775 5.7217  
      filter:core/fir:fir:and#2.itm                                                                                                    0.0000 5.7217  
      filter:core/reg(mac#1:result)                            mgc_reg_pos_32_0_0_1_0_1_1_1                                            0.0000 5.7217  
                                                                                                                                                      
    2                                                          filter:core/reg(mac#1:for:i(2:0)) filter:core/reg(mac:result)           5.7217 14.2783 
                                                                                                                                                      
      Instance                                                 Component                                                               Delta  Delay   
      --------                                                 ---------                                                               -----  -----   
      filter:core/reg(mac#1:for:i(2:0))                        mgc_reg_pos_3_0_0_1_0_1_1_1                                             0.1060 0.1060  
      filter:core/mac#1:for:i(2:0).sva                                                                                                 0.0000 0.1060  
      filter:core/mac#1:for:slc(mac#1:for:i(2:0).sva)(1)#1                                                                             0.0000 0.1060  
      filter:core/mac#1:for:slc(mac#1:for:i(2:0).sva)(1)#1.itm                                                                         0.0000 0.1060  
      filter:core/mac#1:for:nor#1                              mgc_nor_1_2_2                                                           0.0971 0.2031  
      filter:core/mac#1:for:nor#1.itm                                                                                                  0.0000 0.2031  
      filter:core/mac#1:for:and#1                              mgc_and_1_3_4                                                           0.0837 0.2868  
      filter:core/mac#1:for:and#1.cse                                                                                                  0.0000 0.2868  
      filter:core/mac#1:for:or                                 mgc_or_1_2_2                                                            0.0776 0.3643  
      filter:core/mac#1:for:or.itm                                                                                                     0.0000 0.3643  
      filter:core/mac#1:for:mux1h                              mgc_mux1hot_2_3_4                                                       0.1250 0.4894  
      filter:core/mac#1:for:mux1h.itm                                                                                                  0.0000 0.4894  
      filter:core/mac#1:for:mac#1:for:or                       mgc_or_2_2_2                                                            0.0782 0.5676  
      filter:core/mac#1:for:mac#1:for:or.itm                                                                                           0.0000 0.5676  
      filter:core/mac#1:for:mul:rg                             mgc_mul_2_0_32_0_32_7                                                   2.5773 3.1449  
      filter:core/z.out#2                                                                                                              0.0000 3.1449  
      filter:core/mac#2:for:mux#1                              mgc_mux_32_1_2_5                                                        0.1564 3.3013  
      filter:core/mac#2:for:mux#1.itm                                                                                                  0.0000 3.3013  
      filter:core/mac#2:for:acc#1:rg                           mgc_addc_32_0_32_0_32_7                                                 2.3429 5.6442  
      filter:core/z.out                                                                                                                0.0000 5.6442  
      filter:core/fir:fir:and                                  mgc_and_32_2_4                                                          0.0775 5.7217  
      filter:core/fir:fir:and.cse                                                                                                      0.0000 5.7217  
      filter:core/reg(mac:result)                              mgc_reg_pos_32_0_0_1_0_1_1_1                                            0.0000 5.7217  
                                                                                                                                                      
    3                                                          filter:core/reg(mac#1:for:i(2:0)) filter:core/reg(mac:result)           5.7217 14.2783 
                                                                                                                                                      
      Instance                                                 Component                                                               Delta  Delay   
      --------                                                 ---------                                                               -----  -----   
      filter:core/reg(mac#1:for:i(2:0))                        mgc_reg_pos_3_0_0_1_0_1_1_1                                             0.1060 0.1060  
      filter:core/mac#1:for:i(2:0).sva                                                                                                 0.0000 0.1060  
      filter:core/mac#1:for:slc(mac#1:for:i(2:0).sva)(0)#1                                                                             0.0000 0.1060  
      filter:core/mac#1:for:slc(mac#1:for:i(2:0).sva)(0)#1.itm                                                                         0.0000 0.1060  
      filter:core/mac#1:for:nor#1                              mgc_nor_1_2_2                                                           0.0971 0.2031  
      filter:core/mac#1:for:nor#1.itm                                                                                                  0.0000 0.2031  
      filter:core/mac#1:for:and#1                              mgc_and_1_3_4                                                           0.0837 0.2868  
      filter:core/mac#1:for:and#1.cse                                                                                                  0.0000 0.2868  
      filter:core/mac#1:for:or                                 mgc_or_1_2_2                                                            0.0776 0.3643  
      filter:core/mac#1:for:or.itm                                                                                                     0.0000 0.3643  
      filter:core/mac#1:for:mux1h                              mgc_mux1hot_2_3_4                                                       0.1250 0.4894  
      filter:core/mac#1:for:mux1h.itm                                                                                                  0.0000 0.4894  
      filter:core/mac#1:for:mac#1:for:or                       mgc_or_2_2_2                                                            0.0782 0.5676  
      filter:core/mac#1:for:mac#1:for:or.itm                                                                                           0.0000 0.5676  
      filter:core/mac#1:for:mul:rg                             mgc_mul_2_0_32_0_32_7                                                   2.5773 3.1449  
      filter:core/z.out#2                                                                                                              0.0000 3.1449  
      filter:core/mac#2:for:mux#1                              mgc_mux_32_1_2_5                                                        0.1564 3.3013  
      filter:core/mac#2:for:mux#1.itm                                                                                                  0.0000 3.3013  
      filter:core/mac#2:for:acc#1:rg                           mgc_addc_32_0_32_0_32_7                                                 2.3429 5.6442  
      filter:core/z.out                                                                                                                0.0000 5.6442  
      filter:core/fir:fir:and                                  mgc_and_32_2_4                                                          0.0775 5.7217  
      filter:core/fir:fir:and.cse                                                                                                      0.0000 5.7217  
      filter:core/reg(mac:result)                              mgc_reg_pos_32_0_0_1_0_1_1_1                                            0.0000 5.7217  
                                                                                                                                                      
    4                                                          filter:core/reg(mac#1:for:i(2:0)) filter:core/reg(mac:result)           5.7217 14.2783 
                                                                                                                                                      
      Instance                                                 Component                                                               Delta  Delay   
      --------                                                 ---------                                                               -----  -----   
      filter:core/reg(mac#1:for:i(2:0))                        mgc_reg_pos_3_0_0_1_0_1_1_1                                             0.1060 0.1060  
      filter:core/mac#1:for:i(2:0).sva                                                                                                 0.0000 0.1060  
      filter:core/mac#1:for:slc(mac#1:for:i(2:0).sva)(2)#2                                                                             0.0000 0.1060  
      filter:core/mac#1:for:slc(mac#1:for:i(2:0).sva)(2)#2.itm                                                                         0.0000 0.1060  
      filter:core/mac#1:for:nor#2                              mgc_nor_1_2_2                                                           0.0971 0.2031  
      filter:core/mac#1:for:nor#2.itm                                                                                                  0.0000 0.2031  
      filter:core/mac#1:for:and#2                              mgc_and_1_3_4                                                           0.0837 0.2868  
      filter:core/mac#1:for:and#2.cse                                                                                                  0.0000 0.2868  
      filter:core/mac#1:for:or#1                               mgc_or_1_2_2                                                            0.0776 0.3643  
      filter:core/mac#1:for:or#1.itm                                                                                                   0.0000 0.3643  
      filter:core/mac#1:for:mux1h                              mgc_mux1hot_2_3_4                                                       0.1250 0.4894  
      filter:core/mac#1:for:mux1h.itm                                                                                                  0.0000 0.4894  
      filter:core/mac#1:for:mac#1:for:or                       mgc_or_2_2_2                                                            0.0782 0.5676  
      filter:core/mac#1:for:mac#1:for:or.itm                                                                                           0.0000 0.5676  
      filter:core/mac#1:for:mul:rg                             mgc_mul_2_0_32_0_32_7                                                   2.5773 3.1449  
      filter:core/z.out#2                                                                                                              0.0000 3.1449  
      filter:core/mac#2:for:mux#1                              mgc_mux_32_1_2_5                                                        0.1564 3.3013  
      filter:core/mac#2:for:mux#1.itm                                                                                                  0.0000 3.3013  
      filter:core/mac#2:for:acc#1:rg                           mgc_addc_32_0_32_0_32_7                                                 2.3429 5.6442  
      filter:core/z.out                                                                                                                0.0000 5.6442  
      filter:core/fir:fir:and                                  mgc_and_32_2_4                                                          0.0775 5.7217  
      filter:core/fir:fir:and.cse                                                                                                      0.0000 5.7217  
      filter:core/reg(mac:result)                              mgc_reg_pos_32_0_0_1_0_1_1_1                                            0.0000 5.7217  
                                                                                                                                                      
    5                                                          filter:core/reg(mac#1:for:i(2:0)) filter:core/reg(mac:result)           5.7217 14.2783 
                                                                                                                                                      
      Instance                                                 Component                                                               Delta  Delay   
      --------                                                 ---------                                                               -----  -----   
      filter:core/reg(mac#1:for:i(2:0))                        mgc_reg_pos_3_0_0_1_0_1_1_1                                             0.1060 0.1060  
      filter:core/mac#1:for:i(2:0).sva                                                                                                 0.0000 0.1060  
      filter:core/mac#1:for:slc(mac#1:for:i(2:0).sva)(1)#2                                                                             0.0000 0.1060  
      filter:core/mac#1:for:slc(mac#1:for:i(2:0).sva)(1)#2.itm                                                                         0.0000 0.1060  
      filter:core/mac#1:for:nor#2                              mgc_nor_1_2_2                                                           0.0971 0.2031  
      filter:core/mac#1:for:nor#2.itm                                                                                                  0.0000 0.2031  
      filter:core/mac#1:for:and#2                              mgc_and_1_3_4                                                           0.0837 0.2868  
      filter:core/mac#1:for:and#2.cse                                                                                                  0.0000 0.2868  
      filter:core/mac#1:for:or#1                               mgc_or_1_2_2                                                            0.0776 0.3643  
      filter:core/mac#1:for:or#1.itm                                                                                                   0.0000 0.3643  
      filter:core/mac#1:for:mux1h                              mgc_mux1hot_2_3_4                                                       0.1250 0.4894  
      filter:core/mac#1:for:mux1h.itm                                                                                                  0.0000 0.4894  
      filter:core/mac#1:for:mac#1:for:or                       mgc_or_2_2_2                                                            0.0782 0.5676  
      filter:core/mac#1:for:mac#1:for:or.itm                                                                                           0.0000 0.5676  
      filter:core/mac#1:for:mul:rg                             mgc_mul_2_0_32_0_32_7                                                   2.5773 3.1449  
      filter:core/z.out#2                                                                                                              0.0000 3.1449  
      filter:core/mac#2:for:mux#1                              mgc_mux_32_1_2_5                                                        0.1564 3.3013  
      filter:core/mac#2:for:mux#1.itm                                                                                                  0.0000 3.3013  
      filter:core/mac#2:for:acc#1:rg                           mgc_addc_32_0_32_0_32_7                                                 2.3429 5.6442  
      filter:core/z.out                                                                                                                0.0000 5.6442  
      filter:core/fir:fir:and                                  mgc_and_32_2_4                                                          0.0775 5.7217  
      filter:core/fir:fir:and.cse                                                                                                      0.0000 5.7217  
      filter:core/reg(mac:result)                              mgc_reg_pos_32_0_0_1_0_1_1_1                                            0.0000 5.7217  
                                                                                                                                                      
    6                                                          filter:core/reg(mac#1:for:i(2:0)) filter:core/reg(mac:result)           5.6757 14.3243 
                                                                                                                                                      
      Instance                                                 Component                                                               Delta  Delay   
      --------                                                 ---------                                                               -----  -----   
      filter:core/reg(mac#1:for:i(2:0))                        mgc_reg_pos_3_0_0_1_0_1_1_1                                             0.1060 0.1060  
      filter:core/mac#1:for:i(2:0).sva                                                                                                 0.0000 0.1060  
      filter:core/mac#1:for:slc(mac#1:for:i(2:0).sva)(2)                                                                               0.0000 0.1060  
      filter:core/mac#1:for:slc(mac#1:for:i(2:0).sva)(2).itm                                                                           0.0000 0.1060  
      filter:core/mac#1:for:mac#1:for:nor#1                    mgc_nor_1_4_4                                                           0.1347 0.2407  
      filter:core/mac#1:for:mac#1:for:nor#1.cse                                                                                        0.0000 0.2407  
      filter:core/mac#1:for:or                                 mgc_or_1_2_2                                                            0.0776 0.3183  
      filter:core/mac#1:for:or.itm                                                                                                     0.0000 0.3183  
      filter:core/mac#1:for:mux1h                              mgc_mux1hot_2_3_4                                                       0.1250 0.4433  
      filter:core/mac#1:for:mux1h.itm                                                                                                  0.0000 0.4433  
      filter:core/mac#1:for:mac#1:for:or                       mgc_or_2_2_2                                                            0.0782 0.5215  
      filter:core/mac#1:for:mac#1:for:or.itm                                                                                           0.0000 0.5215  
      filter:core/mac#1:for:mul:rg                             mgc_mul_2_0_32_0_32_7                                                   2.5773 3.0989  
      filter:core/z.out#2                                                                                                              0.0000 3.0989  
      filter:core/mac#2:for:mux#1                              mgc_mux_32_1_2_5                                                        0.1564 3.2553  
      filter:core/mac#2:for:mux#1.itm                                                                                                  0.0000 3.2553  
      filter:core/mac#2:for:acc#1:rg                           mgc_addc_32_0_32_0_32_7                                                 2.3429 5.5982  
      filter:core/z.out                                                                                                                0.0000 5.5982  
      filter:core/fir:fir:and                                  mgc_and_32_2_4                                                          0.0775 5.6757  
      filter:core/fir:fir:and.cse                                                                                                      0.0000 5.6757  
      filter:core/reg(mac:result)                              mgc_reg_pos_32_0_0_1_0_1_1_1                                            0.0000 5.6757  
                                                                                                                                                      
    7                                                          filter:core/reg(mac#1:for:i(2:0)) filter:core/reg(mac:result)           5.6757 14.3243 
                                                                                                                                                      
      Instance                                                 Component                                                               Delta  Delay   
      --------                                                 ---------                                                               -----  -----   
      filter:core/reg(mac#1:for:i(2:0))                        mgc_reg_pos_3_0_0_1_0_1_1_1                                             0.1060 0.1060  
      filter:core/mac#1:for:i(2:0).sva                                                                                                 0.0000 0.1060  
      filter:core/mac#1:for:slc(mac#1:for:i(2:0).sva)(1)                                                                               0.0000 0.1060  
      filter:core/mac#1:for:slc(mac#1:for:i(2:0).sva)(1).itm                                                                           0.0000 0.1060  
      filter:core/mac#1:for:mac#1:for:nor#1                    mgc_nor_1_4_4                                                           0.1347 0.2407  
      filter:core/mac#1:for:mac#1:for:nor#1.cse                                                                                        0.0000 0.2407  
      filter:core/mac#1:for:or                                 mgc_or_1_2_2                                                            0.0776 0.3183  
      filter:core/mac#1:for:or.itm                                                                                                     0.0000 0.3183  
      filter:core/mac#1:for:mux1h                              mgc_mux1hot_2_3_4                                                       0.1250 0.4433  
      filter:core/mac#1:for:mux1h.itm                                                                                                  0.0000 0.4433  
      filter:core/mac#1:for:mac#1:for:or                       mgc_or_2_2_2                                                            0.0782 0.5215  
      filter:core/mac#1:for:mac#1:for:or.itm                                                                                           0.0000 0.5215  
      filter:core/mac#1:for:mul:rg                             mgc_mul_2_0_32_0_32_7                                                   2.5773 3.0989  
      filter:core/z.out#2                                                                                                              0.0000 3.0989  
      filter:core/mac#2:for:mux#1                              mgc_mux_32_1_2_5                                                        0.1564 3.2553  
      filter:core/mac#2:for:mux#1.itm                                                                                                  0.0000 3.2553  
      filter:core/mac#2:for:acc#1:rg                           mgc_addc_32_0_32_0_32_7                                                 2.3429 5.5982  
      filter:core/z.out                                                                                                                0.0000 5.5982  
      filter:core/fir:fir:and                                  mgc_and_32_2_4                                                          0.0775 5.6757  
      filter:core/fir:fir:and.cse                                                                                                      0.0000 5.6757  
      filter:core/reg(mac:result)                              mgc_reg_pos_32_0_0_1_0_1_1_1                                            0.0000 5.6757  
                                                                                                                                                      
    8                                                          filter:core/reg(mac#1:for:i(2:0)) filter:core/reg(mac:result)           5.6757 14.3243 
                                                                                                                                                      
      Instance                                                 Component                                                               Delta  Delay   
      --------                                                 ---------                                                               -----  -----   
      filter:core/reg(mac#1:for:i(2:0))                        mgc_reg_pos_3_0_0_1_0_1_1_1                                             0.1060 0.1060  
      filter:core/mac#1:for:i(2:0).sva                                                                                                 0.0000 0.1060  
      filter:core/mac#1:for:slc(mac#1:for:i(2:0).sva)(0)                                                                               0.0000 0.1060  
      filter:core/mac#1:for:slc(mac#1:for:i(2:0).sva)(0).itm                                                                           0.0000 0.1060  
      filter:core/mac#1:for:mac#1:for:nor#1                    mgc_nor_1_4_4                                                           0.1347 0.2407  
      filter:core/mac#1:for:mac#1:for:nor#1.cse                                                                                        0.0000 0.2407  
      filter:core/mac#1:for:or                                 mgc_or_1_2_2                                                            0.0776 0.3183  
      filter:core/mac#1:for:or.itm                                                                                                     0.0000 0.3183  
      filter:core/mac#1:for:mux1h                              mgc_mux1hot_2_3_4                                                       0.1250 0.4433  
      filter:core/mac#1:for:mux1h.itm                                                                                                  0.0000 0.4433  
      filter:core/mac#1:for:mac#1:for:or                       mgc_or_2_2_2                                                            0.0782 0.5215  
      filter:core/mac#1:for:mac#1:for:or.itm                                                                                           0.0000 0.5215  
      filter:core/mac#1:for:mul:rg                             mgc_mul_2_0_32_0_32_7                                                   2.5773 3.0989  
      filter:core/z.out#2                                                                                                              0.0000 3.0989  
      filter:core/mac#2:for:mux#1                              mgc_mux_32_1_2_5                                                        0.1564 3.2553  
      filter:core/mac#2:for:mux#1.itm                                                                                                  0.0000 3.2553  
      filter:core/mac#2:for:acc#1:rg                           mgc_addc_32_0_32_0_32_7                                                 2.3429 5.5982  
      filter:core/z.out                                                                                                                0.0000 5.5982  
      filter:core/fir:fir:and                                  mgc_and_32_2_4                                                          0.0775 5.6757  
      filter:core/fir:fir:and.cse                                                                                                      0.0000 5.6757  
      filter:core/reg(mac:result)                              mgc_reg_pos_32_0_0_1_0_1_1_1                                            0.0000 5.6757  
                                                                                                                                                      
    9                                                          filter:core/reg(mac#1:for:i(2:0)) filter:core/reg(mac:result)           5.6699 14.3301 
                                                                                                                                                      
      Instance                                                 Component                                                               Delta  Delay   
      --------                                                 ---------                                                               -----  -----   
      filter:core/reg(mac#1:for:i(2:0))                        mgc_reg_pos_3_0_0_1_0_1_1_1                                             0.1060 0.1060  
      filter:core/mac#1:for:i(2:0).sva                                                                                                 0.0000 0.1060  
      filter:core/mac#1:for:slc(mac#1:for:i(2:0).sva)(2)#3                                                                             0.0000 0.1060  
      filter:core/mac#1:for:slc(mac#1:for:i(2:0).sva)(2)#3.itm                                                                         0.0000 0.1060  
      filter:core/mac#1:for:not                                mgc_not_1_1                                                             0.0390 0.1450  
      filter:core/mac#1:for:not.itm                                                                                                    0.0000 0.1450  
      filter:core/mac#1:for:and#3                              mgc_and_1_4_4                                                           0.0899 0.2349  
      filter:core/mac#1:for:and#3.cse                                                                                                  0.0000 0.2349  
      filter:core/mac#1:for:or#1                               mgc_or_1_2_2                                                            0.0776 0.3125  
      filter:core/mac#1:for:or#1.itm                                                                                                   0.0000 0.3125  
      filter:core/mac#1:for:mux1h                              mgc_mux1hot_2_3_4                                                       0.1250 0.4375  
      filter:core/mac#1:for:mux1h.itm                                                                                                  0.0000 0.4375  
      filter:core/mac#1:for:mac#1:for:or                       mgc_or_2_2_2                                                            0.0782 0.5158  
      filter:core/mac#1:for:mac#1:for:or.itm                                                                                           0.0000 0.5158  
      filter:core/mac#1:for:mul:rg                             mgc_mul_2_0_32_0_32_7                                                   2.5773 3.0931  
      filter:core/z.out#2                                                                                                              0.0000 3.0931  
      filter:core/mac#2:for:mux#1                              mgc_mux_32_1_2_5                                                        0.1564 3.2495  
      filter:core/mac#2:for:mux#1.itm                                                                                                  0.0000 3.2495  
      filter:core/mac#2:for:acc#1:rg                           mgc_addc_32_0_32_0_32_7                                                 2.3429 5.5924  
      filter:core/z.out                                                                                                                0.0000 5.5924  
      filter:core/fir:fir:and                                  mgc_and_32_2_4                                                          0.0775 5.6699  
      filter:core/fir:fir:and.cse                                                                                                      0.0000 5.6699  
      filter:core/reg(mac:result)                              mgc_reg_pos_32_0_0_1_0_1_1_1                                            0.0000 5.6699  
                                                                                                                                                      
    10                                                         filter:core/reg(mac#1:for:i(2:0)) filter:core/reg(iir_output:rsci.idat) 5.6442 14.3558 
                                                                                                                                                      
      Instance                                                 Component                                                               Delta  Delay   
      --------                                                 ---------                                                               -----  -----   
      filter:core/reg(mac#1:for:i(2:0))                        mgc_reg_pos_3_0_0_1_0_1_1_1                                             0.1060 0.1060  
      filter:core/mac#1:for:i(2:0).sva                                                                                                 0.0000 0.1060  
      filter:core/mac#1:for:slc(mac#1:for:i(2:0).sva)(1)#1                                                                             0.0000 0.1060  
      filter:core/mac#1:for:slc(mac#1:for:i(2:0).sva)(1)#1.itm                                                                         0.0000 0.1060  
      filter:core/mac#1:for:nor#1                              mgc_nor_1_2_2                                                           0.0971 0.2031  
      filter:core/mac#1:for:nor#1.itm                                                                                                  0.0000 0.2031  
      filter:core/mac#1:for:and#1                              mgc_and_1_3_4                                                           0.0837 0.2868  
      filter:core/mac#1:for:and#1.cse                                                                                                  0.0000 0.2868  
      filter:core/mac#1:for:or                                 mgc_or_1_2_2                                                            0.0776 0.3643  
      filter:core/mac#1:for:or.itm                                                                                                     0.0000 0.3643  
      filter:core/mac#1:for:mux1h                              mgc_mux1hot_2_3_4                                                       0.1250 0.4894  
      filter:core/mac#1:for:mux1h.itm                                                                                                  0.0000 0.4894  
      filter:core/mac#1:for:mac#1:for:or                       mgc_or_2_2_2                                                            0.0782 0.5676  
      filter:core/mac#1:for:mac#1:for:or.itm                                                                                           0.0000 0.5676  
      filter:core/mac#1:for:mul:rg                             mgc_mul_2_0_32_0_32_7                                                   2.5773 3.1449  
      filter:core/z.out#2                                                                                                              0.0000 3.1449  
      filter:core/mac#1:for:mux#4                              mgc_mux_32_1_2_5                                                        0.1564 3.3013  
      filter:core/mac#1:for:mux#4.itm                                                                                                  0.0000 3.3013  
      filter:core/iir:iir:acc#1:rg                             mgc_addc_32_0_32_0_32_7                                                 2.3429 5.6442  
      filter:core/z.out#1                                                                                                              0.0000 5.6442  
      filter:core/reg(iir_output:rsci.idat)                    mgc_reg_pos_32_0_0_1_0_1_1_1                                            0.0000 5.6442  
                                                                                                                                                      
    
  Register Input and Register-to-Output Slack
    Clock period or pin-to-reg delay constraint (clk): 20.0
    Clock uncertainty constraint (clk)               : 0.0
    
    Instance                                   Port                               Slack (Delay) Messages 
    ------------------------------------------ -------------------------------- ------- ------- --------
    filter:core/reg(iir_output:rsci.idat)      z.out#1                          14.2783  5.7217          
    filter:core/reg(mac:result)                fir:fir:and.cse                  14.2783  5.7217          
    filter:core/reg(fir_output:rsci.idat)      z.out                            14.2783  5.7217          
    filter:core/reg(mac#2:for:i(2:0))          mac:for:i:mac:for:i:and.itm      19.5986  0.4014          
    filter:core/reg(mac#2:result)              fir:fir:and.cse                  14.2783  5.7217          
    filter:core/reg(iir:output_delay_lane(1))  reg(iir_output:rsci.idat).cse    14.3736  5.6264          
    filter:core/reg(iir:output_delay_lane(2))  iir:output_delay_lane(1).sva     14.3736  5.6264          
    filter:core/reg(iir:output_delay_lane(3))  iir:output_delay_lane(2).sva     14.3736  5.6264          
    filter:core/reg(iir:output_delay_lane(4))  iir:output_delay_lane(3).sva     14.3736  5.6264          
    filter:core/reg(mac#1:for:i(2:0))          mac:for:i:mac:for:i:and#1.itm    19.5986  0.4014          
    filter:core/reg(mac#1:result)              fir:fir:and#2.itm                14.2783  5.7217          
    filter:core/reg(input)                     input:rsci.idat                  20.0000  0.0000          
    filter:core/reg(iir:input_delay_lane(0))   input.sva                        14.5865  5.4135          
    filter:core/reg(iir:input_delay_lane(1))   iir:input_delay_lane(1).sva#1    19.8940  0.1060          
    filter:core/reg(iir:input_delay_lane(2))   iir:input_delay_lane(2).sva#1    19.8940  0.1060          
    filter:core/reg(iir:input_delay_lane(3))   iir:input_delay_lane(3).sva#1    19.8940  0.1060          
    filter:core/reg(mac:for:i(2:0))            mac:for:i:mac:for:i:and#2.itm    19.5986  0.4014          
    filter:core/reg(iir_output.triosy:obj.ld)  slc(fsm_output)(3)#1.itm         20.0000  0.0000          
    filter:core/reg(fir_output.triosy:obj.ld)  or.tmp#32                        19.8165  0.1835          
    filter:core/reg(iir:input_delay_lane(3))#1 reg(iir:input_delay_lane(2)).cse 14.5865  5.4135          
    filter:core/reg(iir:input_delay_lane(2))#1 reg(iir:input_delay_lane(1)).cse 14.5865  5.4135          
    filter:core/reg(iir:input_delay_lane(1))#1 reg(iir:input_delay_lane(0)).cse 14.5865  5.4135          
    filter:core/reg(mac:for:mac:for:nor)       mac:for:mac:for:nor.itm#2        19.3876  0.6124          
    filter:core/reg(mac:for:mux)               mac:for:mux.itm#3                19.5278  0.4722          
    filter:core/reg(mac:for:mux#1)             mac:for:mux#1.itm#3              19.6939  0.3061          
    filter                                     input.triosy.lz                  19.8940  0.1060          
    filter                                     fir_output:rsc.dat               19.8940  0.1060          
    filter                                     fir_output.triosy.lz             19.8940  0.1060          
    filter                                     iir_output:rsc.dat               19.8940  0.1060          
    filter                                     iir_output.triosy.lz             19.8940  0.1060          
    
Operator Bitwidth Summary
  Operation  Size (bits) Count 
  ---------- ----------- -----
  add                          
  -                    4     3 
  -                   32     2 
  -                    3     3 
  and                          
  -                   32     2 
  -                    3     3 
  -                    1     8 
  mul                          
  -                   32     2 
  mux                          
  -                   32     5 
  mux1h                        
  -                   32     1 
  -                    2     1 
  nand                         
  -                    1     1 
  nor                          
  -                    1    10 
  not                          
  -                    1    22 
  or                           
  -                    2     1 
  -                    1     6 
  read_port                    
  -                   32     1 
  read_sync                    
  -                    0     3 
  reg                          
  -                   32    18 
  -                    3     3 
  -                    2     1 
  -                    1     3 
  write_port                   
  -                    0     2 
  
End of Report
