o3-mini runs: 58
o3-mini input tokens: 90362
o3-mini output tokens: 135310
# of functions: 6
HLS runs: 59
Compile runs: 102
Time for c2hlsc:  2004060
Time for agent:  1254375
Agent sequence:  ['synthesis: copyKey_hls 0, copyBlock_hls 0, generateRoundKeys80_hls 3, addRoundKey_hls 0, pLayer_hls 0, present80_encryptBlock_hls 1', 'synthesis: copyKey_hls 3, copyBlock_hls 3, generateRoundKeys80_hls 0, addRoundKey_hls 1, pLayer_hls 1, present80_encryptBlock_hls 1', 'synthesis: copyKey_hls 3, copyBlock_hls 3, generateRoundKeys80_hls 3, addRoundKey_hls 1, pLayer_hls 1, present80_encryptBlock_hls 1', 'synthesis: copyKey_hls 0, copyBlock_hls 0, generateRoundKeys80_hls 3, addRoundKey_hls 1, pLayer_hls 1, present80_encryptBlock_hls 1', 'solution: copyKey_hls 3, copyBlock_hls 3, generateRoundKeys80_hls 3, addRoundKey_hls 1, pLayer_hls 1, present80_encryptBlock_hls 1']
Agent synthesis calls:  4
Agent python calls:  0
Agent profile calls:  0
Agent inspect calls:  0
Agent solution calls:  1
Seconds lost due to API down:  0
  Process                          Real Operation(s) count Latency Throughput Reset Length II Comments 

  -------------------------------- ----------------------- ------- ---------- ------------ -- --------

  /present80_encryptBlock_hls/core                    3719    3604       3607            1  0          

  Design Total:                                       3719    3604       3607            1  0          

                     Post-Scheduling    Post-DP & FSM  Post-Assignment 

  ----------------- ---------------- ---------------- ----------------

  Total Area Score:   68897.4          36199.0          28898.9        

  Total Reg:          44522.0  (65%)   13244.9  (37%)   13244.9  (46%) 

