o3-mini runs: 25
o3-mini input tokens: 46269
o3-mini output tokens: 72094
# of functions: 4
HLS runs: 28
Compile runs: 42
Time for c2hlsc:  1898356
Time for agent:  471853
Agent sequence:  ['synthesis: reverse_string 0, fill_matrix 3, traceback 3, needwun 0', 'synthesis: reverse_string 1, fill_matrix 0, traceback 3, needwun 0', 'synthesis: reverse_string 1, fill_matrix 3, traceback 3, needwun 0', 'solution: reverse_string 1, fill_matrix 3, traceback 3, needwun 0']
Agent synthesis calls:  3
Agent python calls:  0
Agent profile calls:  0
Agent inspect calls:  0
Agent solution calls:  1
Seconds lost due to API down:  0
  Process       Real Operation(s) count Latency Throughput Reset Length II Comments 

  ------------- ----------------------- ------- ---------- ------------ -- --------

  /needwun/core                    1261     268        341            0  0        ? 

  Design Total:                    1261     268        341            0  0          

                     Post-Scheduling   Post-DP & FSM Post-Assignment 

  ----------------- ---------------- --------------- ---------------

  Total Area Score:   72203.0         11342.9         10806.5        

  Total Reg:           7462.9  (10%)   4385.9  (39%)   4385.9  (41%) 

