-- Catapult Ultra Synthesis: Report                                              
-- ------------------------- ---------------------------------------------------
-- Version:                  2023.1_2/1049935 Production Release                 
-- Build Date:               Sat Jun 10 10:53:51 PDT 2023                        
                                                                                 
-- Generated by:             ajh9498@hansolo.poly.edu                            
-- Generated date:           Fri Feb 28 18:19:56 EST 2025                        

Solution Settings: filter.v1
  Current state: extract
  Project: Catapult_35

Design Input Files Specified
  $PROJECT_HOME/tmp_filter/filter_o3-mini_agent_1.c
    $PROJECT_HOME/include/ac_float.h
      $PROJECT_HOME/include/ac_fixed.h
        $PROJECT_HOME/include/ac_int.h

Processes/Blocks in Design
  Process       Real Operation(s) count Latency Throughput Reset Length II Comments 
  ------------- ----------------------- ------- ---------- ------------ -- --------
  /filter/core                       19       1          2            0  0          
  Design Total:                      19       1          2            0  0          
  
Bill Of Materials (Datapath)
  Component Name                 Area Score Area(Combinational)  AreaSeq Delay Post Alloc Post Assign 
  ------------------------------ ---------- ------------------- -------- ----- ---------- -----------
  [Lib: ccs_ioport]                                                                                   
  ccs_in(1,32)                        0.000               0.000    0.000 0.000          1           1 
  ccs_out(2,32)                       0.000               0.000    0.000 0.000          1           1 
  ccs_out(3,32)                       0.000               0.000    0.000 0.000          1           1 
  [Lib: mgc_ioport]                                                                                   
  mgc_io_sync(0)                      0.000               0.000    0.000 0.000          3           3 
  [Lib: nangate-45nm_beh]                                                                             
  mgc_add(31,0,31,0,31,7)           131.936              90.175    0.000 2.271          0           1 
  mgc_add(32,0,32,0,32,7)           136.192              95.813    0.000 2.343         12           9 
  mgc_not(1,1)                        0.532               0.532    0.000 0.039          0           9 
  mgc_not(32,1)                      17.024              61.003    0.000 0.039          0           1 
  mgc_reg_pos(1,0,0,1,0,0,0,1)        6.384               1.862    4.522 0.106          0           1 
  mgc_reg_pos(32,0,0,1,0,0,0,1)     204.288              59.584  144.704 0.106          0           2 
  mgc_reg_pos(32,0,0,1,0,1,1,1)     204.288              59.584  144.704 0.106          0           8 
                                                                                                      
  TOTAL AREA (After Assignment):   3428.740            1616.000 1452.000                              
  
Area Scores
                    Post-Scheduling   Post-DP & FSM Post-Assignment 
  ----------------- --------------- --------------- ---------------
  Total Area Score:   4290.0          3439.7          3440.3        
  Total Reg:          2655.7  (62%)   2059.3  (60%)   2059.3  (60%) 
                                                                    
  DataPath:           4290.0 (100%)   3428.7 (100%)   3428.7 (100%) 
    MUX:                 0.0             0.0             0.0        
    FUNC:             1634.3  (38%)   1357.7  (40%)   1357.7  (40%) 
    LOGIC:               0.0            21.8   (1%)     21.8   (1%) 
    BUFFER:              0.0             0.0             0.0        
    MEM:                 0.0             0.0             0.0        
    ROM:                 0.0             0.0             0.0        
    REG:              2655.7  (62%)   2049.3  (60%)   2049.3  (60%) 
                                                                    
  
  FSM:                   0.0            11.0   (0%)     11.5   (0%) 
    FSM-REG:             0.0            10.0  (91%)     10.0  (87%) 
    FSM-COMB:            0.0             1.0   (9%)      1.5  (13%) 
                                                                    
  
  
  (MUX = multiplexers; FUNC = datapath logic (e.g. add/mult); LOGIC = control logic)

Register-to-Variable Mappings
  Register                          Size(bits) Gated Register CG Opt Done Variables                                             
  --------------------------------- ---------- -------------- ----------- -----------------------------------------------------
  fir_output:rsci.idat                      32         Y           Y      fir_output:rsci.idat                                  
  iir:feedforward:asn#1.itm                 32                            iir:feedforward:asn#1.itm                             
  iir:in_d0.sva                             32         Y           Y      iir:in_d0.sva                                         
  iir:in_d1.sva                             32         Y           Y      iir:in_d1.sva                                         
  iir:in_d2.sva                             32         Y           Y      iir:in_d2.sva                                         
  iir:in_d3.sva                             32         Y           Y      iir:in_d3.sva                                         
  iir:out_d1.sva                            32         Y           Y      iir:out_d1.sva                                        
  iir:out_d2.sva                            32         Y           Y      iir:out_d2.sva                                        
  iir_output:rsci.idat                      32         Y           Y      iir_output:rsci.idat                                  
  out_d2:asn.itm                            32                            out_d2:asn.itm                                        
  reg(iir_output.triosy:obj.ld).cse          1                            reg(iir_output.triosy:obj.ld).cse                     
                                                                                                                                
  Total:                                   321            256         256 (Total Gating Ratio: 0.80, CG Opt Gating Ratio: 0.80) 
  
Timing Report
  Critical Path
    Max Delay:  7.173649000000001
    Slack:      12.826350999999999
    
    Path                                                          Startpoint                             Endpoint                              Delay  Slack   
    ------------------------------------------------------------- -------------------------------------- ------------------------------------- ------ -------
    1                                                             filter:core/reg(out_d2:asn)            filter:core/reg(iir_output:rsci.idat) 7.1736 12.8264 
                                                                                                                                                              
      Instance                                                    Component                                                                    Delta  Delay   
      --------                                                    ---------                                                                    -----  -----   
      filter:core/reg(out_d2:asn)                                 mgc_reg_pos_32_0_0_1_0_0_0_1                                                 0.1060 0.1060  
      filter:core/out_d2:asn.itm                                                                                                               0.0000 0.1060  
      filter:core/out_d2:not                                      mgc_not_32_1                                                                 0.0390 0.1450  
      filter:core/out_d2:not.itm                                                                                                               0.0000 0.1450  
      filter:core/iir:feedforward:acc#4                           mgc_addc_32_0_32_0_32_7                                                      2.3429 2.4879  
      filter:core/iir:feedforward:acc#4.itm                                                                                                    0.0000 2.4879  
      filter:core/iir:feedforward:acc                             mgc_addc_32_0_32_0_32_7                                                      2.3429 4.8308  
      filter:core/iir:feedforward:acc.itm                                                                                                      0.0000 4.8308  
      filter:core/iir:iir:acc#1                                   mgc_addc_32_0_32_0_32_7                                                      2.3429 7.1736  
      filter:core/iir:iir:acc#1.itm                                                                                                            0.0000 7.1736  
      filter:core/reg(iir_output:rsci.idat)                       mgc_reg_pos_32_0_0_1_0_1_1_1                                                 0.0000 7.1736  
                                                                                                                                                              
    2                                                             filter:core/reg(iir:in_d0)             filter:core/reg(iir_output:rsci.idat) 7.1346 12.8654 
                                                                                                                                                              
      Instance                                                    Component                                                                    Delta  Delay   
      --------                                                    ---------                                                                    -----  -----   
      filter:core/reg(iir:in_d0)                                  mgc_reg_pos_32_0_0_1_0_1_1_1                                                 0.1060 0.1060  
      filter:core/iir:in_d0.sva                                                                                                                0.0000 0.1060  
      filter:core/in_d0:slc(iir:in_d0.sva)(30-0)                                                                                               0.0000 0.1060  
      filter:core/in_d0:slc(iir:in_d0.sva)(30-0).itm                                                                                           0.0000 0.1060  
      filter:core/iir:conc#1                                                                                                                   0.0000 0.1060  
      filter:core/iir:conc#1.itm                                                                                                               0.0000 0.1060  
      filter:core/iir:feedforward:acc#4                           mgc_addc_32_0_32_0_32_7                                                      2.3429 2.4489  
      filter:core/iir:feedforward:acc#4.itm                                                                                                    0.0000 2.4489  
      filter:core/iir:feedforward:acc                             mgc_addc_32_0_32_0_32_7                                                      2.3429 4.7918  
      filter:core/iir:feedforward:acc.itm                                                                                                      0.0000 4.7918  
      filter:core/iir:iir:acc#1                                   mgc_addc_32_0_32_0_32_7                                                      2.3429 7.1346  
      filter:core/iir:iir:acc#1.itm                                                                                                            0.0000 7.1346  
      filter:core/reg(iir_output:rsci.idat)                       mgc_reg_pos_32_0_0_1_0_1_1_1                                                 0.0000 7.1346  
                                                                                                                                                              
    3                                                             filter:core/reg(iir:in_d1)             filter:core/reg(iir_output:rsci.idat) 7.1346 12.8654 
                                                                                                                                                              
      Instance                                                    Component                                                                    Delta  Delay   
      --------                                                    ---------                                                                    -----  -----   
      filter:core/reg(iir:in_d1)                                  mgc_reg_pos_32_0_0_1_0_1_1_1                                                 0.1060 0.1060  
      filter:core/iir:in_d1.sva                                                                                                                0.0000 0.1060  
      filter:core/iir:feedforward:acc#6                           mgc_addc_32_0_32_0_32_7                                                      2.3429 2.4489  
      filter:core/iir:feedforward:acc#6.cse                                                                                                    0.0000 2.4489  
      filter:core/iir:feedforward:acc#8                           mgc_addc_32_0_32_0_32_7                                                      2.3429 4.7918  
      filter:core/iir:feedforward:acc#8.itm                                                                                                    0.0000 4.7918  
      filter:core/iir:iir:acc#1                                   mgc_addc_32_0_32_0_32_7                                                      2.3429 7.1346  
      filter:core/iir:iir:acc#1.itm                                                                                                            0.0000 7.1346  
      filter:core/reg(iir_output:rsci.idat)                       mgc_reg_pos_32_0_0_1_0_1_1_1                                                 0.0000 7.1346  
                                                                                                                                                              
    4                                                             filter:core/reg(iir:feedforward:asn#1) filter:core/reg(iir_output:rsci.idat) 7.1346 12.8654 
                                                                                                                                                              
      Instance                                                    Component                                                                    Delta  Delay   
      --------                                                    ---------                                                                    -----  -----   
      filter:core/reg(iir:feedforward:asn#1)                      mgc_reg_pos_32_0_0_1_0_0_0_1                                                 0.1060 0.1060  
      filter:core/iir:feedforward:asn#1.itm                                                                                                    0.0000 0.1060  
      filter:core/iir:feedforward:acc#5                           mgc_addc_32_0_32_0_32_7                                                      2.3429 2.4489  
      filter:core/iir:feedforward:acc#5.itm                                                                                                    0.0000 2.4489  
      filter:core/iir:feedforward:acc#8                           mgc_addc_32_0_32_0_32_7                                                      2.3429 4.7918  
      filter:core/iir:feedforward:acc#8.itm                                                                                                    0.0000 4.7918  
      filter:core/iir:iir:acc#1                                   mgc_addc_32_0_32_0_32_7                                                      2.3429 7.1346  
      filter:core/iir:iir:acc#1.itm                                                                                                            0.0000 7.1346  
      filter:core/reg(iir_output:rsci.idat)                       mgc_reg_pos_32_0_0_1_0_1_1_1                                                 0.0000 7.1346  
                                                                                                                                                              
    5                                                             filter:core/reg(iir:out_d2)            filter:core/reg(iir_output:rsci.idat) 7.1346 12.8654 
                                                                                                                                                              
      Instance                                                    Component                                                                    Delta  Delay   
      --------                                                    ---------                                                                    -----  -----   
      filter:core/reg(iir:out_d2)                                 mgc_reg_pos_32_0_0_1_0_1_1_1                                                 0.1060 0.1060  
      filter:core/iir:out_d2.sva                                                                                                               0.0000 0.1060  
      filter:core/iir:feedforward:acc#5                           mgc_addc_32_0_32_0_32_7                                                      2.3429 2.4489  
      filter:core/iir:feedforward:acc#5.itm                                                                                                    0.0000 2.4489  
      filter:core/iir:feedforward:acc#8                           mgc_addc_32_0_32_0_32_7                                                      2.3429 4.7918  
      filter:core/iir:feedforward:acc#8.itm                                                                                                    0.0000 4.7918  
      filter:core/iir:iir:acc#1                                   mgc_addc_32_0_32_0_32_7                                                      2.3429 7.1346  
      filter:core/iir:iir:acc#1.itm                                                                                                            0.0000 7.1346  
      filter:core/reg(iir_output:rsci.idat)                       mgc_reg_pos_32_0_0_1_0_1_1_1                                                 0.0000 7.1346  
                                                                                                                                                              
    6                                                             filter:core/reg(iir:feedforward:asn#1) filter:core/reg(fir_output:rsci.idat) 7.1346 12.8654 
                                                                                                                                                              
      Instance                                                    Component                                                                    Delta  Delay   
      --------                                                    ---------                                                                    -----  -----   
      filter:core/reg(iir:feedforward:asn#1)                      mgc_reg_pos_32_0_0_1_0_0_0_1                                                 0.1060 0.1060  
      filter:core/iir:feedforward:asn#1.itm                                                                                                    0.0000 0.1060  
      filter:core/fir:acc:acc#5                                   mgc_addc_32_0_32_0_32_7                                                      2.3429 2.4489  
      filter:core/fir:acc:acc#5.itm                                                                                                            0.0000 2.4489  
      filter:core/fir:acc:acc#7                                   mgc_addc_32_0_32_0_32_7                                                      2.3429 4.7918  
      filter:core/fir:acc:acc#7.itm                                                                                                            0.0000 4.7918  
      filter:core/fir:acc:acc                                     mgc_addc_32_0_32_0_32_7                                                      2.3429 7.1346  
      filter:core/fir:acc:acc.itm                                                                                                              0.0000 7.1346  
      filter:core/reg(fir_output:rsci.idat)                       mgc_reg_pos_32_0_0_1_0_1_1_1                                                 0.0000 7.1346  
                                                                                                                                                              
    7                                                             filter:core/reg(iir:in_d0)             filter:core/reg(fir_output:rsci.idat) 7.1346 12.8654 
                                                                                                                                                              
      Instance                                                    Component                                                                    Delta  Delay   
      --------                                                    ---------                                                                    -----  -----   
      filter:core/reg(iir:in_d0)                                  mgc_reg_pos_32_0_0_1_0_1_1_1                                                 0.1060 0.1060  
      filter:core/iir:in_d0.sva                                                                                                                0.0000 0.1060  
      filter:core/delay_lane:slc(fir:delay_lane(0).sva)(30-0)                                                                                  0.0000 0.1060  
      filter:core/delay_lane:slc(fir:delay_lane(0).sva)(30-0).itm                                                                              0.0000 0.1060  
      filter:core/fir:acc:conc#5                                                                                                               0.0000 0.1060  
      filter:core/fir:acc:conc#5.itm                                                                                                           0.0000 0.1060  
      filter:core/fir:acc:acc#5                                   mgc_addc_32_0_32_0_32_7                                                      2.3429 2.4489  
      filter:core/fir:acc:acc#5.itm                                                                                                            0.0000 2.4489  
      filter:core/fir:acc:acc#7                                   mgc_addc_32_0_32_0_32_7                                                      2.3429 4.7918  
      filter:core/fir:acc:acc#7.itm                                                                                                            0.0000 4.7918  
      filter:core/fir:acc:acc                                     mgc_addc_32_0_32_0_32_7                                                      2.3429 7.1346  
      filter:core/fir:acc:acc.itm                                                                                                              0.0000 7.1346  
      filter:core/reg(fir_output:rsci.idat)                       mgc_reg_pos_32_0_0_1_0_1_1_1                                                 0.0000 7.1346  
                                                                                                                                                              
    8                                                             filter:core/reg(iir:in_d3)             filter:core/reg(iir_output:rsci.idat) 7.0629 12.9371 
                                                                                                                                                              
      Instance                                                    Component                                                                    Delta  Delay   
      --------                                                    ---------                                                                    -----  -----   
      filter:core/reg(iir:in_d3)                                  mgc_reg_pos_32_0_0_1_0_1_1_1                                                 0.1060 0.1060  
      filter:core/iir:in_d3.sva                                                                                                                0.0000 0.1060  
      filter:core/in_d3:slc(iir:in_d3.sva)(30-0)                                                                                               0.0000 0.1060  
      filter:core/in_d3:slc(iir:in_d3.sva)(30-0).itm                                                                                           0.0000 0.1060  
      filter:core/iir:feedforward:acc#9                           mgc_addc_31_0_31_0_31_7                                                      2.2712 2.3772  
      filter:core/iir:feedforward:acc#9.cse                                                                                                    0.0000 2.3772  
      filter:core/iir:feedforward:conc#1                                                                                                       0.0000 2.3772  
      filter:core/iir:feedforward:conc#1.itm                                                                                                   0.0000 2.3772  
      filter:core/iir:feedforward:acc                             mgc_addc_32_0_32_0_32_7                                                      2.3429 4.7201  
      filter:core/iir:feedforward:acc.itm                                                                                                      0.0000 4.7201  
      filter:core/iir:iir:acc#1                                   mgc_addc_32_0_32_0_32_7                                                      2.3429 7.0629  
      filter:core/iir:iir:acc#1.itm                                                                                                            0.0000 7.0629  
      filter:core/reg(iir_output:rsci.idat)                       mgc_reg_pos_32_0_0_1_0_1_1_1                                                 0.0000 7.0629  
                                                                                                                                                              
    9                                                             filter:core/reg(iir:in_d1)             filter:core/reg(iir_output:rsci.idat) 7.0629 12.9371 
                                                                                                                                                              
      Instance                                                    Component                                                                    Delta  Delay   
      --------                                                    ---------                                                                    -----  -----   
      filter:core/reg(iir:in_d1)                                  mgc_reg_pos_32_0_0_1_0_1_1_1                                                 0.1060 0.1060  
      filter:core/iir:in_d1.sva                                                                                                                0.0000 0.1060  
      filter:core/in_d1:slc(iir:in_d1.sva)(30-0)                                                                                               0.0000 0.1060  
      filter:core/in_d1:slc(iir:in_d1.sva)(30-0).itm                                                                                           0.0000 0.1060  
      filter:core/iir:feedforward:acc#9                           mgc_addc_31_0_31_0_31_7                                                      2.2712 2.3772  
      filter:core/iir:feedforward:acc#9.cse                                                                                                    0.0000 2.3772  
      filter:core/iir:feedforward:conc#1                                                                                                       0.0000 2.3772  
      filter:core/iir:feedforward:conc#1.itm                                                                                                   0.0000 2.3772  
      filter:core/iir:feedforward:acc                             mgc_addc_32_0_32_0_32_7                                                      2.3429 4.7201  
      filter:core/iir:feedforward:acc.itm                                                                                                      0.0000 4.7201  
      filter:core/iir:iir:acc#1                                   mgc_addc_32_0_32_0_32_7                                                      2.3429 7.0629  
      filter:core/iir:iir:acc#1.itm                                                                                                            0.0000 7.0629  
      filter:core/reg(iir_output:rsci.idat)                       mgc_reg_pos_32_0_0_1_0_1_1_1                                                 0.0000 7.0629  
                                                                                                                                                              
    10                                                            filter:core/reg(iir:in_d3)             filter:core/reg(fir_output:rsci.idat) 7.0629 12.9371 
                                                                                                                                                              
      Instance                                                    Component                                                                    Delta  Delay   
      --------                                                    ---------                                                                    -----  -----   
      filter:core/reg(iir:in_d3)                                  mgc_reg_pos_32_0_0_1_0_1_1_1                                                 0.1060 0.1060  
      filter:core/iir:in_d3.sva                                                                                                                0.0000 0.1060  
      filter:core/in_d3:slc(iir:in_d3.sva)(30-0)                                                                                               0.0000 0.1060  
      filter:core/in_d3:slc(iir:in_d3.sva)(30-0).itm                                                                                           0.0000 0.1060  
      filter:core/iir:feedforward:acc#9                           mgc_addc_31_0_31_0_31_7                                                      2.2712 2.3772  
      filter:core/iir:feedforward:acc#9.cse                                                                                                    0.0000 2.3772  
      filter:core/fir:acc:conc                                                                                                                 0.0000 2.3772  
      filter:core/fir:acc:conc.itm                                                                                                             0.0000 2.3772  
      filter:core/fir:acc:acc#7                                   mgc_addc_32_0_32_0_32_7                                                      2.3429 4.7201  
      filter:core/fir:acc:acc#7.itm                                                                                                            0.0000 4.7201  
      filter:core/fir:acc:acc                                     mgc_addc_32_0_32_0_32_7                                                      2.3429 7.0629  
      filter:core/fir:acc:acc.itm                                                                                                              0.0000 7.0629  
      filter:core/reg(fir_output:rsci.idat)                       mgc_reg_pos_32_0_0_1_0_1_1_1                                                 0.0000 7.0629  
                                                                                                                                                              
    
  Register Input and Register-to-Output Slack
    Clock period or pin-to-reg delay constraint (clk): 20.0
    Clock uncertainty constraint (clk)               : 0.0
    
    Instance                                  Port                           Slack (Delay) Messages 
    ----------------------------------------- ---------------------------- ------- ------- --------
    filter:core/reg(iir_output:rsci.idat)     iir:iir:acc#1.itm            12.8264  7.1736          
    filter:core/reg(fir_output:rsci.idat)     fir:acc:acc.itm              12.8654  7.1346          
    filter:core/reg(iir_output.triosy:obj.ld) fir:acc:iir_output:not#1.itm 19.9610  0.0390          
    filter:core/reg(iir:in_d1)                iir:in_d0.sva                12.8654  7.1346          
    filter:core/reg(iir:feedforward:asn#1)    iir:in_d3.sva                12.9371  7.0629          
    filter:core/reg(out_d2:asn)               iir:out_d2.sva               12.8654  7.1346          
    filter:core/reg(iir:in_d0)                input:rsci.idat              12.9714  7.0286          
    filter:core/reg(iir:out_d2)               iir:out_d1.sva               19.8940  0.1060          
    filter:core/reg(iir:out_d1)               iir_output:rsci.idat         19.8940  0.1060          
    filter:core/reg(iir:in_d3)                iir:in_d2.sva                19.8940  0.1060          
    filter:core/reg(iir:in_d2)                iir:in_d1.sva                12.8654  7.1346          
    filter                                    input.triosy.lz              19.8940  0.1060          
    filter                                    fir_output:rsc.dat           19.8940  0.1060          
    filter                                    fir_output.triosy.lz         19.8940  0.1060          
    filter                                    iir_output:rsc.dat           19.8940  0.1060          
    filter                                    iir_output.triosy.lz         19.8940  0.1060          
    
Operator Bitwidth Summary
  Operation  Size (bits) Count 
  ---------- ----------- -----
  add                          
  -                   32     9 
  -                   31     1 
  not                          
  -                   32     1 
  -                    1     9 
  read_port                    
  -                   32     1 
  read_sync                    
  -                    0     3 
  reg                          
  -                   32    10 
  -                    1     1 
  write_port                   
  -                    0     2 
  
End of Report
