o3-mini runs: 27
o3-mini input tokens: 45898
o3-mini output tokens: 67001
# of functions: 4
HLS runs: 29
Compile runs: 44
Time for c2hlsc:  1710929
Time for agent:  382097
Agent sequence:  ['synthesis: fill_matrix 0, reverse_string 0, traceback 1, needwun 0', 'synthesis: fill_matrix 0, reverse_string 0, traceback 0, needwun 0', 'synthesis: fill_matrix 2, reverse_string 0, traceback 0, needwun 0', "python: '''from ortools.linear_solver import pywraplp", 'solution: fill_matrix 0, reverse_string 0, traceback 0, needwun 0']
Agent synthesis calls:  3
Agent python calls:  1
Agent profile calls:  0
Agent inspect calls:  0
Agent solution calls:  1
Seconds lost due to API down:  0
  Process       Real Operation(s) count Latency Throughput Reset Length II Comments 

  ------------- ----------------------- ------- ---------- ------------ -- --------

  /needwun/core                    1201    1303       1375            0  0        ? 

  Design Total:                    1201    1303       1375            0  0          

                     Post-Scheduling   Post-DP & FSM Post-Assignment 

  ----------------- ---------------- --------------- ---------------

  Total Area Score:   68744.0         12172.7         12193.4        

  Total Reg:           7909.8  (12%)   4868.1  (40%)   4868.1  (40%) 

