o3-mini runs: 29
o3-mini input tokens: 66439
o3-mini output tokens: 89984
# of functions: 4
HLS runs: 31
Compile runs: 42
Time for c2hlsc:  1898356
Time for agent:  735940
Agent sequence:  ["python: '''import math", 'synthesis: fill_matrix 3, reverse_string 1, traceback 3, needwun 0', 'synthesis: fill_matrix 3, reverse_string 1, traceback 3, needwun 0', 'synthesis: fill_matrix 0, reverse_string 1, traceback 3, needwun 0', 'synthesis: fill_matrix 3, reverse_string 0, traceback 3, needwun 0', 'synthesis: fill_matrix 3, reverse_string 1, traceback 3, needwun 0', 'synthesis: fill_matrix 3, reverse_string 2, traceback 3, needwun 0', 'solution: fill_matrix 3, reverse_string 0, traceback 3, needwun 0']
Agent synthesis calls:  6
Agent python calls:  1
Agent profile calls:  0
Agent inspect calls:  0
Agent solution calls:  1
Seconds lost due to API down:  0
  Process       Real Operation(s) count Latency Throughput Reset Length II Comments 

  ------------- ----------------------- ------- ---------- ------------ -- --------

  /needwun/core                    1267     261        334            0  0        ? 

  Design Total:                    1267     261        334            0  0          

                     Post-Scheduling   Post-DP & FSM Post-Assignment 

  ----------------- ---------------- --------------- ---------------

  Total Area Score:   72187.9         13370.4         12142.1        

  Total Reg:           7475.7  (10%)   4455.7  (33%)   4455.7  (37%) 

