o3-mini runs: 18
o3-mini input tokens: 25336
o3-mini output tokens: 53509
# of functions: 3
HLS runs: 20
Compile runs: 30
Time for c2hlsc:  713243
Time for agent:  120094
Agent sequence:  ['synthesis: CPF 3, kmp_process 3, kmp 3', 'synthesis: CPF 3, kmp_process 0, kmp 0', 'solution: CPF 3, kmp_process 0, kmp 0']
Agent synthesis calls:  2
Agent python calls:  0
Agent profile calls:  0
Agent inspect calls:  0
Agent solution calls:  1
Seconds lost due to API down:  0
  Process       Real Operation(s) count Latency Throughput Reset Length II Comments 

  ------------- ----------------------- ------- ---------- ------------ -- --------

  /kmp/core                          49    1022       1023            1  0        ? 

  Design Total:                      49    1022       1023            1  0          

                    Post-Scheduling  Post-DP & FSM Post-Assignment 

  ----------------- --------------- -------------- ---------------

  Total Area Score:   9646.0         1744.3          1405.9        

  Total Reg:          1513.0  (16%)   628.9  (36%)    628.9  (45%) 

