o3-mini runs: 30
o3-mini input tokens: 95097
o3-mini output tokens: 90263
# of functions: 4
HLS runs: 26
Compile runs: 40
Time for c2hlsc:  1572573
Time for agent:  302555
Agent sequence:  ['synthesis: fibonacci 0, odd_sum 1, even_sum 1, compute5 0', 'synthesis: fibonacci 1, odd_sum 1, even_sum 1, compute5 0', "python: ''' ", "python: ''' ", "python: '''", "python: '''", "python: '''", "python: '''", "python: '''", 'solution: fibonacci 1, odd_sum 1, even_sum 1, compute5 0']
Agent synthesis calls:  2
Agent python calls:  7
Agent profile calls:  0
Agent inspect calls:  0
Agent solution calls:  1
Seconds lost due to API down:  0
  Process        Real Operation(s) count Latency Throughput Reset Length II Comments 

  -------------- ----------------------- ------- ---------- ------------ -- --------

  /compute5/core                      68      28         32            0  0        ? 

  Design Total:                       68      28         32            0  0          

                    Post-Scheduling   Post-DP & FSM Post-Assignment 

  ----------------- --------------- --------------- ---------------

  Total Area Score:  10493.7         10927.9          7050.2        

  Total Reg:          3511.2  (33%)   2308.3  (21%)   2308.3  (33%) 

