o3-mini runs: 20
o3-mini input tokens: 23944
o3-mini output tokens: 44820
# of functions: 3
HLS runs: 22
Compile runs: 30
Time for c2hlsc:  741987
Time for agent:  178616
Agent sequence:  ['synthesis: odd_factorial 0, even_sum 1, compute1 0', 'synthesis: odd_factorial 0, even_sum 0, compute1 0', 'synthesis: odd_factorial 0, even_sum 3, compute1 0', 'synthesis: odd_factorial 0, even_sum 2, compute1 0', 'solution: odd_factorial 0, even_sum 1, compute1 0']
Agent synthesis calls:  4
Agent python calls:  0
Agent profile calls:  0
Agent inspect calls:  0
Agent solution calls:  1
Seconds lost due to API down:  0
  Process        Real Operation(s) count Latency Throughput Reset Length II Comments 

  -------------- ----------------------- ------- ---------- ------------ -- --------

  /compute1/core                      14       3          4            0  0        ? 

  Design Total:                       14       3          4            0  0          

                    Post-Scheduling   Post-DP & FSM Post-Assignment 

  ----------------- --------------- --------------- ---------------

  Total Area Score:   6410.5          6778.1          3820.3        

  Total Reg:           804.4  (13%)    838.2  (12%)    838.2  (22%) 

