o3-mini runs: 23
o3-mini input tokens: 29283
o3-mini output tokens: 53854
# of functions: 3
HLS runs: 24
Compile runs: 30
Time for c2hlsc:  1000040
Time for agent:  217317
Agent sequence:  ['synthesis: odd_factorial 0, even_sum 1, compute2 0', 'synthesis: odd_factorial 0, even_sum 1, compute2 0', 'inspect: odd_factorial 0, even_sum 1, compute2 0', 'synthesis: odd_factorial 0, even_sum 0, compute2 0', 'synthesis: odd_factorial 0, even_sum 1, compute2 0', 'synthesis: odd_factorial 0, even_sum 0, compute2 0', 'synthesis: odd_factorial 2, even_sum 1, compute2 0', 'solution: odd_factorial 0, even_sum 0, compute2 0']
Agent synthesis calls:  6
Agent python calls:  0
Agent profile calls:  0
Agent inspect calls:  1
Agent solution calls:  1
  Process        Real Operation(s) count Latency Throughput Reset Length II Comments 

  -------------- ----------------------- ------- ---------- ------------ -- --------

  /compute2/core                      21       5          6            0  0        ? 

  Design Total:                       21       5          6            0  0          

                    Post-Scheduling   Post-DP & FSM Post-Assignment 

  ----------------- --------------- --------------- ---------------

  Total Area Score:   4159.1          5004.0          4297.1        

  Total Reg:          1008.7  (24%)   1040.7  (21%)   1040.7  (24%) 

