o3-mini runs: 20
o3-mini input tokens: 32362
o3-mini output tokens: 59340
# of functions: 3
HLS runs: 22
Compile runs: 30
Time for c2hlsc:  779300
Time for agent:  195190
Agent sequence:  ["python: '''", 'synthesis: CPF 4, kmp_process 2, kmp 0', 'synthesis: CPF 4, kmp_process 2, kmp 4', 'synthesis: CPF 4, kmp_process 4, kmp 0', 'solution: CPF 4, kmp_process 2, kmp 4']
Agent synthesis calls:  3
Agent python calls:  1
Agent profile calls:  0
Agent inspect calls:  0
Agent solution calls:  1
  Process       Real Operation(s) count Latency Throughput Reset Length II Comments 

  ------------- ----------------------- ------- ---------- ------------ -- --------

  /kmp/core                          66     413        415            0  0          

  Design Total:                      66     413        415            0  0          

                    Post-Scheduling  Post-DP & FSM Post-Assignment 

  ----------------- --------------- -------------- ---------------

  Total Area Score:   9524.0         3048.4          2109.0        

  Total Reg:          1034.2  (11%)  1008.8  (33%)   1008.8  (48%) 

